Component: ARM Compiler 5.06 update 7 (build 960) Tool: armlink [4d3601]

==============================================================================

Section Cross References

    main.o(i.ble_mem_init_config) refers to patch.o(_func_xip_code_.LL_InitConnectContext) for LL_InitConnectContext
    main.o(i.ble_mem_init_config) refers to linkdb.o(i.Host_InitContext) for Host_InitContext
    main.o(i.ble_mem_init_config) refers to main.o(.bss) for .bss
    main.o(i.ble_mem_init_config) refers to main.o(.data) for .data
    main.o(i.hal_low_power_io_init) refers to gpio.o(i.hal_gpio_pull_set) for hal_gpio_pull_set
    main.o(i.hal_low_power_io_init) refers to pwrmgr.o(i.hal_pwrmgr_RAM_retention) for hal_pwrmgr_RAM_retention
    main.o(i.hal_low_power_io_init) refers to pwrmgr.o(i.hal_pwrmgr_RAM_retention_set) for hal_pwrmgr_RAM_retention_set
    main.o(i.hal_low_power_io_init) refers to pwrmgr.o(i.hal_pwrmgr_LowCurrentLdo_enable) for hal_pwrmgr_LowCurrentLdo_enable
    main.o(i.hal_low_power_io_init) refers to main.o(.constdata) for .constdata
    main.o(i.hal_rfphy_init) refers to clock.o(i.hal_rc32k_clk_tracking_init) for hal_rc32k_clk_tracking_init
    main.o(i.hal_rfphy_init) refers to patch.o(i.hal_rom_boot_init) for hal_rom_boot_init
    main.o(i.hal_rfphy_init) refers to main.o(i.__NVIC_SetPriority) for __NVIC_SetPriority
    main.o(i.hal_rfphy_init) refers to main.o(i.ble_mem_init_config) for ble_mem_init_config
    main.o(i.hal_rfphy_init) refers to clock.o(_section_xip_code_) for hal_rfPhyFreqOff_Set
    main.o(i.main) refers to watchdog.o(i.watchdog_config) for watchdog_config
    main.o(i.main) refers to patch.o(_section_xip_code_) for init_config
    main.o(i.main) refers to patch.o(_func_xip_code_.ll_patch_slave) for ll_patch_slave
    main.o(i.main) refers to main.o(i.hal_rfphy_init) for hal_rfphy_init
    main.o(i.main) refers to main.o(i.hal_low_power_io_init) for hal_low_power_io_init
    main.o(i.main) refers to patch.o(i.clk_init) for clk_init
    main.o(i.main) refers to clock.o(i.hal_rtc_clock_config) for hal_rtc_clock_config
    main.o(i.main) refers to pwrmgr.o(i.hal_pwrmgr_init) for hal_pwrmgr_init
    main.o(i.main) refers to flash.o(i.hal_spif_cache_init) for hal_spif_cache_init
    main.o(i.main) refers to my_printf.o(i.dbg_printf_init) for dbg_printf_init
    main.o(i.main) refers to gpio.o(i.hal_gpio_init) for hal_gpio_init
    main.o(i.main) refers to gpio.o(i.hal_gpio_read) for hal_gpio_read
    main.o(i.main) refers to rf_phy_driver.o(i.rf_phy_direct_test) for rf_phy_direct_test
    main.o(i.main) refers to my_printf.o(i.dbg_printf) for dbg_printf
    main.o(i.main) refers to simplebleperipheral_main.o(i.app_main) for app_main
    main.o(i.main) refers to main.o(.data) for .data
    main.o(i.main) refers to main.o(.constdata) for .constdata
    main.o(i.main) refers to rf_phy_driver.o(.data) for g_dtmManualConfig
    main.o(i.main) refers to main.o(.conststring) for .conststring
    uart.o(_section_sram_code_) refers to pwrmgr.o(i.hal_pwrmgr_unlock) for hal_pwrmgr_unlock
    uart.o(_section_sram_code_) refers to uart.o(.bss) for .bss
    uart.o(_section_sram_code_) refers to uart.o(.constdata) for .constdata
    uart.o(i.hal_UART0_IRQHandler) refers to uart.o(_section_sram_code_) for irq_rx_handler
    uart.o(i.hal_UART1_IRQHandler) refers to uart.o(_section_sram_code_) for irq_rx_handler
    uart.o(i.hal_uart_deinit) refers to uart.o(i.uart_hw_deinit) for uart_hw_deinit
    uart.o(i.hal_uart_deinit) refers to pwrmgr.o(i.hal_pwrmgr_unregister) for hal_pwrmgr_unregister
    uart.o(i.hal_uart_deinit) refers to uart.o(.bss) for .bss
    uart.o(i.hal_uart_get_parity_plan) refers to uart.o(.data) for .data
    uart.o(i.hal_uart_get_tx_ready) refers to uart.o(.bss) for .bss
    uart.o(i.hal_uart_init) refers to uart.o(i.uart_hw_init) for uart_hw_init
    uart.o(i.hal_uart_init) refers to pwrmgr.o(i.hal_pwrmgr_register) for hal_pwrmgr_register
    uart.o(i.hal_uart_init) refers to uart.o(.bss) for .bss
    uart.o(i.hal_uart_init) refers to uart.o(i.uart_wakeup_process_1) for uart_wakeup_process_1
    uart.o(i.hal_uart_init) refers to uart.o(i.uart_wakeup_process_0) for uart_wakeup_process_0
    uart.o(i.hal_uart_send_buff) refers to uart.o(i.txmit_buf_use_tx_buf) for txmit_buf_use_tx_buf
    uart.o(i.hal_uart_send_buff) refers to uart.o(i.txmit_buf_polling) for txmit_buf_polling
    uart.o(i.hal_uart_send_buff) refers to uart.o(.bss) for .bss
    uart.o(i.hal_uart_send_buff_simple) refers to uart.o(i.hal_uart_send_byte) for hal_uart_send_byte
    uart.o(i.hal_uart_send_byte_to_ascii) refers to uart.o(i.hal_uart_send_buff) for hal_uart_send_buff
    uart.o(i.hal_uart_set_parity_plan) refers to uart.o(.data) for .data
    uart.o(i.hal_uart_set_tx_buf) refers to uart.o(.bss) for .bss
    uart.o(i.txmit_buf_use_tx_buf) refers to pwrmgr.o(i.hal_pwrmgr_lock) for hal_pwrmgr_lock
    uart.o(i.txmit_buf_use_tx_buf) refers to uart.o(.bss) for .bss
[...]
    0x1fff3ac4   0x1fff3ac4   0x0000006c   Code   RO         1198    i.hal_flash_read    flash.o
    0x1fff3b30   0x1fff3b30   0x000000ac   Code   RO         1199    i.hal_flash_write   flash.o
    0x1fff3bdc   0x1fff3bdc   0x00000108   Code   RO         1403    i.hal_fs_garbage_collect  fs.o
    0x1fff3ce4   0x1fff3ce4   0x00000048   Code   RO         1404    i.hal_fs_get_free_size  fs.o
    0x1fff3d2c   0x1fff3d2c   0x00000038   Code   RO         1405    i.hal_fs_get_garbage_size  fs.o
    0x1fff3d64   0x1fff3d64   0x000000a4   Code   RO         1408    i.hal_fs_item_del   fs.o
    0x1fff3e08   0x1fff3e08   0x00000024   Code   RO         1409    i.hal_fs_item_find_id  fs.o
    0x1fff3e2c   0x1fff3e2c   0x000000ac   Code   RO         1410    i.hal_fs_item_read  fs.o
    0x1fff3ed8   0x1fff3ed8   0x00000148   Code   RO         1411    i.hal_fs_item_write  fs.o
    0x1fff4020   0x1fff4020   0x0000006c   Code   RO            5    i.hal_low_power_io_init  main.o
    0x1fff408c   0x1fff408c   0x00000004   Code   RO          799    i.hal_pwrmgr_LowCurrentLdo_enable  pwrmgr.o
    0x1fff4090   0x1fff4090   0x00000018   Code   RO          800    i.hal_pwrmgr_RAM_retention  pwrmgr.o
    0x1fff40a8   0x1fff40a8   0x00000014   Code   RO          801    i.hal_pwrmgr_RAM_retention_clr  pwrmgr.o
    0x1fff40bc   0x1fff40bc   0x00000020   Code   RO          802    i.hal_pwrmgr_RAM_retention_set  pwrmgr.o
    0x1fff40dc   0x1fff40dc   0x00000030   Code   RO          804    i.hal_pwrmgr_init   pwrmgr.o
    0x1fff410c   0x1fff410c   0x00000058   Code   RO          806    i.hal_pwrmgr_lock   pwrmgr.o
    0x1fff4164   0x1fff4164   0x0000003c   Code   RO          808    i.hal_pwrmgr_register  pwrmgr.o
    0x1fff41a0   0x1fff41a0   0x00000004   Code   RO          809    i.hal_pwrmgr_sleep_process  pwrmgr.o
    0x1fff41a4   0x1fff41a4   0x00000068   Code   RO          810    i.hal_pwrmgr_unlock  pwrmgr.o
    0x1fff420c   0x1fff420c   0x00000004   Code   RO          812    i.hal_pwrmgr_wakeup_process  pwrmgr.o
    0x1fff4210   0x1fff4210   0x00000024   Code   RO          400    i.hal_rc32k_clk_tracking_init  clock.o
    0x1fff4234   0x1fff4234   0x0000006c   Code   RO            6    i.hal_rfphy_init    main.o
    0x1fff42a0   0x1fff42a0   0x0000000c   Code   RO         2707    i.hal_rom_boot_init  rf.lib(patch.o)
    0x1fff42ac   0x1fff42ac   0x00000084   Code   RO          401    i.hal_rtc_clock_config  clock.o
    0x1fff4330   0x1fff4330   0x00000020   Code   RO         1202    i.hal_spif_cache_init  flash.o
    0x1fff4350   0x1fff4350   0x00000010   Code   RO         2709    i.hal_system_clock_change_process  rf.lib(patch.o)
    0x1fff4360   0x1fff4360   0x00000024   Code   RO          402    i.hal_system_soft_reset  clock.o
    0x1fff4384   0x1fff4384   0x00000064   Code   RO          230    i.hal_uart_init     uart.o
    0x1fff43e8   0x1fff43e8   0x00000020   Code   RO          231    i.hal_uart_send_buff  uart.o
    0x1fff4408   0x1fff4408   0x0000004c   Code   RO          233    i.hal_uart_send_byte  uart.o
    0x1fff4454   0x1fff4454   0x000000a8   Code   RO         1203    i.hw_spif_cache_config  flash.o
    0x1fff44fc   0x1fff44fc   0x00000010   Code   RO         2712    i.isTimer5Running   rf.lib(patch.o)
    0x1fff450c   0x1fff450c   0x000000b8   Code   RO         3756    i.lib_efuse_load    rf.lib(lib_efuse3.o)
    0x1fff45c4   0x1fff45c4   0x00000030   Code   RO         2723    i.llProcessSlaveControlPacket1  rf.lib(patch.o)
    0x1fff45f4   0x1fff45f4   0x00000014   Code   RO         2724    i.llProcessTxData1  rf.lib(patch.o)
    0x1fff4608   0x1fff4608   0x000000b2   Code   RO         2725    i.llReleaseConnId1  rf.lib(patch.o)
    0x1fff46ba   0x1fff46ba   0x00000002   PAD
    0x1fff46bc   0x1fff46bc   0x00000034   Code   RO         2727    i.llSetupNextSlaveEvent1  rf.lib(patch.o)
    0x1fff46f0   0x1fff46f0   0x00000040   Code   RO         2730    i.llSetupStartEncRsp  rf.lib(patch.o)
    0x1fff4730   0x1fff4730   0x00000058   Code   RO         2731    i.llSlaveEvt_TaskEndOk1  rf.lib(patch.o)
    0x1fff4788   0x1fff4788   0x0000009c   Code   RO         2732    i.llWriteTxData1    rf.lib(patch.o)
    0x1fff4824   0x1fff4824   0x000000dc   Code   RO         2734    i.ll_adptive_adj_next_time1  rf.lib(patch.o)
    0x1fff4900   0x1fff4900   0x0000023c   Code   RO         2737    i.ll_generateTxBuffer1  rf.lib(patch.o)
    0x1fff4b3c   0x1fff4b3c   0x0000024c   Code   RO         2738    i.ll_hw_go1         rf.lib(patch.o)
    0x1fff4d88   0x1fff4d88   0x000000d8   Code   RO         2740    i.ll_hw_read_tfifo_rtlp1  rf.lib(patch.o)
    0x1fff4e60   0x1fff4e60   0x00000064   Code   RO         2748    i.ll_patch_restore  rf.lib(patch.o)
    0x1fff4ec4   0x1fff4ec4   0x00000018   Code   RO         2750    i.ll_processBasicIRQ_SRX  rf.lib(patch.o)
    0x1fff4edc   0x1fff4edc   0x00000018   Code   RO         2752    i.ll_processBasicIRQ_ScanTRX  rf.lib(patch.o)
    0x1fff4ef4   0x1fff4ef4   0x00000018   Code   RO         2754    i.ll_processBasicIRQ_secScanTRX  rf.lib(patch.o)
    0x1fff4f0c   0x1fff4f0c   0x00000018   Code   RO         2756    i.ll_processBasicIRQ_secondaryAdvSTX  rf.lib(patch.o)
    0x1fff4f24   0x1fff4f24   0x00000018   Code   RO         2758    i.ll_processBasicIRQ_secondaryAdvTRX  rf.lib(patch.o)
    0x1fff4f3c   0x1fff4f3c   0x00000018   Code   RO         2761    i.ll_processBasicIRQ_secondaryInitSRX  rf.lib(patch.o)
    0x1fff4f54   0x1fff4f54   0x00000018   Code   RO         2763    i.ll_processBasicIRQ_secondaryScanSRX  rf.lib(patch.o)
    0x1fff4f6c   0x1fff4f6c   0x0000005c   Code   RO         2769    i.ll_scheduler_singleconn  rf.lib(patch.o)
    0x1fff4fc8   0x1fff4fc8   0x00000048   Code   RO         2770    i.llbuf_alloc_time_statics  rf.lib(patch.o)
    0x1fff5010   0x1fff5010   0x00000198   Code   RO            7    i.main              main.o
    0x1fff51a8   0x1fff51a8   0x0000005c   Code   RO         2772    i.move_to_slave_function1  rf.lib(patch.o)
    0x1fff5204   0x1fff5204   0x00000080   Code   RO         2353    i.osalInitTasks     osal_simplebleperipheral.o
    0x1fff5284   0x1fff5284   0x00000018   Code   RO         2775    i.osal_idle_task0   rf.lib(patch.o)
    0x1fff529c   0x1fff529c   0x00000038   Code   RO         2779    i.osal_search_active_task  rf.lib(patch.o)
    0x1fff52d4   0x1fff52d4   0x00000004   Code   RO         1144    i.osal_snv_compact  osal_snv.o
    0x1fff52d8   0x1fff52d8   0x00000058   Code   RO         1146    i.osal_snv_read     osal_snv.o
    0x1fff5330   0x1fff5330   0x00000074   Code   RO         1147    i.osal_snv_write    osal_snv.o
    0x1fff53a4   0x1fff53a4   0x00000098   Code   RO         2780    i.patch_linkBuf_init  rf.lib(patch.o)
    0x1fff543c   0x1fff543c   0x00000080   Code   RO         2949    i.rc32k_calibration  rf.lib(rf_phy_driver.o)
    0x1fff54bc   0x1fff54bc   0x00000058   Code   RO         2781    i.rc32k_cap_cal     rf.lib(patch.o)
    0x1fff5514   0x1fff5514   0x0000000c   Code   RO         2783    i.read_TIM5_remainder_timer  rf.lib(patch.o)
    0x1fff5520   0x1fff5520   0x0000000c   Code   RO         2950    i.rf_calibrate1     rf.lib(rf_phy_driver.o)
    0x1fff552c   0x1fff552c   0x0000011c   Code   RO         2951    i.rf_phy_ana_cfg    rf.lib(rf_phy_driver.o)
    0x1fff5648   0x1fff5648   0x000001ac   Code   RO         2952    i.rf_phy_bb_cfg     rf.lib(rf_phy_driver.o)
    0x1fff57f4   0x1fff57f4   0x000000a8   Code   RO         2953    i.rf_phy_change_cfg0  rf.lib(rf_phy_driver.o)
    0x1fff589c   0x1fff589c   0x00000030   Code   RO         2968    i.rf_phy_get_pktFoot  rf.lib(rf_phy_driver.o)
    0x1fff58cc   0x1fff58cc   0x0000003c   Code   RO         2970    i.rf_phy_ini        rf.lib(rf_phy_driver.o)
    0x1fff5908   0x1fff5908   0x00000074   Code   RO         2971    i.rf_phy_set_txPower  rf.lib(rf_phy_driver.o)
    0x1fff597c   0x1fff597c   0x000000c0   Code   RO         2974    i.rf_tpCal_cfg_avg  rf.lib(rf_phy_driver.o)
    0x1fff5a3c   0x1fff5a3c   0x0000004c   Code   RO         2975    i.rf_tpCal_gen_cap_arrary  rf.lib(rf_phy_driver.o)
    0x1fff5a88   0x1fff5a88   0x0000011c   Code   RO         2976    i.rf_tp_cal         rf.lib(rf_phy_driver.o)
    0x1fff5ba4   0x1fff5ba4   0x0000006c   Code   RO          237    i.txmit_buf_polling  uart.o
    0x1fff5c10   0x1fff5c10   0x000000bc   Code   RO          238    i.txmit_buf_use_tx_buf  uart.o
    0x1fff5ccc   0x1fff5ccc   0x00000080   Code   RO          239    i.uart_hw_deinit    uart.o
    0x1fff5d4c   0x1fff5d4c   0x00000174   Code   RO          240    i.uart_hw_init      uart.o
    0x1fff5ec0   0x1fff5ec0   0x0000000a   Code   RO          241    i.uart_wakeup_process_0  uart.o
    0x1fff5eca   0x1fff5eca   0x0000000a   Code   RO          242    i.uart_wakeup_process_1  uart.o
    0x1fff5ed4   0x1fff5ed4   0x00000024   Code   RO         2531    i.ucParamInit       param.o
    0x1fff5ef8   0x1fff5ef8   0x0000009c   Code   RO         2532    i.ucParamRead       param.o
    0x1fff5f94   0x1fff5f94   0x000000ac   Code   RO         2533    i.ucParamWrite      param.o
    0x1fff6040   0x1fff6040   0x00000010   Code   RO         2534    i.vGeneralFlashRead  param.o
    0x1fff6050   0x1fff6050   0x00000010   Code   RO         2535    i.vGeneralFlashWrite  param.o
    0x1fff6060   0x1fff6060   0x00000208   Code   RO         2785    i.wakeupProcess1    rf.lib(patch.o)
    0x1fff6268   0x1fff6268   0x00000154   Code   RO         2786    i.wakeup_init1      rf.lib(patch.o)
    0x1fff63bc   0x1fff63bc   0x00000028   Code   RO          756    i.watchdog_config   watchdog.o
    0x1fff63e4   0x1fff63e4   0x00000032   Data   RO            9    .constdata          main.o
    0x1fff6416   0x1fff6416   0x00000002   PAD
    0x1fff6418   0x1fff6418   0x0000000c   Data   RO          244    .constdata          uart.o
    0x1fff6424   0x1fff6424   0x00000034   Data   RO         2354    .constdata          osal_simplebleperipheral.o
    0x1fff6458   0x1fff6458   0x00000001   Data   RO         2355    .constdata          osal_simplebleperipheral.o
    0x1fff6459   0x1fff6459   0x00000003   PAD
    0x1fff645c   0x1fff645c   0x00000028   Data   RO         2487    .constdata          usertask.o
    0x1fff6484   0x1fff6484   0x00000020   Data   RO         2788    .constdata          rf.lib(patch.o)
    0x1fff64a4   0x1fff64a4   0x00000054   Data   RO           10    .conststring        main.o
    0x1fff64f8   0x1fff64f8   0x00000060   Data   RO         4453    Region$$Table       anon$$obj.o
    0x1fff6558   0x1fff6558   0x00000014   Data   RW           11    .data               main.o
    0x1fff656c   0x1fff656c   0x00000002   Data   RW          245    .data               uart.o
    0x1fff656e   0x1fff656e   0x00000002   PAD
    0x1fff6570   0x1fff6570   0x00000004   Data   RW          669    .data               timer.o
    0x1fff6574   0x1fff6574   0x00000001   Data   RW          757    .data               watchdog.o
    0x1fff6575   0x1fff6575   0x00000003   PAD
    0x1fff6578   0x1fff6578   0x00000011   Data   RW          814    .data               pwrmgr.o
    0x1fff6589   0x1fff6589   0x00000003   PAD
    0x1fff658c   0x1fff658c   0x00000008   Data   RW          931    .data               my_printf.o
    0x1fff6594   0x1fff6594   0x0000000f   Data   RW         1205    .data               flash.o
    0x1fff65a3   0x1fff65a3   0x00000001   PAD
    0x1fff65a4   0x1fff65a4   0x00000008   Data   RW         1413    .data               fs.o
    0x1fff65ac   0x1fff65ac   0x00000028   Data   RW         1553    .data               gapbondmgr.o
    0x1fff65d4   0x1fff65d4   0x00000080   Data   RW         1728    .data               gapgattserver.o
    0x1fff6654   0x1fff6654   0x00000001   Data   RW         1729    .data               gapgattserver.o
    0x1fff6655   0x1fff6655   0x00000001   Data   RW         1730    .data               gapgattserver.o
    0x1fff6656   0x1fff6656   0x00000001   Data   RW         1731    .data               gapgattserver.o
    0x1fff6657   0x1fff6657   0x00000001   PAD
    0x1fff6658   0x1fff6658   0x00000061   Data   RW         1807    .data               peripheral.o
    0x1fff66b9   0x1fff66b9   0x00000003   PAD
    0x1fff66bc   0x1fff66bc   0x00000060   Data   RW         1931    .data               gattservapp.o
    0x1fff671c   0x1fff671c   0x00000001   Data   RW         1932    .data               gattservapp.o
    0x1fff671d   0x1fff671d   0x00000001   Data   RW         2141    .data               ota_app_service.o
    0x1fff671e   0x1fff671e   0x00000001   Data   RW         2142    .data               ota_app_service.o
    0x1fff671f   0x1fff671f   0x00000001   Data   RW         2143    .data               ota_app_service.o
    0x1fff6720   0x1fff6720   0x00000001   Data   RW         2144    .data               ota_app_service.o
    0x1fff6721   0x1fff6721   0x00000003   PAD
    0x1fff6724   0x1fff6724   0x0000006c   Data   RW         2145    .data               ota_app_service.o
    0x1fff6790   0x1fff6790   0x000000f8   Data   RW         2251    .data               sbpprofile_ota.o
    0x1fff6888   0x1fff6888   0x00000001   Data   RW         2252    .data               sbpprofile_ota.o
    0x1fff6889   0x1fff6889   0x00000007   Data   RW         2253    .data               sbpprofile_ota.o
    0x1fff6890   0x1fff6890   0x00000001   Data   RW         2254    .data               sbpprofile_ota.o
    0x1fff6891   0x1fff6891   0x00000007   Data   RW         2255    .data               sbpprofile_ota.o
    0x1fff6898   0x1fff6898   0x00000001   Data   RW         2256    .data               sbpprofile_ota.o
    0x1fff6899   0x1fff6899   0x00000008   Data   RW         2257    .data               sbpprofile_ota.o
    0x1fff68a1   0x1fff68a1   0x00000001   Data   RW         2258    .data               sbpprofile_ota.o
    0x1fff68a2   0x1fff68a2   0x0000000b   Data   RW         2259    .data               sbpprofile_ota.o
    0x1fff68ad   0x1fff68ad   0x00000003   PAD
    0x1fff68b0   0x1fff68b0   0x00000004   Data   RW         2321    .data               jump_table.o
    0x1fff68b4   0x1fff68b4   0x00000004   Data   RW         2356    .data               osal_simplebleperipheral.o
    0x1fff68b8   0x1fff68b8   0x00000073   Data   RW         2406    .data               simplebleperipheral.o
    0x1fff692b   0x1fff692b   0x00000002   Data   RW         2488    .data               usertask.o
    0x1fff692d   0x1fff692d   0x00000003   PAD
    0x1fff6930   0x1fff6930   0x00000014   Data   RW         2539    .data               param.o
    0x1fff6944   0x1fff6944   0x00000004   Data   RW         2602    .data               system_armcm0.o
    0x1fff6948   0x1fff6948   0x00000048   Data   RW         2791    .data               rf.lib(patch.o)
    0x1fff6990   0x1fff6990   0x00000008   Data   RW         2978    .data               rf.lib(rf_phy_driver.o)
    0x1fff6998   0x1fff6998   0x00000001   Data   RW         3024    .data               rf.lib(phy_sec_ext.o)
    0x1fff6999   0x1fff6999   0x00000003   PAD
    0x1fff699c   0x1fff699c   0x0000000c   Data   RW         3129    .data               ble_host.lib(att_util.o)
    0x1fff69a8   0x1fff69a8   0x00000004   Data   RW         3130    .data               ble_host.lib(att_util.o)
    0x1fff69ac   0x1fff69ac   0x0000005a   Data   RW         3214    .data               ble_host.lib(gap_configmgr.o)
    0x1fff6a06   0x1fff6a06   0x00000002   PAD
    0x1fff6a08   0x1fff6a08   0x00000008   Data   RW         3245    .data               ble_host.lib(gap_devmgr.o)
    0x1fff6a10   0x1fff6a10   0x00000010   Data   RW         3279    .data               ble_host.lib(gap_linkmgr.o)
    0x1fff6a20   0x1fff6a20   0x0000001c   Data   RW         3331    .data               ble_host.lib(gap_peridevmgr.o)
    0x1fff6a3c   0x1fff6a3c   0x0000000c   Data   RW         3373    .data               ble_host.lib(gap_task.o)
    0x1fff6a48   0x1fff6a48   0x0000000c   Data   RW         3418    .data               ble_host.lib(gatt_server.o)
    0x1fff6a54   0x1fff6a54   0x0000000c   Data   RW         3464    .data               ble_host.lib(gatt_task.o)
    0x1fff6a60   0x1fff6a60   0x00000001   Data   RW         3496    .data               ble_host.lib(l2cap_if.o)
    0x1fff6a61   0x1fff6a61   0x00000001   Data   RW         3517    .data               ble_host.lib(l2cap_task.o)
    0x1fff6a62   0x1fff6a62   0x00000002   PAD
    0x1fff6a64   0x1fff6a64   0x0000000c   Data   RW         3541    .data               ble_host.lib(linkdb.o)
    0x1fff6a70   0x1fff6a70   0x0000000c   Data   RW         3573    .data               ble_host.lib(sm_rsppairing.o)
    0x1fff6a7c   0x1fff6a7c   0x00000001   Data   RW         3595    .data               ble_host.lib(sm_task.o)
    0x1fff6a7d   0x1fff6a7d   0x00000003   PAD
    0x1fff6a80   0x1fff6a80   0x00000008   Data   RW         3766    .data               rf.lib(lib_efuse3.o)
    0x1fff6a88   0x1fff6a88   0x00000008   Data   RW         3824    .data               ble_host.lib(gatt_client.o)
    0x1fff6a90   0x1fff6a90   0x0000000c   Data   RW         3908    .data               ble_host.lib(l2cap_util.o)
    0x1fff6a9c   0x1fff6a9c   0x00000004   Data   RW         3975    .data               ble_host.lib(sm_mgr.o)
    0x1fff6aa0   0x1fff6aa0   0x0000000c   Data   RW         4034    .data               ble_host.lib(sm_pairing.o)
    0x1fff6aac        -       0x00001250   Zero   RW            8    .bss                main.o
    0x1fff7cfc        -       0x00000040   Zero   RW          243    .bss                uart.o
    0x1fff7d3c        -       0x00000130   Zero   RW          515    .bss                gpio.o
    0x1fff7e6c        -       0x00000084   Zero   RW          813    .bss                pwrmgr.o
    0x1fff7ef0        -       0x00000014   Zero   RW         1412    .bss                fs.o
    0x1fff7f04        -       0x000000a6   Zero   RW         1552    .bss                gapbondmgr.o
    0x1fff7faa        -       0x00000016   Zero   RW         1725    .bss                gapgattserver.o
    0x1fff7fc0        -       0x0000003f   Zero   RW         1806    .bss                peripheral.o
    0x1fff7fff   0x1fff6aac   0x00000001   PAD
    0x1fff8000        -       0x000002e8   Zero   RW         1928    .bss                gattservapp.o
    0x1fff82e8        -       0x00000067   Zero   RW         2135    .bss                ota_app_service.o
    0x1fff834f   0x1fff6aac   0x00000001   PAD
    0x1fff8350        -       0x00000300   Zero   RW         2242    .bss                sbpprofile_ota.o
    0x1fff8650        -       0x000002cc   Zero   RW         2404    .bss                simplebleperipheral.o
    0x1fff891c        -       0x00000040   Zero   RW         2536    .bss                param.o
    0x1fff895c        -       0x0000003c   Zero   RW         2537    .bss                param.o
    0x1fff8998        -       0x0000016c   Zero   RW         2787    .bss                rf.lib(patch.o)
    0x1fff8b04        -       0x00000020   Zero   RW         2977    .bss                rf.lib(rf_phy_driver.o)
    0x1fff8b24        -       0x00000010   Zero   RW         3020    .bss                rf.lib(phy_sec_ext.o)
    0x1fff8b34        -       0x0000001c   Zero   RW         3213    .bss                ble_host.lib(gap_configmgr.o)
    0x1fff8b50        -       0x0000002e   Zero   RW         3516    .bss                ble_host.lib(l2cap_task.o)
    0x1fff8b7e        -       0x0000000f   Zero   RW         3572    .bss                ble_host.lib(sm_rsppairing.o)
    0x1fff8b8d   0x1fff6aac   0x00000003   PAD
    0x1fff8b90        -       0x00000034   Zero   RW         3907    .bss                ble_host.lib(l2cap_util.o)
    0x1fff8bc4        -       0x0000000f   Zero   RW         3973    .bss                ble_host.lib(sm_mgr.o)
    0x1fff8bd3   0x1fff6aac   0x00000005   PAD
    0x1fff8bd8        -       0x00000400   Zero   RW         2591    STACK               startup_armcm0.o


    Execution Region ER_IROM2 (Exec base: 0x1fffc000, Load base: 0x1fff6aac, Size: 0x00000ee0, Max: 0x00004000, ABSOLUTE)

    Exec Addr    Load Addr    Size         Type   Attr      Idx    E Section Name        Object

    0x1fffc000   0x1fff6aac   0x0000000c   Ven    RO         4581    Veneer$$Code        anon$$obj.o
    0x1fffc00c   0x1fff6ab8   0x0000000c   Ven    RO         4582    Veneer$$Code        anon$$obj.o
    0x1fffc018   0x1fff6ac4   0x0000000c   Ven    RO         4583    Veneer$$Code        anon$$obj.o
    0x1fffc024   0x1fff6ad0   0x0000000c   Ven    RO         4584    Veneer$$Code        anon$$obj.o
    0x1fffc030   0x1fff6adc   0x0000000c   Ven    RO         4585    Veneer$$Code        anon$$obj.o
    0x1fffc03c   0x1fff6ae8   0x0000000c   Ven    RO         4586    Veneer$$Code        anon$$obj.o
    0x1fffc048   0x1fff6af4   0x0000000c   Ven    RO         4587    Veneer$$Code        anon$$obj.o
    0x1fffc054   0x1fff6b00   0x0000000c   Ven    RO         4588    Veneer$$Code        anon$$obj.o
    0x1fffc060   0x1fff6b0c   0x0000000c   Ven    RO         4589    Veneer$$Code        anon$$obj.o
    0x1fffc06c   0x1fff6b18   0x0000000c   Ven    RO         4590    Veneer$$Code        anon$$obj.o
    0x1fffc078   0x1fff6b24   0x000004ce   Code   RO         2954    i.rf_phy_direct_test  rf.lib(rf_phy_driver.o)
    0x1fffc546   0x1fff6ff2   0x00000002   PAD
    0x1fffc548   0x1fff6ff4   0x00000084   Code   RO         2955    i.rf_phy_dtm_ble_pkt_gen  rf.lib(rf_phy_driver.o)
    0x1fffc5cc   0x1fff7078   0x000003d4   Code   RO         2956    i.rf_phy_dtm_cmd_parse  rf.lib(rf_phy_driver.o)
    0x1fffc9a0   0x1fff744c   0x000000ec   Code   RO         2957    i.rf_phy_dtm_evt_send  rf.lib(rf_phy_driver.o)
    0x1fffca8c   0x1fff7538   0x000000b0   Code   RO         2964    i.rf_phy_dtm_reg_process  rf.lib(rf_phy_driver.o)
    0x1fffcb3c   0x1fff75e8   0x0000032c   Code   RO         2966    i.rf_phy_dtm_trigged  rf.lib(rf_phy_driver.o)
    0x1fffce68   0x1fff7914   0x00000078   Code   RO         2967    i.rf_phy_dtm_zigbee_pkt_gen  rf.lib(rf_phy_driver.o)



  Load Region LR_ROM_JT_GC (Base: 0x1fff0000, Size: 0x00000800, Max: 0x00000800, ABSOLUTE, COMPRESSED[0x0000040c])

    Execution Region JUMP_TABLE (Exec base: 0x1fff0000, Load base: 0x1fff0000, Size: 0x00000400, Max: 0x00000400, ABSOLUTE)

    Exec Addr    Load Addr    Size         Type   Attr      Idx    E Section Name        Object

    0x1fff0000   0x1fff0000   0x00000400   Data   RO         2323    jump_table_mem_area  jump_table.o


    Execution Region GOLBAL_CONFIG (Exec base: 0x1fff0400, Load base: 0x1fff0400, Size: 0x00000400, Max: 0x00000400, ABSOLUTE, COMPRESSED[0x0000000c])

    Exec Addr    Load Addr    Size         Type   Attr      Idx    E Section Name        Object

    0x1fff0400   COMPRESSED   0x00000400   Data   RW         2322    global_config_area  jump_table.o



  Load Region LR_ROM_XIP (Base: 0x11020000, Size: 0x0000a584, Max: 0x00020000, ABSOLUTE)

    Execution Region ER_ROM_XIP (Exec base: 0x11020000, Load base: 0x11020000, Size: 0x0000a584, Max: 0x00020000, ABSOLUTE)

    Exec Addr    Load Addr    Size         Type   Attr      Idx    E Section Name        Object

    0x11020000   0x11020000   0x0000000c   Ven    RO         4591    Veneer$$Code        anon$$obj.o
    0x1102000c   0x1102000c   0x0000000c   Ven    RO         4592    Veneer$$Code        anon$$obj.o
    0x11020018   0x11020018   0x0000000c   Ven    RO         4593    Veneer$$Code        anon$$obj.o
    0x11020024   0x11020024   0x0000000c   Ven    RO         4594    Veneer$$Code        anon$$obj.o
    0x11020030   0x11020030   0x0000000c   Ven    RO         4595    Veneer$$Code        anon$$obj.o
    0x1102003c   0x1102003c   0x0000000c   Ven    RO         4596    Veneer$$Code        anon$$obj.o
    0x11020048   0x11020048   0x0000000c   Ven    RO         4597    Veneer$$Code        anon$$obj.o
    0x11020054   0x11020054   0x0000000c   Ven    RO         4598    Veneer$$Code        anon$$obj.o
    0x11020060   0x11020060   0x0000000c   Ven    RO         4599    Veneer$$Code        anon$$obj.o
    0x1102006c   0x1102006c   0x0000000c   Ven    RO         4600    Veneer$$Code        anon$$obj.o
    0x11020078   0x11020078   0x0000000c   Ven    RO         4601    Veneer$$Code        anon$$obj.o
    0x11020084   0x11020084   0x0000000c   Ven    RO         4602    Veneer$$Code        anon$$obj.o
    0x11020090   0x11020090   0x0000000c   Ven    RO         4603    Veneer$$Code        anon$$obj.o
    0x1102009c   0x1102009c   0x0000000c   Ven    RO         4604    Veneer$$Code        anon$$obj.o
    0x110200a8   0x110200a8   0x0000000c   Ven    RO         4605    Veneer$$Code        anon$$obj.o
    0x110200b4   0x110200b4   0x0000000c   Ven    RO         4606    Veneer$$Code        anon$$obj.o
    0x110200c0   0x110200c0   0x0000000c   Ven    RO         4607    Veneer$$Code        anon$$obj.o
    0x110200cc   0x110200cc   0x0000000c   Ven    RO         4608    Veneer$$Code        anon$$obj.o
    0x110200d8   0x110200d8   0x0000000c   Ven    RO         4609    Veneer$$Code        anon$$obj.o
    0x110200e4   0x110200e4   0x0000000c   Ven    RO         4610    Veneer$$Code        anon$$obj.o
    0x110200f0   0x110200f0   0x0000000c   Ven    RO         4611    Veneer$$Code        anon$$obj.o
    0x110200fc   0x110200fc   0x0000000c   Ven    RO         4612    Veneer$$Code        anon$$obj.o
    0x11020108   0x11020108   0x0000000c   Ven    RO         4613    Veneer$$Code        anon$$obj.o
    0x11020114   0x11020114   0x0000000c   Ven    RO         4614    Veneer$$Code        anon$$obj.o
    0x11020120   0x11020120   0x0000000c   Ven    RO         4615    Veneer$$Code        anon$$obj.o
    0x1102012c   0x1102012c   0x0000000c   Ven    RO         4616    Veneer$$Code        anon$$obj.o
    0x11020138   0x11020138   0x0000000c   Ven    RO         4617    Veneer$$Code        anon$$obj.o
    0x11020144   0x11020144   0x0000000c   Ven    RO         4618    Veneer$$Code        anon$$obj.o
    0x11020150   0x11020150   0x0000000c   Ven    RO         4619    Veneer$$Code        anon$$obj.o
    0x1102015c   0x1102015c   0x0000000c   Ven    RO         4620    Veneer$$Code        anon$$obj.o
    0x11020168   0x11020168   0x0000000c   Ven    RO         4621    Veneer$$Code        anon$$obj.o
    0x11020174   0x11020174   0x0000000c   Ven    RO         4622    Veneer$$Code        anon$$obj.o
    0x11020180   0x11020180   0x0000000c   Ven    RO         4623    Veneer$$Code        anon$$obj.o
    0x1102018c   0x1102018c   0x0000000c   Ven    RO         4624    Veneer$$Code        anon$$obj.o
    0x11020198   0x11020198   0x0000000c   Ven    RO         4625    Veneer$$Code        anon$$obj.o
    0x110201a4   0x110201a4   0x0000000c   Ven    RO         4626    Veneer$$Code        anon$$obj.o
    0x110201b0   0x110201b0   0x0000000c   Ven    RO         4627    Veneer$$Code        anon$$obj.o
    0x110201bc   0x110201bc   0x0000000c   Ven    RO         4628    Veneer$$Code        anon$$obj.o
    0x110201c8   0x110201c8   0x0000000c   Ven    RO         4629    Veneer$$Code        anon$$obj.o
    0x110201d4   0x110201d4   0x0000000c   Ven    RO         4630    Veneer$$Code        anon$$obj.o
    0x110201e0   0x110201e0   0x0000000c   Ven    RO         4631    Veneer$$Code        anon$$obj.o
    0x110201ec   0x110201ec   0x0000000c   Ven    RO         4632    Veneer$$Code        anon$$obj.o
    0x110201f8   0x110201f8   0x0000000c   Ven    RO         4633    Veneer$$Code        anon$$obj.o
    0x11020204   0x11020204   0x0000000c   Ven    RO         4634    Veneer$$Code        anon$$obj.o
    0x11020210   0x11020210   0x0000000c   Ven    RO         4635    Veneer$$Code        anon$$obj.o
    0x1102021c   0x1102021c   0x0000000c   Ven    RO         4636    Veneer$$Code        anon$$obj.o
    0x11020228   0x11020228   0x0000000c   Ven    RO         4637    Veneer$$Code        anon$$obj.o
    0x11020234   0x11020234   0x0000000c   Ven    RO         4638    Veneer$$Code        anon$$obj.o
    0x11020240   0x11020240   0x0000000c   Ven    RO         4639    Veneer$$Code        anon$$obj.o
    0x1102024c   0x1102024c   0x0000000c   Ven    RO         4640    Veneer$$Code        anon$$obj.o
    0x11020258   0x11020258   0x0000000c   Ven    RO         4641    Veneer$$Code        anon$$obj.o
    0x11020264   0x11020264   0x0000000c   Ven    RO         4642    Veneer$$Code        anon$$obj.o
    0x11020270   0x11020270   0x0000000c   Ven    RO         4643    Veneer$$Code        anon$$obj.o
    0x1102027c   0x1102027c   0x0000000c   Ven    RO         4644    Veneer$$Code        anon$$obj.o
    0x11020288   0x11020288   0x0000000c   Ven    RO         4645    Veneer$$Code        anon$$obj.o
    0x11020294   0x11020294   0x0000000c   Ven    RO         4646    Veneer$$Code        anon$$obj.o
    0x110202a0   0x110202a0   0x0000000c   Ven    RO         4647    Veneer$$Code        anon$$obj.o
    0x110202ac   0x110202ac   0x0000000c   Ven    RO         4648    Veneer$$Code        anon$$obj.o
    0x110202b8   0x110202b8   0x0000000c   Ven    RO         4649    Veneer$$Code        anon$$obj.o
    0x110202c4   0x110202c4   0x0000000c   Ven    RO         4650    Veneer$$Code        anon$$obj.o
    0x110202d0   0x110202d0   0x0000000c   Ven    RO         4651    Veneer$$Code        anon$$obj.o
    0x110202dc   0x110202dc   0x0000000c   Ven    RO         4652    Veneer$$Code        anon$$obj.o
    0x110202e8   0x110202e8   0x0000000c   Ven    RO         4653    Veneer$$Code        anon$$obj.o
    0x110202f4   0x110202f4   0x0000000c   Ven    RO         4654    Veneer$$Code        anon$$obj.o
    0x11020300   0x11020300   0x0000000c   Ven    RO         4655    Veneer$$Code        anon$$obj.o
    0x1102030c   0x1102030c   0x0000000c   Ven    RO         4656    Veneer$$Code        anon$$obj.o
    0x11020318   0x11020318   0x0000000c   Ven    RO         4657    Veneer$$Code        anon$$obj.o
    0x11020324   0x11020324   0x0000000c   Ven    RO         4658    Veneer$$Code        anon$$obj.o
    0x11020330   0x11020330   0x0000000c   Ven    RO         4659    Veneer$$Code        anon$$obj.o
    0x1102033c   0x1102033c   0x0000000c   Ven    RO         4660    Veneer$$Code        anon$$obj.o
    0x11020348   0x11020348   0x0000000c   Ven    RO         4661    Veneer$$Code        anon$$obj.o
    0x11020354   0x11020354   0x0000000c   Ven    RO         4662    Veneer$$Code        anon$$obj.o
    0x11020360   0x11020360   0x0000000c   Ven    RO         4663    Veneer$$Code        anon$$obj.o
    0x1102036c   0x1102036c   0x0000000c   Ven    RO         4664    Veneer$$Code        anon$$obj.o
    0x11020378   0x11020378   0x0000000c   Ven    RO         4665    Veneer$$Code        anon$$obj.o
    0x11020384   0x11020384   0x0000000c   Ven    RO         4666    Veneer$$Code        anon$$obj.o
    0x11020390   0x11020390   0x0000000c   Ven    RO         4667    Veneer$$Code        anon$$obj.o
    0x1102039c   0x1102039c   0x0000000c   Ven    RO         4668    Veneer$$Code        anon$$obj.o
    0x110203a8   0x110203a8   0x0000000c   Ven    RO         4669    Veneer$$Code        anon$$obj.o
    0x110203b4   0x110203b4   0x0000000c   Ven    RO         4670    Veneer$$Code        anon$$obj.o
    0x110203c0   0x110203c0   0x0000000c   Ven    RO         4671    Veneer$$Code        anon$$obj.o
    0x110203cc   0x110203cc   0x0000000c   Ven    RO         4672    Veneer$$Code        anon$$obj.o
    0x110203d8   0x110203d8   0x0000000c   Ven    RO         4673    Veneer$$Code        anon$$obj.o
    0x110203e4   0x110203e4   0x0000000c   Ven    RO         4674    Veneer$$Code        anon$$obj.o
    0x110203f0   0x110203f0   0x0000000c   Ven    RO         4675    Veneer$$Code        anon$$obj.o
    0x110203fc   0x110203fc   0x0000000c   Ven    RO         4676    Veneer$$Code        anon$$obj.o
    0x11020408   0x11020408   0x0000000c   Ven    RO         4677    Veneer$$Code        anon$$obj.o
    0x11020414   0x11020414   0x0000000c   Ven    RO         4678    Veneer$$Code        anon$$obj.o
    0x11020420   0x11020420   0x0000000c   Ven    RO         4679    Veneer$$Code        anon$$obj.o
    0x1102042c   0x1102042c   0x0000000c   Ven    RO         4680    Veneer$$Code        anon$$obj.o
    0x11020438   0x11020438   0x0000000c   Ven    RO         4681    Veneer$$Code        anon$$obj.o
    0x11020444   0x11020444   0x0000000c   Ven    RO         4682    Veneer$$Code        anon$$obj.o
    0x11020450   0x11020450   0x0000000c   Ven    RO         4683    Veneer$$Code        anon$$obj.o
    0x1102045c   0x1102045c   0x0000000c   Ven    RO         4684    Veneer$$Code        anon$$obj.o
    0x11020468   0x11020468   0x0000000c   Ven    RO         4685    Veneer$$Code        anon$$obj.o
    0x11020474   0x11020474   0x0000000c   Ven    RO         4686    Veneer$$Code        anon$$obj.o
    0x11020480   0x11020480   0x0000000c   Ven    RO         4687    Veneer$$Code        anon$$obj.o
    0x1102048c   0x1102048c   0x0000000c   Ven    RO         4688    Veneer$$Code        anon$$obj.o
    0x11020498   0x11020498   0x0000000c   Ven    RO         4689    Veneer$$Code        anon$$obj.o
    0x110204a4   0x110204a4   0x0000000c   Ven    RO         4690    Veneer$$Code        anon$$obj.o
    0x110204b0   0x110204b0   0x0000000c   Ven    RO         4691    Veneer$$Code        anon$$obj.o
    0x110204bc   0x110204bc   0x0000000c   Ven    RO         4692    Veneer$$Code        anon$$obj.o
    0x110204c8   0x110204c8   0x0000000c   Ven    RO         4693    Veneer$$Code        anon$$obj.o
    0x110204d4   0x110204d4   0x0000000c   Ven    RO         4694    Veneer$$Code        anon$$obj.o
    0x110204e0   0x110204e0   0x0000000c   Ven    RO         4695    Veneer$$Code        anon$$obj.o
    0x110204ec   0x110204ec   0x0000000c   Ven    RO         4696    Veneer$$Code        anon$$obj.o
    0x110204f8   0x110204f8   0x0000000c   Ven    RO         4697    Veneer$$Code        anon$$obj.o
    0x11020504   0x11020504   0x0000000c   Ven    RO         4698    Veneer$$Code        anon$$obj.o
    0x11020510   0x11020510   0x0000000c   Ven    RO         4699    Veneer$$Code        anon$$obj.o
    0x1102051c   0x1102051c   0x0000000c   Ven    RO         4700    Veneer$$Code        anon$$obj.o
    0x11020528   0x11020528   0x0000000c   Ven    RO         4701    Veneer$$Code        anon$$obj.o
    0x11020534   0x11020534   0x0000000c   Ven    RO         4702    Veneer$$Code        anon$$obj.o
    0x11020540   0x11020540   0x0000000c   Ven    RO         4703    Veneer$$Code        anon$$obj.o
    0x1102054c   0x1102054c   0x0000000c   Ven    RO         4704    Veneer$$Code        anon$$obj.o
    0x11020558   0x11020558   0x0000000c   Ven    RO         4705    Veneer$$Code        anon$$obj.o
    0x11020564   0x11020564   0x0000000c   Ven    RO         4706    Veneer$$Code        anon$$obj.o
    0x11020570   0x11020570   0x0000000c   Ven    RO         4707    Veneer$$Code        anon$$obj.o
    0x1102057c   0x1102057c   0x0000000c   Ven    RO         4708    Veneer$$Code        anon$$obj.o
    0x11020588   0x11020588   0x00000028   Code   RO         2639    _func_xip_code_.HCI_LE_LtkReqNegReplyCmd  rf.lib(patch.o)
    0x110205b0   0x110205b0   0x00000028   Code   RO         2640    _func_xip_code_.HCI_LE_LtkReqReplyCmd  rf.lib(patch.o)
    0x110205d8   0x110205d8   0x00000024   Code   RO         2642    _func_xip_code_.HCI_LE_SetRandomAddressCmd  rf.lib(patch.o)
    0x110205fc   0x110205fc   0x0000001c   Code   RO         2645    _func_xip_code_.LL_Disconnect1  rf.lib(patch.o)
    0x11020618   0x11020618   0x00000178   Code   RO         2646    _func_xip_code_.LL_ENC_Decrypt1  rf.lib(patch.o)
    0x11020790   0x11020790   0x00000160   Code   RO         2647    _func_xip_code_.LL_ENC_Encrypt1  rf.lib(patch.o)
    0x110208f0   0x110208f0   0x0000004c   Code   RO         2648    _func_xip_code_.LL_EncLtkNegReply  rf.lib(patch.o)
    0x1102093c   0x1102093c   0x00000058   Code   RO         2649    _func_xip_code_.LL_EncLtkReply  rf.lib(patch.o)
    0x11020994   0x11020994   0x00000088   Code   RO         2650    _func_xip_code_.LL_InitConnectContext  rf.lib(patch.o)
    0x11020a1c   0x11020a1c   0x000001dc   Code   RO         2653    _func_xip_code_.LL_SetAdvControl1  rf.lib(patch.o)
    0x11020bf8   0x11020bf8   0x00000070   Code   RO         2655    _func_xip_code_.LL_SetAdvParam1  rf.lib(patch.o)
    0x11020c68   0x11020c68   0x00000030   Code   RO         2656    _func_xip_code_.LL_SetDataLengh1  rf.lib(patch.o)
    0x11020c98   0x11020c98   0x000000ec   Code   RO         2657    _func_xip_code_.LL_SetRandomAddress1  rf.lib(patch.o)
    0x11020d84   0x11020d84   0x00000050   Code   RO         2666    _func_xip_code_.llConnTerminate1  rf.lib(patch.o)
    0x11020dd4   0x11020dd4   0x00000378   Code   RO         2669    _func_xip_code_.llProcessSlaveControlProcedures1  rf.lib(patch.o)
    0x1102114c   0x1102114c   0x00000060   Code   RO         2679    _func_xip_code_.ll_patch_slave  rf.lib(patch.o)
    0x110211ac   0x110211ac   0x00000050   Code   RO          391    _section_xip_code_  clock.o
    0x110211fc   0x110211fc   0x000002a8   Code   RO         2683    _section_xip_code_  rf.lib(patch.o)
    0x110214a4   0x110214a4   0x00000016   Code   RO         3071    i.ATT_BuildErrorRsp  ble_host.lib(att_util.o)
    0x110214ba   0x110214ba   0x0000000e   Code   RO         3073    i.ATT_BuildExchangeMTURsp  ble_host.lib(att_util.o)
    0x110214c8   0x110214c8   0x00000030   Code   RO         3076    i.ATT_BuildFindByTypeValueRsp  ble_host.lib(att_util.o)
    0x110214f8   0x110214f8   0x0000006c   Code   RO         3078    i.ATT_BuildFindInfoRsp  ble_host.lib(att_util.o)
    0x11021564   0x11021564   0x00000020   Code   RO         3079    i.ATT_BuildHandleValueInd  ble_host.lib(att_util.o)
    0x11021584   0x11021584   0x0000002a   Code   RO         3081    i.ATT_BuildPrepareWriteRsp  ble_host.lib(att_util.o)
    0x110215ae   0x110215ae   0x00000010   Code   RO         3083    i.ATT_BuildReadBlobRsp  ble_host.lib(att_util.o)
    0x110215be   0x110215be   0x0000001a   Code   RO         3084    i.ATT_BuildReadByGrpTypeRsp  ble_host.lib(att_util.o)
    0x110215d8   0x110215d8   0x0000001a   Code   RO         3086    i.ATT_BuildReadByTypeRsp  ble_host.lib(att_util.o)
    0x110215f2   0x110215f2   0x00000010   Code   RO         3088    i.ATT_BuildReadMultiRsp  ble_host.lib(att_util.o)
    0x11021602   0x11021602   0x00000010   Code   RO         3090    i.ATT_BuildReadRsp  ble_host.lib(att_util.o)
    0x11021612   0x11021612   0x0000004a   Code   RO         3092    i.ATT_CompareUUID   ble_host.lib(att_util.o)
    0x1102165c   0x1102165c   0x0000002c   Code   RO         3093    i.ATT_ConvertUUIDto128  ble_host.lib(att_util.o)
    0x11021688   0x11021688   0x00000014   Code   RO         3039    i.ATT_ErrorRsp      ble_host.lib(att_server.o)
    0x1102169c   0x1102169c   0x00000040   Code   RO         3040    i.ATT_ExchangeMTURsp  ble_host.lib(att_server.o)
    0x110216dc   0x110216dc   0x0000000e   Code   RO         3041    i.ATT_ExecuteWriteRsp  ble_host.lib(att_server.o)
    0x110216ea   0x110216ea   0x00000002   PAD
    0x110216ec   0x110216ec   0x0000001c   Code   RO         3042    i.ATT_FindByTypeValueRsp  ble_host.lib(att_server.o)
    0x11021708   0x11021708   0x00000028   Code   RO         3043    i.ATT_FindInfoRsp   ble_host.lib(att_server.o)
    0x11021730   0x11021730   0x00000010   Code   RO         3095    i.ATT_GetCurrentMTUSize  ble_host.lib(att_util.o)
    0x11021740   0x11021740   0x00000014   Code   RO         3044    i.ATT_HandleValueInd  ble_host.lib(att_server.o)
    0x11021754   0x11021754   0x00000014   Code   RO         3045    i.ATT_HandleValueNoti  ble_host.lib(att_server.o)
    0x11021768   0x11021768   0x00000024   Code   RO         3097    i.ATT_InitMtuSize   ble_host.lib(att_util.o)
    0x1102178c   0x1102178c   0x00000018   Code   RO         3100    i.ATT_ParseExchangeMTUReq  ble_host.lib(att_util.o)
    0x110217a4   0x110217a4   0x00000012   Code   RO         3102    i.ATT_ParseExecuteWriteReq  ble_host.lib(att_util.o)
    0x110217b6   0x110217b6   0x00000048   Code   RO         3104    i.ATT_ParseFindByTypeValueReq  ble_host.lib(att_util.o)
    0x110217fe   0x110217fe   0x00000022   Code   RO         3106    i.ATT_ParseFindInfoReq  ble_host.lib(att_util.o)
    0x11021820   0x11021820   0x0000005e   Code   RO         3110    i.ATT_ParsePacket   ble_host.lib(att_util.o)
    0x1102187e   0x1102187e   0x00000038   Code   RO         3111    i.ATT_ParsePrepareWriteReq  ble_host.lib(att_util.o)
    0x110218b6   0x110218b6   0x00000022   Code   RO         3113    i.ATT_ParseReadBlobReq  ble_host.lib(att_util.o)
    0x110218d8   0x110218d8   0x0000003c   Code   RO         3116    i.ATT_ParseReadByTypeReq  ble_host.lib(att_util.o)
    0x11021914   0x11021914   0x00000044   Code   RO         3118    i.ATT_ParseReadMultiReq  ble_host.lib(att_util.o)
    0x11021958   0x11021958   0x00000018   Code   RO         3120    i.ATT_ParseReadReq  ble_host.lib(att_util.o)
    0x11021970   0x11021970   0x00000042   Code   RO         3122    i.ATT_ParseWriteReq  ble_host.lib(att_util.o)
    0x110219b2   0x110219b2   0x00000002   PAD
    0x110219b4   0x110219b4   0x00000014   Code   RO         3046    i.ATT_PrepareWriteRsp  ble_host.lib(att_server.o)
    0x110219c8   0x110219c8   0x00000014   Code   RO         3047    i.ATT_ReadBlobRsp   ble_host.lib(att_server.o)
    0x110219dc   0x110219dc   0x0000001c   Code   RO         3048    i.ATT_ReadByGrpTypeRsp  ble_host.lib(att_server.o)
    0x110219f8   0x110219f8   0x0000001c   Code   RO         3049    i.ATT_ReadByTypeRsp  ble_host.lib(att_server.o)
    0x11021a14   0x11021a14   0x00000014   Code   RO         3050    i.ATT_ReadMultiRsp  ble_host.lib(att_server.o)
    0x11021a28   0x11021a28   0x00000014   Code   RO         3051    i.ATT_ReadRsp       ble_host.lib(att_server.o)
    0x11021a3c   0x11021a3c   0x0000002c   Code   RO         3124    i.ATT_SetMTUSizeMax  ble_host.lib(att_util.o)
    0x11021a68   0x11021a68   0x00000014   Code   RO         3126    i.ATT_UpdateMtuSize  ble_host.lib(att_util.o)
    0x11021a7c   0x11021a7c   0x0000000e   Code   RO         3052    i.ATT_WriteRsp      ble_host.lib(att_server.o)
    0x11021a8a   0x11021a8a   0x00000002   PAD
    0x11021a8c   0x11021a8c   0x00000010   Code   RO         1524    i.GAPBondMgr_Init   gapbondmgr.o
    0x11021a9c   0x11021a9c   0x00000130   Code   RO         1525    i.GAPBondMgr_LinkEst  gapbondmgr.o
    0x11021bcc   0x11021bcc   0x00000030   Code   RO         1526    i.GAPBondMgr_PasscodeRsp  gapbondmgr.o
    0x11021bfc   0x11021bfc   0x00000094   Code   RO         1527    i.GAPBondMgr_ProcessEvent  gapbondmgr.o
    0x11021c90   0x11021c90   0x00000248   Code   RO         1528    i.GAPBondMgr_ProcessGAPMsg  gapbondmgr.o
    0x11021ed8   0x11021ed8   0x00000020   Code   RO         1529    i.GAPBondMgr_Register  gapbondmgr.o
    0x11021ef8   0x11021ef8   0x000000b8   Code   RO         1530    i.GAPBondMgr_ResolveAddr  gapbondmgr.o
    0x11021fb0   0x11021fb0   0x0000006c   Code   RO         1531    i.GAPBondMgr_ServiceChangeInd  gapbondmgr.o
    0x1102201c   0x1102201c   0x0000016c   Code   RO         1532    i.GAPBondMgr_SetParameter  gapbondmgr.o
    0x11022188   0x11022188   0x00000058   Code   RO         1533    i.GAPBondMgr_UpdateCharCfg  gapbondmgr.o
    0x110221e0   0x110221e0   0x000000e8   Code   RO         1795    i.GAPRole_GetParameter  peripheral.o
    0x110222c8   0x110222c8   0x00000044   Code   RO         1796    i.GAPRole_Init      peripheral.o
    0x1102230c   0x1102230c   0x000000f4   Code   RO         1797    i.GAPRole_ProcessEvent  peripheral.o
    0x11022400   0x11022400   0x00000058   Code   RO         1799    i.GAPRole_SendUpdateParam  peripheral.o
    0x11022458   0x11022458   0x00000214   Code   RO         1800    i.GAPRole_SetParameter  peripheral.o
    0x1102266c   0x1102266c   0x00000038   Code   RO         1801    i.GAPRole_StartDevice  peripheral.o
    0x110226a4   0x110226a4   0x00000020   Code   RO         1802    i.GAPRole_TerminateConnection  peripheral.o
    0x110226c4   0x110226c4   0x000000d0   Code   RO         3255    i.GAP_Authenticate  ble_host.lib(gap_linkmgr.o)
    0x11022794   0x11022794   0x00000088   Code   RO         3256    i.GAP_Bond          ble_host.lib(gap_linkmgr.o)
    0x1102281c   0x1102281c   0x0000008c   Code   RO         1502    i.GAP_DeviceInit    gap.o
    0x110228a8   0x110228a8   0x00000054   Code   RO         3308    i.GAP_EndDiscoverable  ble_host.lib(gap_peridevmgr.o)
    0x110228fc   0x110228fc   0x00000018   Code   RO         3193    i.GAP_GetParamValue  ble_host.lib(gap_configmgr.o)
    0x11022914   0x11022914   0x00000018   Code   RO         3365    i.GAP_Init          ble_host.lib(gap_task.o)
    0x1102292c   0x1102292c   0x000000c0   Code   RO         3310    i.GAP_MakeDiscoverable  ble_host.lib(gap_peridevmgr.o)
    0x110229ec   0x110229ec   0x00000008   Code   RO         3366    i.GAP_NumActiveConnections  ble_host.lib(gap_task.o)
    0x110229f4   0x110229f4   0x00000038   Code   RO         3194    i.GAP_ParamsInit    ble_host.lib(gap_configmgr.o)
    0x11022a2c   0x11022a2c   0x00000048   Code   RO         3257    i.GAP_PasscodeUpdate  ble_host.lib(gap_linkmgr.o)
    0x11022a74   0x11022a74   0x00000048   Code   RO         3311    i.GAP_PeriDevMgrInit  ble_host.lib(gap_peridevmgr.o)
    0x11022abc   0x11022abc   0x000000e0   Code   RO         3367    i.GAP_ProcessEvent  ble_host.lib(gap_task.o)
    0x11022b9c   0x11022b9c   0x0000000c   Code   RO         3368    i.GAP_RegisterForHCIMsgs  ble_host.lib(gap_task.o)
    0x11022ba8   0x11022ba8   0x00000008   Code   RO         3240    i.GAP_ResolvePrivateAddr  ble_host.lib(gap_devmgr.o)
    0x11022bb0   0x11022bb0   0x00000040   Code   RO         3195    i.GAP_SecParamsInit  ble_host.lib(gap_configmgr.o)
    0x11022bf0   0x11022bf0   0x00000054   Code   RO         3359    i.GAP_SendSlaveSecurityRequest  ble_host.lib(gap_perilinkmgr.o)
    0x11022c44   0x11022c44   0x00000020   Code   RO         3196    i.GAP_SetParamValue  ble_host.lib(gap_configmgr.o)
    0x11022c64   0x11022c64   0x0000004c   Code   RO         3259    i.GAP_Signable      ble_host.lib(gap_linkmgr.o)
    0x11022cb0   0x11022cb0   0x00000020   Code   RO         3260    i.GAP_TerminateAuth  ble_host.lib(gap_linkmgr.o)
    0x11022cd0   0x11022cd0   0x00000080   Code   RO         3261    i.GAP_TerminateLinkReq  ble_host.lib(gap_linkmgr.o)
    0x11022d50   0x11022d50   0x00000074   Code   RO         3315    i.GAP_UpdateAdvertisingData  ble_host.lib(gap_peridevmgr.o)
    0x11022dc4   0x11022dc4   0x00000020   Code   RO         1890    i.GATTServApp_AddService  gattservapp.o
    0x11022de4   0x11022de4   0x00000022   Code   RO         1893    i.GATTServApp_FindAttr  gattservapp.o
    0x11022e06   0x11022e06   0x00000002   PAD
    0x11022e08   0x11022e08   0x0000004c   Code   RO         1896    i.GATTServApp_Init  gattservapp.o
    0x11022e54   0x11022e54   0x00000030   Code   RO         1897    i.GATTServApp_InitCharCfg  gattservapp.o
    0x11022e84   0x11022e84   0x00000058   Code   RO         1898    i.GATTServApp_ProcessCCCWriteReq  gattservapp.o
    0x11022edc   0x11022edc   0x0000008c   Code   RO         1899    i.GATTServApp_ProcessCharCfg  gattservapp.o
    0x11022f68   0x11022f68   0x00000038   Code   RO         1900    i.GATTServApp_ProcessEvent  gattservapp.o
    0x11022fa0   0x11022fa0   0x00000224   Code   RO         1901    i.GATTServApp_ReadAttr  gattservapp.o
    0x110231c4   0x110231c4   0x0000000e   Code   RO         1902    i.GATTServApp_ReadCharCfg  gattservapp.o
    0x110231d2   0x110231d2   0x00000002   PAD
    0x110231d4   0x110231d4   0x0000000c   Code   RO         1903    i.GATTServApp_RegisterForMsg  gattservapp.o
    0x110231e0   0x110231e0   0x0000005c   Code   RO         1904    i.GATTServApp_RegisterService  gattservapp.o
    0x1102323c   0x1102323c   0x00000038   Code   RO         1905    i.GATTServApp_SendCCCUpdatedEvent  gattservapp.o
    0x11023274   0x11023274   0x00000024   Code   RO         1906    i.GATTServApp_SendServiceChangedInd  gattservapp.o
    0x11023298   0x11023298   0x00000018   Code   RO         1909    i.GATTServApp_UpdateCharCfg  gattservapp.o
    0x110232b0   0x110232b0   0x0000003e   Code   RO         1910    i.GATTServApp_WriteAttr  gattservapp.o
    0x110232ee   0x110232ee   0x00000002   PAD
    0x110232f0   0x110232f0   0x0000002c   Code   RO         1911    i.GATTServApp_WriteCharCfg  gattservapp.o
    0x1102331c   0x1102331c   0x0000002e   Code   RO         3454    i.GATT_AppCompletedMsg  ble_host.lib(gatt_task.o)
    0x1102334a   0x1102334a   0x00000002   PAD
    0x1102334c   0x1102334c   0x0000004c   Code   RO         3387    i.GATT_FindHandle   ble_host.lib(gatt_server.o)
    0x11023398   0x11023398   0x00000064   Code   RO         3388    i.GATT_FindHandleUUID  ble_host.lib(gatt_server.o)
    0x110233fc   0x110233fc   0x00000094   Code   RO         3389    i.GATT_FindNextAttr  ble_host.lib(gatt_server.o)
    0x11023490   0x11023490   0x00000054   Code   RO         3390    i.GATT_Indication   ble_host.lib(gatt_server.o)
    0x110234e4   0x110234e4   0x0000001c   Code   RO         3455    i.GATT_Init         ble_host.lib(gatt_task.o)
    0x11023500   0x11023500   0x0000004c   Code   RO         3391    i.GATT_InitServer   ble_host.lib(gatt_server.o)
    0x1102354c   0x1102354c   0x0000002e   Code   RO         3392    i.GATT_Notification  ble_host.lib(gatt_server.o)
    0x1102357a   0x1102357a   0x00000002   PAD
    0x1102357c   0x1102357c   0x00000034   Code   RO         3456    i.GATT_ProcessEvent  ble_host.lib(gatt_task.o)
    0x110235b0   0x110235b0   0x0000000c   Code   RO         3393    i.GATT_RegisterForReq  ble_host.lib(gatt_server.o)
    0x110235bc   0x110235bc   0x000000a8   Code   RO         3394    i.GATT_RegisterService  ble_host.lib(gatt_server.o)
    0x11023664   0x11023664   0x00000050   Code   RO         3395    i.GATT_ServiceChangedInd  ble_host.lib(gatt_server.o)
    0x110236b4   0x110236b4   0x00000020   Code   RO         3396    i.GATT_ServiceNumAttrs  ble_host.lib(gatt_server.o)
    0x110236d4   0x110236d4   0x00000026   Code   RO         3398    i.GATT_VerifyReadPermissions  ble_host.lib(gatt_server.o)
    0x110236fa   0x110236fa   0x00000042   Code   RO         3399    i.GATT_VerifyWritePermissions  ble_host.lib(gatt_server.o)
    0x1102373c   0x1102373c   0x00000020   Code   RO         1715    i.GGS_AddService    gapgattserver.o
    0x1102375c   0x1102375c   0x00000088   Code   RO         1721    i.GGS_SetParameter  gapgattserver.o
    0x110237e4   0x110237e4   0x000000a0   Code   RO         3527    i.Host_InitContext  ble_host.lib(linkdb.o)
    0x11023884   0x11023884   0x00000042   Code   RO         3873    i.L2CAP_BuildCmdReject  ble_host.lib(l2cap_util.o)
    0x110238c6   0x110238c6   0x00000002   PAD
    0x110238c8   0x110238c8   0x00000018   Code   RO         3486    i.L2CAP_CmdReject   ble_host.lib(l2cap_if.o)
    0x110238e0   0x110238e0   0x00000018   Code   RO         3487    i.L2CAP_ConnParamUpdateReq  ble_host.lib(l2cap_if.o)
    0x110238f8   0x110238f8   0x00000008   Code   RO         3877    i.L2CAP_Fragment_bm_alloc  ble_host.lib(l2cap_util.o)
    0x11023900   0x11023900   0x00000018   Code   RO         3490    i.L2CAP_HostNumCompletedPkts  ble_host.lib(l2cap_if.o)
    0x11023918   0x11023918   0x0000004c   Code   RO         3511    i.L2CAP_Init        ble_host.lib(l2cap_task.o)
    0x11023964   0x11023964   0x00000034   Code   RO         3879    i.L2CAP_ParseParamUpdateReq  ble_host.lib(l2cap_util.o)
    0x11023998   0x11023998   0x00000034   Code   RO         3512    i.L2CAP_ProcessEvent  ble_host.lib(l2cap_task.o)
    0x110239cc   0x110239cc   0x0000003c   Code   RO         3880    i.L2CAP_ReassemblePkt_Reset  ble_host.lib(l2cap_util.o)
    0x11023a08   0x11023a08   0x0000002c   Code   RO         3492    i.L2CAP_RegisterApp  ble_host.lib(l2cap_if.o)
    0x11023a34   0x11023a34   0x00000068   Code   RO         3881    i.L2CAP_SegmentPkt_Reset  ble_host.lib(l2cap_util.o)
    0x11023a9c   0x11023a9c   0x00000034   Code   RO         3493    i.L2CAP_SendData    ble_host.lib(l2cap_if.o)
    0x11023ad0   0x11023ad0   0x00000018   Code   RO         3882    i.L2CAP_bm_alloc    ble_host.lib(l2cap_util.o)
    0x11023ae8   0x11023ae8   0x00000044   Code   RO         3948    i.SM_CalcRandomAddr  ble_host.lib(sm_mgr.o)
    0x11023b2c   0x11023b2c   0x0000009a   Code   RO         3950    i.SM_GenerateAuthenSig  ble_host.lib(sm_mgr.o)
    0x11023bc6   0x11023bc6   0x00000002   PAD
    0x11023bc8   0x11023bc8   0x00000024   Code   RO         3590    i.SM_Init           ble_host.lib(sm_task.o)
    0x11023bec   0x11023bec   0x00000090   Code   RO         4005    i.SM_PasskeyUpdate  ble_host.lib(sm_pairing.o)
    0x11023c7c   0x11023c7c   0x00000048   Code   RO         3591    i.SM_ProcessEvent   ble_host.lib(sm_task.o)
    0x11023cc4   0x11023cc4   0x0000004c   Code   RO         3952    i.SM_ResolveRandomAddrs  ble_host.lib(sm_mgr.o)
    0x11023d10   0x11023d10   0x00000020   Code   RO         3560    i.SM_ResponderInit  ble_host.lib(sm_rsppairing.o)
    0x11023d30   0x11023d30   0x000000b8   Code   RO         4006    i.SM_StartPairing   ble_host.lib(sm_pairing.o)
    0x11023de8   0x11023de8   0x000000ce   Code   RO         3953    i.SM_VerifyAuthenSig  ble_host.lib(sm_mgr.o)
    0x11023eb6   0x11023eb6   0x00000002   PAD
    0x11023eb8   0x11023eb8   0x0000022c   Code   RO         2394    i.SimpleBLEPeripheral_Init  simplebleperipheral.o
    0x110240e4   0x110240e4   0x00000184   Code   RO         2395    i.SimpleBLEPeripheral_ProcessEvent  simplebleperipheral.o
    0x11024268   0x11024268   0x0000003c   Code   RO         2234    i.SimpleProfile_AddService  sbpprofile_ota.o
    0x110242a4   0x110242a4   0x0000004c   Code   RO         2235    i.SimpleProfile_GetParameter  sbpprofile_ota.o
    0x110242f0   0x110242f0   0x00000014   Code   RO         2236    i.SimpleProfile_RegisterAppCBs  sbpprofile_ota.o
    0x11024304   0x11024304   0x00000050   Code   RO         2237    i.SimpleProfile_SetParameter  sbpprofile_ota.o
    0x11024354   0x11024354   0x0000000e   Code   RO          922    i._uart_putc        my_printf.o
    0x11024362   0x11024362   0x00000002   PAD
    0x11024364   0x11024364   0x0000007c   Code   RO         3127    i.attSendMsg        ble_host.lib(att_util.o)
    0x110243e0   0x110243e0   0x00000060   Code   RO         2396    i.bdAddr2Str        simplebleperipheral.o
    0x11024440   0x11024440   0x00000174   Code   RO         2397    i.check_PerStatsProcess  simplebleperipheral.o
    0x110245b4   0x110245b4   0x0000001c   Code   RO          923    i.dbg_printf        my_printf.o
    0x110245d0   0x110245d0   0x00000014   Code   RO          924    i.dbg_printf_init   my_printf.o
    0x110245e4   0x110245e4   0x0000001a   Code   RO         3262    i.disconnectNext    ble_host.lib(gap_linkmgr.o)
    0x110245fe   0x110245fe   0x00000032   Code   RO         3197    i.gapAddAddrAdj     ble_host.lib(gap_configmgr.o)
    0x11024630   0x11024630   0x00000054   Code   RO         3317    i.gapAllocAdvRecs   ble_host.lib(gap_peridevmgr.o)
    0x11024684   0x11024684   0x0000017c   Code   RO         1534    i.gapBondMgrAddBond  gapbondmgr.o
    0x11024800   0x11024800   0x00000114   Code   RO         1535    i.gapBondMgrAuthenticate  gapbondmgr.o
    0x11024914   0x11024914   0x00000030   Code   RO         1536    i.gapBondMgrBondTotal  gapbondmgr.o
    0x11024944   0x11024944   0x00000058   Code   RO         1537    i.gapBondMgrChangeState  gapbondmgr.o
    0x1102499c   0x1102499c   0x00000018   Code   RO         1538    i.gapBondMgrEraseAllBondings  gapbondmgr.o
    0x110249b4   0x110249b4   0x000000be   Code   RO         1539    i.gapBondMgrEraseBonding  gapbondmgr.o
    0x11024a72   0x11024a72   0x00000002   PAD
    0x11024a74   0x11024a74   0x00000030   Code   RO         1540    i.gapBondMgrFindAddr  gapbondmgr.o
    0x11024aa4   0x11024aa4   0x0000001c   Code   RO         1541    i.gapBondMgrFindCharCfgItem  gapbondmgr.o
    0x11024ac0   0x11024ac0   0x00000036   Code   RO         1542    i.gapBondMgrGetPublicAddr  gapbondmgr.o
    0x11024af6   0x11024af6   0x0000001c   Code   RO         1543    i.gapBondMgrInvertCharCfgItem  gapbondmgr.o
    0x11024b12   0x11024b12   0x00000002   PAD
    0x11024b14   0x11024b14   0x0000005c   Code   RO         1544    i.gapBondMgrReadBonds  gapbondmgr.o
    0x11024b70   0x11024b70   0x00000014   Code   RO         1545    i.gapBondMgrSendServiceChange  gapbondmgr.o
    0x11024b84   0x11024b84   0x00000044   Code   RO         1546    i.gapBondMgrSlaveSecurityReq  gapbondmgr.o
    0x11024bc8   0x11024bc8   0x000000aa   Code   RO         1547    i.gapBondMgrUpdateCharCfg  gapbondmgr.o
    0x11024c72   0x11024c72   0x00000002   PAD
    0x11024c74   0x11024c74   0x00000080   Code   RO         1548    i.gapBondMgr_SyncCharCfg  gapbondmgr.o
    0x11024cf4   0x11024cf4   0x00000034   Code   RO         1549    i.gapBondMgr_SyncWhiteList  gapbondmgr.o
    0x11024d28   0x11024d28   0x00000054   Code   RO         1550    i.gapBondRecvEvt    gapbondmgr.o
    0x11024d7c   0x11024d7c   0x00000020   Code   RO         1551    i.gapBondSetupPrivFlag  gapbondmgr.o
    0x11024d9c   0x11024d9c   0x0000001e   Code   RO         3198    i.gapDetermineAddrType  ble_host.lib(gap_configmgr.o)
    0x11024dba   0x11024dba   0x00000048   Code   RO         3241    i.gapFindADType     ble_host.lib(gap_devmgr.o)
    0x11024e02   0x11024e02   0x00000002   PAD
    0x11024e04   0x11024e04   0x00000018   Code   RO         3322    i.gapFreeAdvertState  ble_host.lib(gap_peridevmgr.o)
    0x11024e1c   0x11024e1c   0x00000048   Code   RO         3263    i.gapFreeAuthLink   ble_host.lib(gap_linkmgr.o)
    0x11024e64   0x11024e64   0x00000018   Code   RO         3264    i.gapFreeEstLink    ble_host.lib(gap_linkmgr.o)
    0x11024e7c   0x11024e7c   0x0000001c   Code   RO         3200    i.gapGetDevAddress  ble_host.lib(gap_configmgr.o)
    0x11024e98   0x11024e98   0x0000000c   Code   RO         3201    i.gapGetDevAddressMode  ble_host.lib(gap_configmgr.o)
    0x11024ea4   0x11024ea4   0x0000000c   Code   RO         3202    i.gapGetIRK         ble_host.lib(gap_configmgr.o)
    0x11024eb0   0x11024eb0   0x0000000c   Code   RO         3203    i.gapGetSRK         ble_host.lib(gap_configmgr.o)
    0x11024ebc   0x11024ebc   0x0000000c   Code   RO         3204    i.gapGetSignCounter  ble_host.lib(gap_configmgr.o)
    0x11024ec8   0x11024ec8   0x00000028   Code   RO         3205    i.gapIncSignCounter  ble_host.lib(gap_configmgr.o)
    0x11024ef0   0x11024ef0   0x00000010   Code   RO         3242    i.gapIsAdvertising  ble_host.lib(gap_devmgr.o)
    0x11024f00   0x11024f00   0x00000140   Code   RO         3265    i.gapPairingCompleteCB  ble_host.lib(gap_linkmgr.o)
    0x11025040   0x11025040   0x00000064   Code   RO         3266    i.gapPasskeyNeededCB  ble_host.lib(gap_linkmgr.o)
    0x110250a4   0x110250a4   0x00000090   Code   RO         3323    i.gapPeriProcessHCICmdCompleteEvt  ble_host.lib(gap_peridevmgr.o)
    0x11025134   0x11025134   0x00000080   Code   RO         3324    i.gapProcessAdvertisingEvt  ble_host.lib(gap_peridevmgr.o)
    0x110251b4   0x110251b4   0x00000014   Code   RO         3267    i.gapProcessConnUpdateCompleteEvt  ble_host.lib(gap_linkmgr.o)
    0x110251c8   0x110251c8   0x000000e0   Code   RO         3268    i.gapProcessConnectionCompleteEvt  ble_host.lib(gap_linkmgr.o)
    0x110252a8   0x110252a8   0x0000006c   Code   RO         3269    i.gapProcessDisconnectCompleteEvt  ble_host.lib(gap_linkmgr.o)
    0x11025314   0x11025314   0x000000c0   Code   RO         3369    i.gapProcessHCICmdCompleteEvt  ble_host.lib(gap_task.o)
    0x110253d4   0x110253d4   0x0000002c   Code   RO         3206    i.gapProcessNewAddr  ble_host.lib(gap_configmgr.o)
    0x11025400   0x11025400   0x000000d4   Code   RO         3370    i.gapProcessOSALMsg  ble_host.lib(gap_task.o)
    0x110254d4   0x110254d4   0x0000006c   Code   RO         3207    i.gapProcessRandomAddrComplete  ble_host.lib(gap_configmgr.o)
    0x11025540   0x11025540   0x00000044   Code   RO         3208    i.gapReadBD_ADDRStatus  ble_host.lib(gap_configmgr.o)
    0x11025584   0x11025584   0x0000003c   Code   RO         3209    i.gapReadBufSizeCmdStatus  ble_host.lib(gap_configmgr.o)
    0x110255c0   0x110255c0   0x0000000c   Code   RO         3372    i.gapRegisterPeripheral  ble_host.lib(gap_task.o)
    0x110255cc   0x110255cc   0x000001fc   Code   RO         1803    i.gapRole_ProcessGAPMsg  peripheral.o
    0x110257c8   0x110257c8   0x000000b0   Code   RO         1804    i.gapRole_ProcessOSALMsg  peripheral.o
    0x11025878   0x11025878   0x0000005c   Code   RO         1805    i.gapRole_startConnUpdate  peripheral.o
    0x110258d4   0x110258d4   0x00000044   Code   RO         3272    i.gapSendBondCompleteEvent  ble_host.lib(gap_linkmgr.o)
    0x11025918   0x11025918   0x00000048   Code   RO         3210    i.gapSendDeviceInitDoneEvent  ble_host.lib(gap_configmgr.o)
    0x11025960   0x11025960   0x00000048   Code   RO         3273    i.gapSendLinkUpdateEvent  ble_host.lib(gap_linkmgr.o)
    0x110259a8   0x110259a8   0x0000003c   Code   RO         3325    i.gapSendMakeDiscEvent  ble_host.lib(gap_peridevmgr.o)
    0x110259e4   0x110259e4   0x0000005c   Code   RO         3274    i.gapSendPairingReqEvent  ble_host.lib(gap_linkmgr.o)
    0x11025a40   0x11025a40   0x00000088   Code   RO         3326    i.gapSetAdvParams   ble_host.lib(gap_peridevmgr.o)
    0x11025ac8   0x11025ac8   0x0000002c   Code   RO         3327    i.gapSetAdvParamsStatus  ble_host.lib(gap_peridevmgr.o)
    0x11025af4   0x11025af4   0x00000052   Code   RO         3212    i.gapUpdateConnSignCounter  ble_host.lib(gap_configmgr.o)
    0x11025b46   0x11025b46   0x00000012   Code   RO         3244    i.gapValidADType    ble_host.lib(gap_devmgr.o)
    0x11025b58   0x11025b58   0x00000030   Code   RO         3328    i.gapWriteAdvDataStatus  ble_host.lib(gap_peridevmgr.o)
    0x11025b88   0x11025b88   0x000000b8   Code   RO         3329    i.gapWriteAdvEnableStatus  ble_host.lib(gap_peridevmgr.o)
    0x11025c40   0x11025c40   0x0000002c   Code   RO         3400    i.gattFindServerInfo  ble_host.lib(gatt_server.o)
    0x11025c6c   0x11025c6c   0x0000002c   Code   RO         3401    i.gattGetServerStatus  ble_host.lib(gatt_server.o)
    0x11025c98   0x11025c98   0x00000052   Code   RO         3458    i.gattNotifyEvent   ble_host.lib(gatt_task.o)
    0x11025cea   0x11025cea   0x00000002   PAD
    0x11025cec   0x11025cec   0x0000001c   Code   RO         3402    i.gattProcessExchangeMTUReq  ble_host.lib(gatt_server.o)
    0x11025d08   0x11025d08   0x00000004   Code   RO         3403    i.gattProcessExecuteWriteReq  ble_host.lib(gatt_server.o)
    0x11025d0c   0x11025d0c   0x0000002c   Code   RO         3404    i.gattProcessFindByTypeValueReq  ble_host.lib(gatt_server.o)
    0x11025d38   0x11025d38   0x000000e8   Code   RO         3405    i.gattProcessFindInfoReq  ble_host.lib(gatt_server.o)
    0x11025e20   0x11025e20   0x00000048   Code   RO         3406    i.gattProcessReadByGrpTypeReq  ble_host.lib(gatt_server.o)
    0x11025e68   0x11025e68   0x0000002c   Code   RO         3407    i.gattProcessReadByTypeReq  ble_host.lib(gatt_server.o)
    0x11025e94   0x11025e94   0x00000048   Code   RO         3408    i.gattProcessReadMultiReq  ble_host.lib(gatt_server.o)
    0x11025edc   0x11025edc   0x0000001e   Code   RO         3409    i.gattProcessReadReq  ble_host.lib(gatt_server.o)
    0x11025efa   0x11025efa   0x00000002   PAD
    0x11025efc   0x11025efc   0x00000094   Code   RO         3459    i.gattProcessRxData  ble_host.lib(gatt_task.o)
    0x11025f90   0x11025f90   0x00000022   Code   RO         3410    i.gattProcessWriteReq  ble_host.lib(gatt_server.o)
    0x11025fb2   0x11025fb2   0x00000002   PAD
    0x11025fb4   0x11025fb4   0x0000000c   Code   RO         3461    i.gattRegisterServer  ble_host.lib(gatt_task.o)
    0x11025fc0   0x11025fc0   0x00000010   Code   RO         3411    i.gattResetServerInfo  ble_host.lib(gatt_server.o)
    0x11025fd0   0x11025fd0   0x0000000e   Code   RO         1912    i.gattServApp_FindAuthorizeAttrCB  gattservapp.o
    0x11025fde   0x11025fde   0x0000001c   Code   RO         1913    i.gattServApp_FindCharCfgItem  gattservapp.o
    0x11025ffa   0x11025ffa   0x00000002   PAD
    0x11025ffc   0x11025ffc   0x00000024   Code   RO         1914    i.gattServApp_FindPrepareWriteQ  gattservapp.o
    0x11026020   0x11026020   0x00000020   Code   RO         1915    i.gattServApp_FindServiceCBs  gattservapp.o
    0x11026040   0x11026040   0x0000005c   Code   RO         1916    i.gattServApp_HandleConnStatusCB  gattservapp.o
    0x1102609c   0x1102609c   0x00000088   Code   RO         1917    i.gattServApp_ProcessExecuteWriteReq  gattservapp.o
    0x11026124   0x11026124   0x000000f4   Code   RO         1918    i.gattServApp_ProcessFindByTypeValueReq  gattservapp.o
    0x11026218   0x11026218   0x00000160   Code   RO         1919    i.gattServApp_ProcessMsg  gattservapp.o
    0x11026378   0x11026378   0x000000a0   Code   RO         1920    i.gattServApp_ProcessPrepareWriteReq  gattservapp.o
    0x11026418   0x11026418   0x00000168   Code   RO         1921    i.gattServApp_ProcessReadByGrpTypeReq  gattservapp.o
    0x11026580   0x11026580   0x00000144   Code   RO         1922    i.gattServApp_ProcessReadByTypeReq  gattservapp.o
    0x110266c4   0x110266c4   0x000000ec   Code   RO         1923    i.gattServApp_ProcessReadMultiReq  gattservapp.o
    0x110267b0   0x110267b0   0x0000007a   Code   RO         1924    i.gattServApp_ProcessWriteReq  gattservapp.o
    0x1102682a   0x1102682a   0x00000002   PAD
    0x1102682c   0x1102682c   0x00000078   Code   RO         1926    i.gattServApp_SetNumPrepareWrites  gattservapp.o
    0x110268a4   0x110268a4   0x00000034   Code   RO         1927    i.gattServApp_WriteAttrCB  gattservapp.o
    0x110268d8   0x110268d8   0x00000080   Code   RO         3412    i.gattServerHandleConnStatusCB  ble_host.lib(gatt_server.o)
    0x11026958   0x11026958   0x0000002a   Code   RO         3413    i.gattServerHandleTimerCB  ble_host.lib(gatt_server.o)
    0x11026982   0x11026982   0x00000002   PAD
    0x11026984   0x11026984   0x000000d0   Code   RO         3414    i.gattServerProcessMsgCB  ble_host.lib(gatt_server.o)
    0x11026a54   0x11026a54   0x00000018   Code   RO         3416    i.gattServiceLastHandle  ble_host.lib(gatt_server.o)
    0x11026a6c   0x11026a6c   0x0000000e   Code   RO         3462    i.gattStartTimer    ble_host.lib(gatt_task.o)
    0x11026a7a   0x11026a7a   0x0000001a   Code   RO         3463    i.gattStopTimer     ble_host.lib(gatt_task.o)
    0x11026a94   0x11026a94   0x00000098   Code   RO         3954    i.generate_subkey   ble_host.lib(sm_mgr.o)
    0x11026b2c   0x11026b2c   0x000000c2   Code   RO         1722    i.ggs_ReadAttrCB    gapgattserver.o
    0x11026bee   0x11026bee   0x00000058   Code   RO         1723    i.ggs_SetAttrWPermit  gapgattserver.o
    0x11026c46   0x11026c46   0x00000002   PAD
    0x11026c48   0x11026c48   0x000000e4   Code   RO         1724    i.ggs_WriteAttrCB   gapgattserver.o
    0x11026d2c   0x11026d2c   0x00000018   Code   RO          491    i.hal_GPIO_IRQHandler  gpio.o
    0x11026d44   0x11026d44   0x00000020   Code   RO          496    i.hal_gpio_fmux     gpio.o
    0x11026d64   0x11026d64   0x00000038   Code   RO          497    i.hal_gpio_fmux_set  gpio.o
    0x11026d9c   0x11026d9c   0x00000058   Code   RO          498    i.hal_gpio_init     gpio.o
    0x11026df4   0x11026df4   0x00000040   Code   RO          499    i.hal_gpio_interrupt_enable  gpio.o
    0x11026e34   0x11026e34   0x0000001c   Code   RO          500    i.hal_gpio_pin2pin3_control  gpio.o
    0x11026e50   0x11026e50   0x00000054   Code   RO          502    i.hal_gpio_pull_set  gpio.o
    0x11026ea4   0x11026ea4   0x0000002c   Code   RO          503    i.hal_gpio_read     gpio.o
    0x11026ed0   0x11026ed0   0x00000088   Code   RO          509    i.hal_gpioin_event  gpio.o
    0x11026f58   0x11026f58   0x00000044   Code   RO         2122    i.handleConnStatusCB  ota_app_service.o
    0x11026f9c   0x11026f9c   0x0000002c   Code   RO         3330    i.isLimitedDiscoverableMode  ble_host.lib(gap_peridevmgr.o)
    0x11026fc8   0x11026fc8   0x00000038   Code   RO         3883    i.l2capAllocChannel  ble_host.lib(l2cap_util.o)
    0x11027000   0x11027000   0x0000002c   Code   RO         3887    i.l2capBuildParamUpdateReq  ble_host.lib(l2cap_util.o)
    0x1102702c   0x1102702c   0x000000b8   Code   RO         3888    i.l2capEncapSendData  ble_host.lib(l2cap_util.o)
    0x110270e4   0x110270e4   0x00000030   Code   RO         3889    i.l2capFindLocalId  ble_host.lib(l2cap_util.o)
    0x11027114   0x11027114   0x00000008   Code   RO         3890    i.l2capFreeChannel  ble_host.lib(l2cap_util.o)
    0x1102711c   0x1102711c   0x00000002   Code   RO         3891    i.l2capHandleRxError  ble_host.lib(l2cap_util.o)
    0x1102711e   0x1102711e   0x00000028   Code   RO         3892    i.l2capHandleTimerCB  ble_host.lib(l2cap_util.o)
    0x11027146   0x11027146   0x00000046   Code   RO         3893    i.l2capNotifyData   ble_host.lib(l2cap_util.o)
    0x1102718c   0x1102718c   0x0000004e   Code   RO         3894    i.l2capNotifySignal  ble_host.lib(l2cap_util.o)
    0x110271da   0x110271da   0x00000042   Code   RO         3895    i.l2capParseCmdReject  ble_host.lib(l2cap_util.o)
    0x1102721c   0x1102721c   0x0000019c   Code   RO         3898    i.l2capParsePacket  ble_host.lib(l2cap_util.o)
    0x110273b8   0x110273b8   0x00000016   Code   RO         3899    i.l2capParseParamUpdateRsp  ble_host.lib(l2cap_util.o)
    0x110273ce   0x110273ce   0x00000014   Code   RO         3900    i.l2capParseSignalHdr  ble_host.lib(l2cap_util.o)
    0x110273e2   0x110273e2   0x00000002   PAD
    0x110273e4   0x110273e4   0x00000104   Code   RO         3901    i.l2capPktToSegmentBuff  ble_host.lib(l2cap_util.o)
    0x110274e8   0x110274e8   0x00000068   Code   RO         3513    i.l2capProcessRsp   ble_host.lib(l2cap_task.o)
    0x11027550   0x11027550   0x00000094   Code   RO         3514    i.l2capProcessRxData  ble_host.lib(l2cap_task.o)
    0x110275e4   0x110275e4   0x000000a8   Code   RO         3515    i.l2capProcessSignal  ble_host.lib(l2cap_task.o)
    0x1102768c   0x1102768c   0x00000094   Code   RO         3902    i.l2capSarBufReset  ble_host.lib(l2cap_util.o)
    0x11027720   0x11027720   0x00000060   Code   RO         3903    i.l2capSendCmd      ble_host.lib(l2cap_util.o)
    0x11027780   0x11027780   0x0000007c   Code   RO         3904    i.l2capSendReq      ble_host.lib(l2cap_util.o)
    0x110277fc   0x110277fc   0x00000010   Code   RO         3905    i.l2capStopTimer    ble_host.lib(l2cap_util.o)
    0x1102780c   0x1102780c   0x0000001c   Code   RO         3955    i.leftshift_onebit  ble_host.lib(sm_mgr.o)
    0x11027828   0x11027828   0x00000058   Code   RO         3528    i.linkDB_Add        ble_host.lib(linkdb.o)
    0x11027880   0x11027880   0x0000004c   Code   RO         3529    i.linkDB_Authen     ble_host.lib(linkdb.o)
    0x110278cc   0x110278cc   0x00000030   Code   RO         3530    i.linkDB_Find       ble_host.lib(linkdb.o)
    0x110278fc   0x110278fc   0x0000003c   Code   RO         3531    i.linkDB_FindFirst  ble_host.lib(linkdb.o)
    0x11027938   0x11027938   0x0000004c   Code   RO         3532    i.linkDB_Init       ble_host.lib(linkdb.o)
    0x11027984   0x11027984   0x0000002c   Code   RO         3534    i.linkDB_NumActive  ble_host.lib(linkdb.o)
    0x110279b0   0x110279b0   0x00000034   Code   RO         3535    i.linkDB_PerformFunc  ble_host.lib(linkdb.o)
    0x110279e4   0x110279e4   0x0000002c   Code   RO         3536    i.linkDB_Register   ble_host.lib(linkdb.o)
    0x11027a10   0x11027a10   0x00000036   Code   RO         3537    i.linkDB_Remove     ble_host.lib(linkdb.o)
    0x11027a46   0x11027a46   0x00000002   PAD
    0x11027a48   0x11027a48   0x00000024   Code   RO         3538    i.linkDB_State      ble_host.lib(linkdb.o)
    0x11027a6c   0x11027a6c   0x0000007c   Code   RO         2123    i.load_ota_version  ota_app_service.o
    0x11027ae8   0x11027ae8   0x00000268   Code   RO          925    i.log_vsprintf      my_printf.o
    0x11027d50   0x11027d50   0x0000002c   Code   RO          926    i.my_dump_byte      my_printf.o
    0x11027d7c   0x11027d7c   0x00000168   Code   RO          927    i.number            my_printf.o
    0x11027ee4   0x11027ee4   0x00000028   Code   RO         2124    i.ota_ReadAttrCB    ota_app_service.o
    0x11027f0c   0x11027f0c   0x000000a8   Code   RO         2125    i.ota_WriteAttrCB   ota_app_service.o
    0x11027fb4   0x11027fb4   0x0000005c   Code   RO         2126    i.ota_app_AddService  ota_app_service.o
    0x11028010   0x11028010   0x00000014   Code   RO         2127    i.ota_disconnect_link  ota_app_service.o
    0x11028024   0x11028024   0x000000dc   Code   RO         2398    i.peripheralStateNotificationCB  simplebleperipheral.o
    0x11028100   0x11028100   0x00000002   Code   RO         2399    i.peripheralStateReadRssiCB  simplebleperipheral.o
    0x11028102   0x11028102   0x00000002   PAD
    0x11028104   0x11028104   0x000001d4   Code   RO         2130    i.process_cmd       ota_app_service.o
    0x110282d8   0x110282d8   0x0000002c   Code   RO         3540    i.reportStatusChange  ble_host.lib(linkdb.o)
    0x11028304   0x11028304   0x0000002e   Code   RO         2131    i.response          ota_app_service.o
    0x11028332   0x11028332   0x00000036   Code   RO         2132    i.response_rsp      ota_app_service.o
    0x11028368   0x11028368   0x000000f0   Code   RO         3276    i.sendAuthEvent     ble_host.lib(gap_linkmgr.o)
    0x11028458   0x11028458   0x0000005a   Code   RO         3277    i.sendEstLinkEvent  ble_host.lib(gap_linkmgr.o)
    0x110284b2   0x110284b2   0x00000002   PAD
    0x110284b4   0x110284b4   0x0000004c   Code   RO         2133    i.sendNotify        ota_app_service.o
    0x11028500   0x11028500   0x0000002a   Code   RO         3278    i.sendTerminateEvent  ble_host.lib(gap_linkmgr.o)
    0x1102852a   0x1102852a   0x00000002   PAD
    0x1102852c   0x1102852c   0x00000018   Code   RO         2134    i.set_ota_mode      ota_app_service.o
    0x11028544   0x11028544   0x00000084   Code   RO         2400    i.simpleBLEPeripheralPairStateCB  simplebleperipheral.o
    0x110285c8   0x110285c8   0x00000078   Code   RO         2401    i.simpleBLEPeripheralPasscodeCB  simplebleperipheral.o
    0x11028640   0x11028640   0x000002c0   Code   RO         2402    i.simpleProfileChangeCB  simplebleperipheral.o
    0x11028900   0x11028900   0x00000030   Code   RO         2238    i.simpleProfile_HandleConnStatusCB  sbpprofile_ota.o
    0x11028930   0x11028930   0x00000068   Code   RO         2239    i.simpleProfile_Notify  sbpprofile_ota.o
    0x11028998   0x11028998   0x00000080   Code   RO         2240    i.simpleProfile_ReadAttrCB  sbpprofile_ota.o
    0x11028a18   0x11028a18   0x00000130   Code   RO         2241    i.simpleProfile_WriteAttrCB  sbpprofile_ota.o
    0x11028b48   0x11028b48   0x00000020   Code   RO          928    i.skip_atoi         my_printf.o
    0x11028b68   0x11028b68   0x00000018   Code   RO         3956    i.smAuthReqToUint8  ble_host.lib(sm_mgr.o)
    0x11028b80   0x11028b80   0x0000002c   Code   RO         4007    i.smDetermineKeySize  ble_host.lib(sm_pairing.o)
    0x11028bac   0x11028bac   0x00000010   Code   RO         3957    i.smEncrypt         ble_host.lib(sm_mgr.o)
    0x11028bbc   0x11028bbc   0x00000008   Code   RO         3958    i.smEncryptLocal    ble_host.lib(sm_mgr.o)
    0x11028bc4   0x11028bc4   0x00000038   Code   RO         4008    i.smEndPairing      ble_host.lib(sm_pairing.o)
    0x11028bfc   0x11028bfc   0x0000006c   Code   RO         4009    i.smFreePairingParams  ble_host.lib(sm_pairing.o)
    0x11028c68   0x11028c68   0x00000030   Code   RO         4010    i.smGenerateConfirm  ble_host.lib(sm_pairing.o)
    0x11028c98   0x11028c98   0x00000044   Code   RO         4011    i.smGeneratePairingReqRsp  ble_host.lib(sm_pairing.o)
    0x11028cdc   0x11028cdc   0x00000026   Code   RO         3959    i.smGenerateRandBuf  ble_host.lib(sm_mgr.o)
    0x11028d02   0x11028d02   0x00000002   PAD
    0x11028d04   0x11028d04   0x00000030   Code   RO         4012    i.smGenerateRandMsg  ble_host.lib(sm_pairing.o)
    0x11028d34   0x11028d34   0x00000024   Code   RO         4013    i.smLinkCheck       ble_host.lib(sm_pairing.o)
    0x11028d58   0x11028d58   0x00000044   Code   RO         4014    i.smNextPairingState  ble_host.lib(sm_pairing.o)
    0x11028d9c   0x11028d9c   0x00000014   Code   RO         4015    i.smPairingSendEncInfo  ble_host.lib(sm_pairing.o)
    0x11028db0   0x11028db0   0x00000028   Code   RO         4016    i.smPairingSendIdentityAddrInfo  ble_host.lib(sm_pairing.o)
    0x11028dd8   0x11028dd8   0x00000014   Code   RO         4017    i.smPairingSendIdentityInfo  ble_host.lib(sm_pairing.o)
    0x11028dec   0x11028dec   0x0000002c   Code   RO         4018    i.smPairingSendMasterID  ble_host.lib(sm_pairing.o)
    0x11028e18   0x11028e18   0x00000014   Code   RO         4019    i.smPairingSendSingingInfo  ble_host.lib(sm_pairing.o)
    0x11028e2c   0x11028e2c   0x0000009c   Code   RO         4020    i.smProcessDataMsg  ble_host.lib(sm_pairing.o)
    0x11028ec8   0x11028ec8   0x000000b8   Code   RO         4021    i.smProcessEncryptChange  ble_host.lib(sm_pairing.o)
    0x11028f80   0x11028f80   0x00000094   Code   RO         3592    i.smProcessOSALMsg  ble_host.lib(sm_task.o)
    0x11029014   0x11029014   0x00000058   Code   RO         4022    i.smProcessPairingReq  ble_host.lib(sm_pairing.o)
    0x1102906c   0x1102906c   0x0000007c   Code   RO         3961    i.smProcessRandComplete  ble_host.lib(sm_mgr.o)
    0x110290e8   0x110290e8   0x0000000c   Code   RO         4025    i.smRegisterResponder  ble_host.lib(sm_pairing.o)
    0x110290f4   0x110290f4   0x000000ec   Code   RO         3561    i.smResponderProcessLTKReq  ble_host.lib(sm_rsppairing.o)
    0x110291e0   0x110291e0   0x000001cc   Code   RO         3562    i.smResponderSendNextKeyInfo  ble_host.lib(sm_rsppairing.o)
    0x110293ac   0x110293ac   0x00000178   Code   RO         4026    i.smSavePairInfo    ble_host.lib(sm_pairing.o)
    0x11029524   0x11029524   0x00000024   Code   RO         4027    i.smSendFailAndEnd  ble_host.lib(sm_pairing.o)
    0x11029548   0x11029548   0x00000046   Code   RO         4067    i.smSendSMMsg       ble_host.lib(smp.o)
    0x1102958e   0x1102958e   0x00000002   PAD
    0x11029590   0x11029590   0x00000040   Code   RO         4028    i.smSetPairingReqRsp  ble_host.lib(sm_pairing.o)
    0x110295d0   0x110295d0   0x00000020   Code   RO         4029    i.smStartEncryption  ble_host.lib(sm_pairing.o)
    0x110295f0   0x110295f0   0x00000050   Code   RO         3962    i.smStartRspTimer   ble_host.lib(sm_mgr.o)
    0x11029640   0x11029640   0x0000000a   Code   RO         3593    i.smState_timerCB   ble_host.lib(sm_task.o)
    0x1102964a   0x1102964a   0x00000002   PAD
    0x1102964c   0x1102964c   0x00000024   Code   RO         3963    i.smStopRspTimer    ble_host.lib(sm_mgr.o)
    0x11029670   0x11029670   0x0000000a   Code   RO         4030    i.smTimedOut        ble_host.lib(sm_pairing.o)
    0x1102967a   0x1102967a   0x0000000a   Code   RO         3594    i.smTo_timerCB      ble_host.lib(sm_task.o)
    0x11029684   0x11029684   0x0000002c   Code   RO         3964    i.smUint8ToAuthReq  ble_host.lib(sm_mgr.o)
    0x110296b0   0x110296b0   0x00000154   Code   RO         3965    i.sm_CMAC           ble_host.lib(sm_mgr.o)
    0x11029804   0x11029804   0x00000044   Code   RO         3966    i.sm_ah             ble_host.lib(sm_mgr.o)
    0x11029848   0x11029848   0x0000009c   Code   RO         4031    i.sm_c1             ble_host.lib(sm_pairing.o)
    0x110298e4   0x110298e4   0x000000c2   Code   RO         3967    i.sm_c1new          ble_host.lib(sm_mgr.o)
    0x110299a6   0x110299a6   0x00000040   Code   RO         3970    i.sm_s1             ble_host.lib(sm_mgr.o)
    0x110299e6   0x110299e6   0x0000001a   Code   RO         3971    i.sm_xor            ble_host.lib(sm_mgr.o)
    0x11029a00   0x11029a00   0x00000022   Code   RO         4068    i.smpBuildEncInfo   ble_host.lib(smp.o)
    0x11029a22   0x11029a22   0x00000026   Code   RO         4069    i.smpBuildIdentityAddrInfo  ble_host.lib(smp.o)
    0x11029a48   0x11029a48   0x00000022   Code   RO         4070    i.smpBuildIdentityInfo  ble_host.lib(smp.o)
    0x11029a6a   0x11029a6a   0x0000002e   Code   RO         4071    i.smpBuildMasterID  ble_host.lib(smp.o)
    0x11029a98   0x11029a98   0x00000022   Code   RO         4072    i.smpBuildPairingConfirm  ble_host.lib(smp.o)
    0x11029aba   0x11029aba   0x00000018   Code   RO         4073    i.smpBuildPairingFailed  ble_host.lib(smp.o)
    0x11029ad2   0x11029ad2   0x00000022   Code   RO         4074    i.smpBuildPairingRandom  ble_host.lib(smp.o)
    0x11029af4   0x11029af4   0x0000000e   Code   RO         4075    i.smpBuildPairingReq  ble_host.lib(smp.o)
    0x11029b02   0x11029b02   0x00000084   Code   RO         4076    i.smpBuildPairingReqRsp  ble_host.lib(smp.o)
    0x11029b86   0x11029b86   0x0000000e   Code   RO         4077    i.smpBuildPairingRsp  ble_host.lib(smp.o)
    0x11029b94   0x11029b94   0x0000001e   Code   RO         4078    i.smpBuildSecurityReq  ble_host.lib(smp.o)
    0x11029bb2   0x11029bb2   0x00000022   Code   RO         4079    i.smpBuildSigningInfo  ble_host.lib(smp.o)
    0x11029bd4   0x11029bd4   0x0000001e   Code   RO         4080    i.smpParseEncInfo   ble_host.lib(smp.o)
    0x11029bf2   0x11029bf2   0x00000022   Code   RO         4081    i.smpParseIdentityAddrInfo  ble_host.lib(smp.o)
    0x11029c14   0x11029c14   0x0000001e   Code   RO         4082    i.smpParseIdentityInfo  ble_host.lib(smp.o)
    0x11029c32   0x11029c32   0x00000028   Code   RO         4083    i.smpParseMasterID  ble_host.lib(smp.o)
    0x11029c5a   0x11029c5a   0x0000001e   Code   RO         4084    i.smpParsePairingConfirm  ble_host.lib(smp.o)
    0x11029c78   0x11029c78   0x00000020   Code   RO         4085    i.smpParsePairingFailed  ble_host.lib(smp.o)
    0x11029c98   0x11029c98   0x0000001e   Code   RO         4086    i.smpParsePairingRandom  ble_host.lib(smp.o)
    0x11029cb6   0x11029cb6   0x00000002   PAD
    0x11029cb8   0x11029cb8   0x000000d4   Code   RO         4087    i.smpParsePairingReq  ble_host.lib(smp.o)
    0x11029d8c   0x11029d8c   0x0000001c   Code   RO         4088    i.smpParseSecurityReq  ble_host.lib(smp.o)
    0x11029da8   0x11029da8   0x0000001e   Code   RO         4089    i.smpParseSigningInfo  ble_host.lib(smp.o)
    0x11029dc6   0x11029dc6   0x00000002   PAD
    0x11029dc8   0x11029dc8   0x00000050   Code   RO         4032    i.smpProcessIncoming  ble_host.lib(sm_pairing.o)
    0x11029e18   0x11029e18   0x00000058   Code   RO         3563    i.smpResponderProcessEncryptionInformation  ble_host.lib(sm_rsppairing.o)
    0x11029e70   0x11029e70   0x0000004c   Code   RO         3564    i.smpResponderProcessIdentityAddrInfo  ble_host.lib(sm_rsppairing.o)
    0x11029ebc   0x11029ebc   0x0000004c   Code   RO         3565    i.smpResponderProcessIdentityInfo  ble_host.lib(sm_rsppairing.o)
    0x11029f08   0x11029f08   0x000000b8   Code   RO         3566    i.smpResponderProcessIncoming  ble_host.lib(sm_rsppairing.o)
    0x11029fc0   0x11029fc0   0x00000068   Code   RO         3567    i.smpResponderProcessMasterID  ble_host.lib(sm_rsppairing.o)
    0x1102a028   0x1102a028   0x00000050   Code   RO         3568    i.smpResponderProcessPairingConfirm  ble_host.lib(sm_rsppairing.o)
    0x1102a078   0x1102a078   0x00000060   Code   RO         3569    i.smpResponderProcessPairingRandom  ble_host.lib(sm_rsppairing.o)
    0x1102a0d8   0x1102a0d8   0x000000c4   Code   RO         3570    i.smpResponderProcessPairingReq  ble_host.lib(sm_rsppairing.o)
    0x1102a19c   0x1102a19c   0x0000005c   Code   RO         3571    i.smpResponderProcessSigningInfo  ble_host.lib(sm_rsppairing.o)
    0x1102a1f8   0x1102a1f8   0x000000d4   Code   RO         2403    i.updateAdvData     simplebleperipheral.o
    0x1102a2cc   0x1102a2cc   0x00000016   Code   RO         3972    i.xor_128           ble_host.lib(sm_mgr.o)
    0x1102a2e2   0x1102a2e2   0x0000005c   Data   RO          516    .constdata          gpio.o
    0x1102a33e   0x1102a33e   0x00000002   PAD
    0x1102a340   0x1102a340   0x00000010   Data   RO          929    .constdata          my_printf.o
    0x1102a350   0x1102a350   0x00000008   Data   RO         1726    .constdata          gapgattserver.o
    0x1102a358   0x1102a358   0x0000000c   Data   RO         1727    .constdata          gapgattserver.o
    0x1102a364   0x1102a364   0x00000008   Data   RO         1929    .constdata          gattservapp.o
    0x1102a36c   0x1102a36c   0x0000000c   Data   RO         1930    .constdata          gattservapp.o
    0x1102a378   0x1102a378   0x00000010   Data   RO         2136    .constdata          ota_app_service.o
    0x1102a388   0x1102a388   0x00000010   Data   RO         2137    .constdata          ota_app_service.o
    0x1102a398   0x1102a398   0x00000010   Data   RO         2138    .constdata          ota_app_service.o
    0x1102a3a8   0x1102a3a8   0x00000008   Data   RO         2139    .constdata          ota_app_service.o
    0x1102a3b0   0x1102a3b0   0x0000000c   Data   RO         2140    .constdata          ota_app_service.o
    0x1102a3bc   0x1102a3bc   0x00000002   Data   RO         2244    .constdata          sbpprofile_ota.o
    0x1102a3be   0x1102a3be   0x00000002   Data   RO         2245    .constdata          sbpprofile_ota.o
    0x1102a3c0   0x1102a3c0   0x00000002   Data   RO         2246    .constdata          sbpprofile_ota.o
    0x1102a3c2   0x1102a3c2   0x00000002   Data   RO         2247    .constdata          sbpprofile_ota.o
    0x1102a3c4   0x1102a3c4   0x00000002   Data   RO         2248    .constdata          sbpprofile_ota.o
    0x1102a3c6   0x1102a3c6   0x00000002   PAD
    0x1102a3c8   0x1102a3c8   0x00000008   Data   RO         2249    .constdata          sbpprofile_ota.o
    0x1102a3d0   0x1102a3d0   0x0000000c   Data   RO         2250    .constdata          sbpprofile_ota.o
    0x1102a3dc   0x1102a3dc   0x00000010   Data   RO         3128    .constdata          ble_host.lib(att_util.o)
    0x1102a3ec   0x1102a3ec   0x00000060   Data   RO         3417    .constdata          ble_host.lib(gatt_server.o)
    0x1102a44c   0x1102a44c   0x0000002a   Data   RO         3480    .constdata          ble_host.lib(gatt_uuid.o)
    0x1102a476   0x1102a476   0x00000010   Data   RO         3974    .constdata          ble_host.lib(sm_mgr.o)
    0x1102a486   0x1102a486   0x00000019   Data   RO         4033    .constdata          ble_host.lib(sm_pairing.o)
    0x1102a49f   0x1102a49f   0x00000001   PAD
    0x1102a4a0   0x1102a4a0   0x0000004d   Data   RO          930    .conststring        my_printf.o
    0x1102a4ed   0x1102a4ed   0x00000003   PAD
    0x1102a4f0   0x1102a4f0   0x00000091   Data   RO         2405    .conststring        simplebleperipheral.o


==============================================================================

Image component sizes


      Code (inc. data)   RO Data    RW Data    ZI Data      Debug   Object Name

       572         60          0          0          0       5523   clock.o
       950         82          0         15          0      18481   flash.o
      1936        100          0          8         20      13813   fs.o
       140         80          0          0          0       1365   gap.o
      3686        314          0         40        166      33529   gapbondmgr.o
       678         44         20        131         22       6040   gapgattserver.o
      3670        208         20         97        744      31981   gattservapp.o
       556         68         92          0        304      15881   gpio.o
       628        380       1024       1028          0       3642   jump_table.o
       792        280        134         20       4688     118061   main.o
      1114         34         93          8          0       8259   my_printf.o
       128          4         53          4          0       2216   osal_simplebleperipheral.o
       208         72          0          0          0       2476   osal_snv.o
      1180        242         68        112        103      14314   ota_app_service.o
       944        214          0         20        124       6750   param.o
      2028        180          0         97         63      15228   peripheral.o
       440         52          0         17        132       8594   pwrmgr.o
       820         92         30        285        768      11856   sbpprofile_ota.o
      2802        818        145        115        716      12378   simplebleperipheral.o
        20          0          0          0          0        519   simplebleperipheral_main.o
        48         10        192          0       1024       1048   startup_armcm0.o
        16          8          0          4          0        747   system_armcm0.o
        72         16          0          4          0       2221   timer.o
      1400        148         12          2         64      19416   uart.o
       226         46         40          2          0       4040   usertask.o
       220         32          0          1          0       2278   watchdog.o

    ----------------------------------------------------------------------
     28250       4568       2034       2032       8940     360656   Object Totals
      2952        984         96          0          0          0   (incl. Generated)
        24          0         15         22          2          0   (incl. Padding)

    ----------------------------------------------------------------------

      Code (inc. data)   RO Data    RW Data    ZI Data      Debug   Library Member Name

       356         70          0          0          0        956   att_server.o
      1274         38         16         16          0       1948   att_util.o
       806        110          0         90         28       1184   gap_configmgr.o
       114          4          0          8          0        268   gap_devmgr.o
      2150         78          0         16          0       1520   gap_linkmgr.o
      1360        168          0         28          0       1012   gap_peridevmgr.o
        84         14          0          0          0         72   gap_perilinkmgr.o
       684         72          0         12          0        472   gap_task.o
         0          0          0          8          0          0   gatt_client.o
      1992        118         96         12          0       2016   gatt_server.o
       408         22          0         12          0        568   gatt_task.o
         0          0         42          0          0          0   gatt_uuid.o
       168         18          0          1          0        336   l2cap_if.o
       548         22          0          1         46        384   l2cap_task.o
      2180         92          0         12         52       1792   l2cap_util.o
       782         98          0         12          0        880   linkdb.o
      1768         30         16          4         15       1476   sm_mgr.o
      2142        166         25         12          0       1896   sm_pairing.o
      1720         92          0         12         15        908   sm_rsppairing.o
       276         32          0          1          0        348   sm_task.o
      1034          6          0          0          0       1564   smp.o
        86          0          0          0          0          0   __dczerorl2.o
         0          0          0          0          0          0   entry.o
         0          0          0          0          0          0   entry10a.o
         0          0          0          0          0          0   entry11a.o
         4          0          0          0          0          0   entry12b.o
         8          4          0          0          0          0   entry2.o
         4          0          0          0          0          0   entry5.o
         0          0          0          0          0          0   entry7b.o
         0          0          0          0          0          0   entry8b.o
         8          4          0          0          0          0   entry9a.o
        30          0          0          0          0          0   handlers.o
        36          8          0          0          0         68   init.o
       510          8          0          0          0        228   printf3.o
       184         16          0          8          0         72   lib_efuse3.o
      9744       1100         32         72        364       4492   patch.o
       242         36          0          1         16        344   phy_sec_ext.o
      5678       1092          0          8         32       1492   rf_phy_driver.o

    ----------------------------------------------------------------------
     36436       3518        228        356        576      26296   Library Totals
        56          0          1         10          8          0   (incl. Padding)

    ----------------------------------------------------------------------

      Code (inc. data)   RO Data    RW Data    ZI Data      Debug   Library Name

     19846       1250        195        257        156      19600   ble_host.lib
       686         24          0          0          0        296   mc_p.l
     15848       2244         32         89        412       6400   rf.lib

    ----------------------------------------------------------------------
     36436       3518        228        356        576      26296   Library Totals

    ----------------------------------------------------------------------

==============================================================================


      Code (inc. data)   RO Data    RW Data    ZI Data      Debug   

     64686       8086       2262       2388       9516     362308   Grand Totals
     64686       8086       2262       1376       9516     362308   ELF Image Totals (compressed)
     64686       8086       2262       1376          0          0   ROM Totals

==============================================================================

    Total RO  Size (Code + RO Data)                66948 (  65.38kB)
    Total RW  Size (RW Data + ZI Data)             11904 (  11.63kB)
    Total ROM Size (Code + RO Data + RW Data)      68324 (  66.72kB)

==============================================================================

