Component: ARM Compiler 5.06 update 1 (build 61) Tool: armlink [4d35a8]

==============================================================================

Section Cross References

    main.o(i.advertising_start) refers to nrf_log_frontend.o(i.nrf_log_frontend_std_0) for nrf_log_frontend_std_0
    main.o(i.advertising_start) refers to peer_manager.o(i.pm_peers_delete) for pm_peers_delete
    main.o(i.advertising_start) refers to ble_advertising.o(i.ble_advertising_start) for ble_advertising_start
    main.o(i.advertising_start) refers to app_error.o(i.app_error_handler_bare) for app_error_handler_bare
    main.o(i.advertising_start) refers to nrf_log_frontend.o(log_dynamic_data) for m_nrf_log_app_logs_data_dynamic
    main.o(i.advertising_start) refers to main.o(.bss) for .bss
    main.o(i.assert_nrf_callback) refers to app_error_handler_keil.o(.emb_text) for app_error_handler
    main.o(i.ble_evt_handler) refers to nrf_log_frontend.o(i.nrf_log_frontend_std_0) for nrf_log_frontend_std_0
    main.o(i.ble_evt_handler) refers to bsp.o(i.bsp_indication_set) for bsp_indication_set
    main.o(i.ble_evt_handler) refers to app_error.o(i.app_error_handler_bare) for app_error_handler_bare
    main.o(i.ble_evt_handler) refers to nrf_ble_qwr.o(i.nrf_ble_qwr_conn_handle_assign) for nrf_ble_qwr_conn_handle_assign
    main.o(i.ble_evt_handler) refers to nrf_log_frontend.o(log_dynamic_data) for m_nrf_log_app_logs_data_dynamic
    main.o(i.ble_evt_handler) refers to main.o(.data) for .data
    main.o(i.ble_evt_handler) refers to main.o(.bss) for .bss
    main.o(i.bsp_event_handler) refers to main.o(i.sleep_mode_enter) for sleep_mode_enter
    main.o(i.bsp_event_handler) refers to app_error.o(i.app_error_handler_bare) for app_error_handler_bare
    main.o(i.bsp_event_handler) refers to ble_advertising.o(i.ble_advertising_restart_without_whitelist) for ble_advertising_restart_without_whitelist
    main.o(i.bsp_event_handler) refers to main.o(.data) for .data
    main.o(i.bsp_event_handler) refers to main.o(.bss) for .bss
    main.o(i.conn_params_error_handler) refers to app_error.o(i.app_error_handler_bare) for app_error_handler_bare
    main.o(i.gap_params_init) refers to app_error.o(i.app_error_handler_bare) for app_error_handler_bare
    main.o(i.main) refers to nrf_log_frontend.o(i.nrf_log_init) for nrf_log_init
    main.o(i.main) refers to app_error.o(i.app_error_handler_bare) for app_error_handler_bare
    main.o(i.main) refers to nrf_log_default_backends.o(i.nrf_log_default_backends_init) for nrf_log_default_backends_init
    main.o(i.main) refers to app_timer.o(i.app_timer_init) for app_timer_init
    main.o(i.main) refers to bsp.o(i.bsp_init) for bsp_init
    main.o(i.main) refers to bsp_btn_ble.o(i.bsp_btn_ble_init) for bsp_btn_ble_init
    main.o(i.main) refers to nrf_pwr_mgmt.o(i.nrf_pwr_mgmt_init) for nrf_pwr_mgmt_init
    main.o(i.main) refers to nrf_sdh.o(i.nrf_sdh_enable_request) for nrf_sdh_enable_request
    main.o(i.main) refers to nrf_sdh_ble.o(i.nrf_sdh_ble_default_cfg_set) for nrf_sdh_ble_default_cfg_set
    main.o(i.main) refers to nrf_sdh_ble.o(i.nrf_sdh_ble_enable) for nrf_sdh_ble_enable
    main.o(i.main) refers to main.o(i.gap_params_init) for gap_params_init
    main.o(i.main) refers to nrf_ble_gatt.o(i.nrf_ble_gatt_init) for nrf_ble_gatt_init
    main.o(i.main) refers to memseta.o(.text) for __aeabi_memclr4
    main.o(i.main) refers to ble_advertising.o(i.ble_advertising_init) for ble_advertising_init
    main.o(i.main) refers to ble_advertising.o(i.ble_advertising_conn_cfg_tag_set) for ble_advertising_conn_cfg_tag_set
    main.o(i.main) refers to nrf_ble_qwr.o(i.nrf_ble_qwr_init) for nrf_ble_qwr_init
    main.o(i.main) refers to ble_conn_params.o(i.ble_conn_params_init) for ble_conn_params_init
    main.o(i.main) refers to main.o(i.peer_manager_init) for peer_manager_init
    main.o(i.main) refers to nrf_log_frontend.o(i.nrf_log_frontend_std_0) for nrf_log_frontend_std_0
    main.o(i.main) refers to main.o(i.advertising_start) for advertising_start
    main.o(i.main) refers to nrf_log_frontend.o(i.nrf_log_frontend_dequeue) for nrf_log_frontend_dequeue
    main.o(i.main) refers to nrf_pwr_mgmt.o(i.nrf_pwr_mgmt_run) for nrf_pwr_mgmt_run
    main.o(i.main) refers to main.o(i.bsp_event_handler) for bsp_event_handler
    main.o(i.main) refers to main.o(.bss) for .bss
    main.o(i.main) refers to main.o(.data) for .data
    main.o(i.main) refers to main.o(i.on_adv_evt) for on_adv_evt
    main.o(i.main) refers to main.o(i.nrf_qwr_error_handler) for nrf_qwr_error_handler
    main.o(i.main) refers to main.o(i.on_conn_params_evt) for on_conn_params_evt
    main.o(i.main) refers to main.o(i.conn_params_error_handler) for conn_params_error_handler
    main.o(i.main) refers to nrf_log_frontend.o(log_dynamic_data) for m_nrf_log_app_logs_data_dynamic
    main.o(i.nrf_qwr_error_handler) refers to app_error.o(i.app_error_handler_bare) for app_error_handler_bare
[...]
    nrf_pwr_mgmt_run                         0x0002b7b1   Thumb Code    64  nrf_pwr_mgmt.o(i.nrf_pwr_mgmt_run)
    nrf_sdh_ble_app_ram_start_get            0x0002b7f9   Thumb Code    16  nrf_sdh_ble.o(i.nrf_sdh_ble_app_ram_start_get)
    nrf_sdh_ble_default_cfg_set              0x0002b80d   Thumb Code   240  nrf_sdh_ble.o(i.nrf_sdh_ble_default_cfg_set)
    nrf_sdh_ble_enable                       0x0002b915   Thumb Code   116  nrf_sdh_ble.o(i.nrf_sdh_ble_enable)
    nrf_sdh_disable_request                  0x0002ba9d   Thumb Code    80  nrf_sdh.o(i.nrf_sdh_disable_request)
    nrf_sdh_enable_request                   0x0002baf1   Thumb Code   102  nrf_sdh.o(i.nrf_sdh_enable_request)
    nrf_sdh_evts_poll                        0x0002bb65   Thumb Code    32  nrf_sdh.o(i.nrf_sdh_evts_poll)
    nrf_sdh_is_enabled                       0x0002bb89   Thumb Code     6  nrf_sdh.o(i.nrf_sdh_is_enabled)
    nrf_sdh_request_continue                 0x0002bb95   Thumb Code    22  nrf_sdh.o(i.nrf_sdh_request_continue)
    nrf_section_iter_init                    0x0002bbed   Thumb Code    10  nrf_section_iter.o(i.nrf_section_iter_init)
    nrf_section_iter_next                    0x0002bc1b   Thumb Code    32  nrf_section_iter.o(i.nrf_section_iter_next)
    nrf_strerror_find                        0x0002bc3d   Thumb Code    52  nrf_strerror.o(i.nrf_strerror_find)
    nrf_strerror_get                         0x0002bc75   Thumb Code    14  nrf_strerror.o(i.nrf_strerror_get)
    nrfx_clock_enable                        0x0002bcc1   Thumb Code    36  nrfx_clock.o(i.nrfx_clock_enable)
    nrfx_clock_init                          0x0002bced   Thumb Code    26  nrfx_clock.o(i.nrfx_clock_init)
    nrfx_clock_lfclk_stop                    0x0002bd0d   Thumb Code    20  nrfx_clock.o(i.nrfx_clock_lfclk_stop)
    nrfx_gpiote_in_event_enable              0x0002bd39   Thumb Code   144  nrfx_gpiote.o(i.nrfx_gpiote_in_event_enable)
    nrfx_gpiote_in_init                      0x0002bdd1   Thumb Code   200  nrfx_gpiote.o(i.nrfx_gpiote_in_init)
    nrfx_gpiote_in_is_set                    0x0002bea5   Thumb Code    14  nrfx_gpiote.o(i.nrfx_gpiote_in_is_set)
    nrfx_gpiote_init                         0x0002beb5   Thumb Code   104  nrfx_gpiote.o(i.nrfx_gpiote_init)
    nrfx_gpiote_is_init                      0x0002bf29   Thumb Code    14  nrfx_gpiote.o(i.nrfx_gpiote_is_init)
    nrfx_prs_acquire                         0x0002bf4d   Thumb Code    58  nrfx_prs.o(i.nrfx_prs_acquire)
    nrfx_prs_release                         0x0002bf87   Thumb Code    18  nrfx_prs.o(i.nrfx_prs_release)
    nrfx_uart_0_irq_handler                  0x0002bf99   Thumb Code     8  nrfx_uart.o(i.nrfx_uart_0_irq_handler)
    nrfx_uart_init                           0x0002bfa9   Thumb Code   200  nrfx_uart.o(i.nrfx_uart_init)
    nrfx_uart_tx                             0x0002c07d   Thumb Code   160  nrfx_uart.o(i.nrfx_uart_tx)
    nrfx_uart_tx_in_progress                 0x0002c121   Thumb Code    26  nrfx_uart.o(i.nrfx_uart_tx_in_progress)
    nrfx_uart_uninit                         0x0002c141   Thumb Code   170  nrfx_uart.o(i.nrfx_uart_uninit)
    nrfx_uarte_0_irq_handler                 0x0002c1f5   Thumb Code     8  nrfx_uarte.o(i.nrfx_uarte_0_irq_handler)
    nrfx_uarte_init                          0x0002c205   Thumb Code   100  nrfx_uarte.o(i.nrfx_uarte_init)
    nrfx_uarte_tx                            0x0002c271   Thumb Code   138  nrfx_uarte.o(i.nrfx_uarte_tx)
    nrfx_uarte_tx_in_progress                0x0002c301   Thumb Code    22  nrfx_uarte.o(i.nrfx_uarte_tx_in_progress)
    nrfx_uarte_uninit                        0x0002c31d   Thumb Code   166  nrfx_uarte.o(i.nrfx_uarte_uninit)
    pdb_init                                 0x0002c7d9   Thumb Code    66  peer_database.o(i.pdb_init)
    pdb_next_deleted_peer_id_get             0x0002c825   Thumb Code     4  peer_database.o(i.pdb_next_deleted_peer_id_get)
    pdb_next_peer_id_get                     0x0002c829   Thumb Code     4  peer_database.o(i.pdb_next_peer_id_get)
    pdb_pds_evt_handler                      0x0002c82d   Thumb Code   108  peer_database.o(i.pdb_pds_evt_handler)
    pdb_peer_allocate                        0x0002c8a1   Thumb Code     4  peer_database.o(i.pdb_peer_allocate)
    pdb_peer_data_load                       0x0002c8a5   Thumb Code    16  peer_database.o(i.pdb_peer_data_load)
    pdb_peer_data_ptr_get                    0x0002c8b5   Thumb Code     6  peer_database.o(i.pdb_peer_data_ptr_get)
    pdb_peer_free                            0x0002c8bb   Thumb Code    68  peer_database.o(i.pdb_peer_free)
    pdb_raw_store                            0x0002c8ff   Thumb Code     8  peer_database.o(i.pdb_raw_store)
    pdb_write_buf_get                        0x0002c909   Thumb Code   190  peer_database.o(i.pdb_write_buf_get)
    pdb_write_buf_release                    0x0002c9cd   Thumb Code    40  peer_database.o(i.pdb_write_buf_release)
    pdb_write_buf_store                      0x0002c9f5   Thumb Code    40  peer_database.o(i.pdb_write_buf_store)
    pdb_write_buf_store_prepare              0x0002ca1d   Thumb Code    98  peer_database.o(i.pdb_write_buf_store_prepare)
    pds_init                                 0x0002ca95   Thumb Code    98  peer_data_storage.o(i.pds_init)
    pds_next_deleted_peer_id_get             0x0002cb01   Thumb Code     4  peer_data_storage.o(i.pds_next_deleted_peer_id_get)
    pds_next_peer_id_get                     0x0002cb05   Thumb Code     4  peer_data_storage.o(i.pds_next_peer_id_get)
    pds_peer_data_iterate                    0x0002cb09   Thumb Code    84  peer_data_storage.o(i.pds_peer_data_iterate)
    pds_peer_data_iterate_prepare            0x0002cb61   Thumb Code    10  peer_data_storage.o(i.pds_peer_data_iterate_prepare)
    pds_peer_data_read                       0x0002cb71   Thumb Code   104  peer_data_storage.o(i.pds_peer_data_read)
    pds_peer_data_store                      0x0002cbd9   Thumb Code   150  peer_data_storage.o(i.pds_peer_data_store)
    pds_peer_id_allocate                     0x0002cc6f   Thumb Code     8  peer_data_storage.o(i.pds_peer_id_allocate)
    pds_peer_id_free                         0x0002cc77   Thumb Code    22  peer_data_storage.o(i.pds_peer_id_free)
    pds_peer_id_is_allocated                 0x0002cc8d   Thumb Code     4  peer_data_storage.o(i.pds_peer_id_is_allocated)
    pds_space_reserve                        0x0002cc91   Thumb Code    46  peer_data_storage.o(i.pds_space_reserve)
    pds_space_reserve_cancel                 0x0002ccbf   Thumb Code    16  peer_data_storage.o(i.pds_space_reserve_cancel)
    peer_id_allocate                         0x0002cdc9   Thumb Code     6  peer_id.o(i.peer_id_allocate)
    peer_id_delete                           0x0002cdd5   Thumb Code    32  peer_id.o(i.peer_id_delete)
    peer_id_free                             0x0002cdf9   Thumb Code    24  peer_id.o(i.peer_id_free)
    peer_id_get_next_deleted                 0x0002ce15   Thumb Code     6  peer_id.o(i.peer_id_get_next_deleted)
    peer_id_get_next_used                    0x0002ce21   Thumb Code    42  peer_id.o(i.peer_id_get_next_used)
    peer_id_init                             0x0002ce51   Thumb Code    36  peer_id.o(i.peer_id_init)
    peer_id_is_allocated                     0x0002ce79   Thumb Code    16  peer_id.o(i.peer_id_is_allocated)
    peer_id_is_deleted                       0x0002ce8d   Thumb Code    16  peer_id.o(i.peer_id_is_deleted)
    pm_buffer_block_acquire                  0x0002cf71   Thumb Code    92  pm_buffer.o(i.pm_buffer_block_acquire)
    pm_buffer_init                           0x0002cfcd   Thumb Code    64  pm_buffer.o(i.pm_buffer_init)
    pm_buffer_ptr_get                        0x0002d00d   Thumb Code    40  pm_buffer.o(i.pm_buffer_ptr_get)
    pm_buffer_release                        0x0002d035   Thumb Code    46  pm_buffer.o(i.pm_buffer_release)
    pm_conn_sec_config_reply                 0x0002d063   Thumb Code    10  peer_manager.o(i.pm_conn_sec_config_reply)
    pm_gcm_evt_handler                       0x0002d165   Thumb Code     4  peer_manager.o(i.pm_gcm_evt_handler)
    pm_im_evt_handler                        0x0002d169   Thumb Code     4  peer_manager.o(i.pm_im_evt_handler)
    pm_init                                  0x0002d16d   Thumb Code    70  peer_manager.o(i.pm_init)
    pm_mutex_init                            0x0002d1b9   Thumb Code    14  pm_mutex.o(i.pm_mutex_init)
    pm_mutex_lock                            0x0002d1c7   Thumb Code    26  pm_mutex.o(i.pm_mutex_lock)
    pm_mutex_lock_first_available            0x0002d1e1   Thumb Code    54  pm_mutex.o(i.pm_mutex_lock_first_available)
    pm_mutex_lock_status_get                 0x0002d217   Thumb Code    24  pm_mutex.o(i.pm_mutex_lock_status_get)
    pm_mutex_unlock                          0x0002d22f   Thumb Code    58  pm_mutex.o(i.pm_mutex_unlock)
    pm_pdb_evt_handler                       0x0002d269   Thumb Code   276  peer_manager.o(i.pm_pdb_evt_handler)
    pm_peer_delete                           0x0002d381   Thumb Code    14  peer_manager.o(i.pm_peer_delete)
    pm_peer_ranks_get                        0x0002d395   Thumb Code   176  peer_manager.o(i.pm_peer_ranks_get)
    pm_peers_delete                          0x0002d44d   Thumb Code    98  peer_manager.o(i.pm_peers_delete)
    pm_register                              0x0002d4b5   Thumb Code    34  peer_manager.o(i.pm_register)
    pm_sec_params_set                        0x0002d4e1   Thumb Code    14  peer_manager.o(i.pm_sec_params_set)
    pm_sm_evt_handler                        0x0002d4f5   Thumb Code    10  peer_manager.o(i.pm_sm_evt_handler)
    sm_ble_evt_handler                       0x0002e015   Thumb Code    22  security_manager.o(i.sm_ble_evt_handler)
    sm_conn_sec_config_reply                 0x0002e035   Thumb Code     4  security_manager.o(i.sm_conn_sec_config_reply)
    sm_init                                  0x0002e039   Thumb Code    70  security_manager.o(i.sm_init)
    sm_pdb_evt_handler                       0x0002e085   Thumb Code    76  security_manager.o(i.sm_pdb_evt_handler)
    sm_sec_params_set                        0x0002e0dd   Thumb Code    46  security_manager.o(i.sm_sec_params_set)
    sm_smd_evt_handler                       0x0002e111   Thumb Code    92  security_manager.o(i.sm_smd_evt_handler)
    smd_ble_evt_handler                      0x0002e171   Thumb Code   234  security_dispatcher.o(i.smd_ble_evt_handler)
    smd_conn_sec_config_reply                0x0002e265   Thumb Code    10  security_dispatcher.o(i.smd_conn_sec_config_reply)
    smd_init                                 0x0002e275   Thumb Code    84  security_dispatcher.o(i.smd_init)
    smd_link_secure                          0x0002e2cd   Thumb Code    34  security_dispatcher.o(i.smd_link_secure)
    smd_params_reply                         0x0002e2f1   Thumb Code   242  security_dispatcher.o(i.smd_params_reply)
    write_buf_store                          0x0002ed69   Thumb Code   124  peer_database.o(i.write_buf_store)
    nrf_fstorage_sd                          0x0002f2f0   Data          32  nrf_fstorage_sd.o(.constdata)
    nrf_log_backend_uart_api                 0x0002f470   Data          12  nrf_log_backend_uart.o(.constdata)
    m_ram_start                              0x0002f514   Data           4  nrf_sdh_ble.o(.constdata)
    __ctype_table                            0x0002f540   Data         129  ctype_o.o(.constdata)
    Region$$Table$$Base                      0x0002fd48   Number         0  anon$$obj.o(Region$$Table)
    Region$$Table$$Limit                     0x0002fd68   Number         0  anon$$obj.o(Region$$Table)
    log_const_data$$Base                     0x0002fd68   Number         0  nrf_ble_gatt.o(log_const_data)
    m_nrf_log_nrf_ble_gatt_logs_data_const   0x0002fd68   Data           8  nrf_ble_gatt.o(log_const_data)
    m_nrf_log_clock_logs_data_const          0x0002fd70   Data           8  nrf_drv_clock.o(log_const_data)
    m_nrf_log_CLOCK_logs_data_const          0x0002fd78   Data           8  nrfx_clock.o(log_const_data)
    m_nrf_log_GPIOTE_logs_data_const         0x0002fd80   Data           8  nrfx_gpiote.o(log_const_data)
    m_nrf_log_PRS_logs_data_const            0x0002fd88   Data           8  nrfx_prs.o(log_const_data)
    m_nrf_log_UART_logs_data_const           0x0002fd90   Data           8  nrfx_uart.o(log_const_data)
    m_nrf_log_UARTE_logs_data_const          0x0002fd98   Data           8  nrfx_uarte.o(log_const_data)
    m_nrf_log_atfifo_m_queue_logs_data_const 0x0002fda0   Data           8  fds.o(log_const_data)
    m_nrf_log_nrf_fstorage_logs_data_const   0x0002fda8   Data           8  nrf_fstorage.o(log_const_data)
    m_nrf_log_atfifo_m_fifo_logs_data_const  0x0002fdb0   Data           8  nrf_fstorage_sd.o(log_const_data)
    m_nrf_log_pwr_mgmt_logs_data_const       0x0002fdb8   Data           8  nrf_pwr_mgmt.o(log_const_data)
    m_nrf_log_balloc_log_mempool_logs_data_const 0x0002fdc0   Data           8  nrf_log_frontend.o(log_const_data)
    m_nrf_log_app_logs_data_const            0x0002fdc8   Data           8  nrf_log_frontend.o(log_const_data)
    m_nrf_log_nrf_sdh_logs_data_const        0x0002fdd0   Data           8  nrf_sdh.o(log_const_data)
    m_nrf_log_nrf_sdh_ble_logs_data_const    0x0002fdd8   Data           8  nrf_sdh_ble.o(log_const_data)
    m_nrf_log_nrf_sdh_soc_logs_data_const    0x0002fde0   Data           8  nrf_sdh_soc.o(log_const_data)
    log_const_data$$Limit                    0x0002fde8   Number         0  nrf_sdh_soc.o(log_const_data)
    log_mempool                              0x0002fde8   Data          24  nrf_log_frontend.o(nrf_balloc)
    sdh_ble_observers0$$Base                 0x0002fe00   Number         0  ble_conn_state.o(sdh_ble_observers0)
    sdh_ble_observers0$$Limit                0x0002fe08   Number         0  ble_conn_state.o(sdh_ble_observers0)
    sdh_ble_observers1$$Base                 0x0002fe08   Number         0  main.o(sdh_ble_observers1)
    sdh_ble_observers1$$Limit                0x0002fe30   Number         0  peer_manager.o(sdh_ble_observers1)
    sdh_ble_observers2$$Base                 0x0002fe30   Number         0  main.o(sdh_ble_observers2)
    sdh_ble_observers2$$Limit                0x0002fe38   Number         0  main.o(sdh_ble_observers2)
    sdh_ble_observers3$$Base                 0x0002fe38   Number         0  main.o(sdh_ble_observers3)
    m_req_obs                                0x0002fe40   Data           8  nrf_fstorage_sd.o(sdh_req_observers0)
    sdh_ble_observers3$$Limit                0x0002fe40   Number         0  main.o(sdh_ble_observers3)
    sdh_req_observers0$$Base                 0x0002fe40   Number         0  nrf_fstorage_sd.o(sdh_req_observers0)
    sdh_req_observers0$$Limit                0x0002fe48   Number         0  nrf_fstorage_sd.o(sdh_req_observers0)
    sdh_soc_observers0$$Base                 0x0002fe48   Number         0  nrf_drv_clock.o(sdh_soc_observers0)
    sdh_soc_observers0$$Limit                0x0002fe58   Number         0  nrf_fstorage_sd.o(sdh_soc_observers0)
    sdh_soc_observers1$$Base                 0x0002fe58   Number         0  main.o(sdh_soc_observers1)
    sdh_soc_observers1$$Limit                0x0002fe60   Number         0  main.o(sdh_soc_observers1)
    sdh_stack_observers0$$Base               0x0002fe60   Number         0  nrf_sdh_ble.o(sdh_stack_observers0)
    sdh_stack_observers0$$Limit              0x0002fe70   Number         0  nrf_sdh_soc.o(sdh_stack_observers0)
    sdh_state_observers0$$Base               0x0002fe70   Number         0  nrf_drv_clock.o(sdh_state_observers0)
    sdh_state_observers0$$Limit              0x0002fe80   Number         0  nrf_fstorage_sd.o(sdh_state_observers0)
    Image$$RW_IRAM1$$Base                    0x20002210   Number         0  anon$$obj.o ABSOLUTE
    nrf_drv_uart_use_easy_dma                0x20002290   Data           2  nrf_drv_uart.o(.data)
    m_uart                                   0x20002358   Data          20  nrf_log_backend_uart.o(.data)
    SystemCoreClock                          0x200023cc   Data           4  system_nrf52840.o(.data)
    fs_data$$Base                            0x200023d0   Number         0  fds.o(fs_data)
    m_fs                                     0x200023d0   Data          20  fds.o(fs_data)
    fs_data$$Limit                           0x200023e4   Number         0  fds.o(fs_data)
    log_dynamic_data$$Base                   0x200023e4   Number         0  nrf_ble_gatt.o(log_dynamic_data)
    m_nrf_log_nrf_ble_gatt_logs_data_dynamic 0x200023e4   Data           4  nrf_ble_gatt.o(log_dynamic_data)
    m_nrf_log_clock_logs_data_dynamic        0x200023e8   Data           4  nrf_drv_clock.o(log_dynamic_data)
    m_nrf_log_CLOCK_logs_data_dynamic        0x200023ec   Data           4  nrfx_clock.o(log_dynamic_data)
    m_nrf_log_GPIOTE_logs_data_dynamic       0x200023f0   Data           4  nrfx_gpiote.o(log_dynamic_data)
    m_nrf_log_PRS_logs_data_dynamic          0x200023f4   Data           4  nrfx_prs.o(log_dynamic_data)
    m_nrf_log_UART_logs_data_dynamic         0x200023f8   Data           4  nrfx_uart.o(log_dynamic_data)
    m_nrf_log_UARTE_logs_data_dynamic        0x200023fc   Data           4  nrfx_uarte.o(log_dynamic_data)
    m_nrf_log_atfifo_m_queue_logs_data_dynamic 0x20002400   Data           4  fds.o(log_dynamic_data)
    m_nrf_log_nrf_fstorage_logs_data_dynamic 0x20002404   Data           4  nrf_fstorage.o(log_dynamic_data)
    m_nrf_log_atfifo_m_fifo_logs_data_dynamic 0x20002408   Data           4  nrf_fstorage_sd.o(log_dynamic_data)
    m_nrf_log_pwr_mgmt_logs_data_dynamic     0x2000240c   Data           4  nrf_pwr_mgmt.o(log_dynamic_data)
    m_nrf_log_balloc_log_mempool_logs_data_dynamic 0x20002410   Data           4  nrf_log_frontend.o(log_dynamic_data)
    m_nrf_log_app_logs_data_dynamic          0x20002414   Data           4  nrf_log_frontend.o(log_dynamic_data)
    m_nrf_log_nrf_sdh_logs_data_dynamic      0x20002418   Data           4  nrf_sdh.o(log_dynamic_data)
    m_nrf_log_nrf_sdh_ble_logs_data_dynamic  0x2000241c   Data           4  nrf_sdh_ble.o(log_dynamic_data)
    m_nrf_log_nrf_sdh_soc_logs_data_dynamic  0x20002420   Data           4  nrf_sdh_soc.o(log_dynamic_data)
    nrf_nvic_state                           0x20002a88   Data          12  app_util_platform.o(.bss)
    __initial_sp                             0x20005148   Data           0  arm_startup_nrf52840.o(STACK)



==============================================================================

Memory Map of the image

  Image Entry point : 0x00026201

  Load Region LR_IROM1 (Base: 0x00026000, Size: 0x0000a094, Max: 0x000da000, ABSOLUTE, COMPRESSED[0x00009edc])

    Execution Region ER_IROM1 (Base: 0x00026000, Size: 0x00009e80, Max: 0x000da000, ABSOLUTE)

    Base Addr    Size         Type   Attr      Idx    E Section Name        Object

    0x00026000   0x00000200   Data   RO         6497    RESET               arm_startup_nrf52840.o
    0x00026200   0x00000000   Code   RO         6538  * .ARM.Collect$$$$00000000  mc_w.l(entry.o)
    0x00026200   0x00000004   Code   RO         6592    .ARM.Collect$$$$00000001  mc_w.l(entry2.o)
    0x00026204   0x00000004   Code   RO         6595    .ARM.Collect$$$$00000004  mc_w.l(entry5.o)
    0x00026208   0x00000000   Code   RO         6597    .ARM.Collect$$$$00000008  mc_w.l(entry7b.o)
    0x00026208   0x00000000   Code   RO         6599    .ARM.Collect$$$$0000000A  mc_w.l(entry8b.o)
    0x00026208   0x00000008   Code   RO         6600    .ARM.Collect$$$$0000000B  mc_w.l(entry9a.o)
    0x00026210   0x00000000   Code   RO         6602    .ARM.Collect$$$$0000000D  mc_w.l(entry10a.o)
    0x00026210   0x00000000   Code   RO         6604    .ARM.Collect$$$$0000000F  mc_w.l(entry11a.o)
    0x00026210   0x00000004   Code   RO         6593    .ARM.Collect$$$$00002712  mc_w.l(entry2.o)
    0x00026214   0x000000c8   Code   RO         4691    .emb_text           nrf_atfifo.o
    0x000262dc   0x000000e2   Code   RO         4827    .emb_text           nrf_atomic.o
    0x000263be   0x00000002   PAD
    0x000263c0   0x00000024   Code   RO         6498    .text               arm_startup_nrf52840.o
    0x000263e4   0x00000062   Code   RO         6546    .text               mc_w.l(uldiv.o)
    0x00026446   0x0000001e   Code   RO         6548    .text               mc_w.l(llshl.o)
    0x00026464   0x00000008   Code   RO         6550    .text               mc_w.l(ctype_o.o)
    0x0002646c   0x00000024   Code   RO         6578    .text               mc_w.l(memcpya.o)
    0x00026490   0x00000024   Code   RO         6580    .text               mc_w.l(memseta.o)
    0x000264b4   0x0000000e   Code   RO         6582    .text               mc_w.l(strlen.o)
    0x000264c2   0x0000001a   Code   RO         6586    .text               mc_w.l(memcmp.o)
    0x000264dc   0x00000020   Code   RO         6607    .text               mc_w.l(llushr.o)
    0x000264fc   0x00000024   Code   RO         6610    .text               mc_w.l(init.o)
    0x00026520   0x00000056   Code   RO         6620    .text               mc_w.l(__dczerorl2.o)
    0x00026576   0x00000002   PAD
    0x00026578   0x000001b4   Code   RO         3109    i.GPIOTE_IRQHandler  nrfx_gpiote.o
    0x0002672c   0x00000016   Code   RO         4058    i.NVIC_ClearPendingIRQ  app_timer.o
    0x00026742   0x00000016   Code   RO         4059    i.NVIC_EnableIRQ    app_timer.o
    0x00026758   0x00000016   Code   RO         4060    i.NVIC_SetPendingIRQ  app_timer.o
    0x0002676e   0x00000020   Code   RO         4061    i.NVIC_SetPriority  app_timer.o
    0x0002678e   0x00000002   PAD
    0x00026790   0x00000058   Code   RO         2977    i.POWER_CLOCK_IRQHandler  nrfx_clock.o
    0x000267e8   0x00000024   Code   RO         4062    i.RTC1_IRQHandler   app_timer.o
    0x0002680c   0x00000004   Code   RO         4063    i.SWI0_EGU0_IRQHandler  app_timer.o
    0x00026810   0x00000004   Code   RO         6294    i.SWI2_EGU2_IRQHandler  nrf_sdh.o
    0x00026814   0x000001dc   Code   RO         6506    i.SystemInit        system_nrf52840.o
    0x000269f0   0x0000000c   Code   RO         3428    i.UARTE0_UART0_IRQHandler  nrfx_prs.o
    0x000269fc   0x0000000e   Code   RO         6614    i.__scatterload_copy  mc_w.l(handlers.o)
    0x00026a0a   0x00000002   Code   RO         6615    i.__scatterload_null  mc_w.l(handlers.o)
    0x00026a0c   0x0000000e   Code   RO         6616    i.__scatterload_zeroinit  mc_w.l(handlers.o)
    0x00026a1a   0x00000002   PAD
    0x00026a1c   0x00000024   Code   RO         6295    i.__sd_nvic_app_accessible_irq  nrf_sdh.o
    0x00026a40   0x00000026   Code   RO         1394    i.addr_compare      id_manager.o
    0x00026a66   0x0000000c   Code   RO         5079    i.addr_is_aligned32  nrf_fstorage.o
    0x00026a72   0x00000018   Code   RO         5080    i.addr_is_within_bounds  nrf_fstorage.o
    0x00026a8a   0x00000046   Code   RO          649    i.advertising_buttons_configure  bsp_btn_ble.o
    0x00026ad0   0x00000048   Code   RO            4    i.advertising_start  main.o
    0x00026b18   0x00000052   Code   RO         1395    i.ah                id_manager.o
    0x00026b6a   0x00000006   Code   RO          532    i.alert_timer_handler  bsp.o
    0x00026b70   0x0000000c   Code   RO         2501    i.allow_repairing   security_dispatcher.o
    0x00026b7c   0x00000024   Code   RO         3840    i.app_button_enable  app_button.o
    0x00026ba0   0x00000078   Code   RO         3841    i.app_button_init   app_button.o
    0x00026c18   0x0000007c   Code   RO         3964    i.app_error_fault_handler  app_error_weak.o
    0x00026c94   0x00000016   Code   RO         3904    i.app_error_handler_bare  app_error.o
    0x00026caa   0x00000002   PAD
    0x00026cac   0x00000024   Code   RO         4066    i.app_timer_create  app_timer.o
    0x00026cd0   0x00000054   Code   RO         4067    i.app_timer_init    app_timer.o
    0x00026d24   0x00000088   Code   RO         4070    i.app_timer_start   app_timer.o
    0x00026dac   0x00000020   Code   RO         4071    i.app_timer_stop    app_timer.o
    0x00026dcc   0x00000048   Code   RO         4231    i.app_util_critical_region_enter  app_util_platform.o
    0x00026e14   0x00000034   Code   RO         4232    i.app_util_critical_region_exit  app_util_platform.o
    0x00026e48   0x00000076   Code   RO         3479    i.apply_config      nrfx_uart.o
    0x00026ebe   0x00000076   Code   RO         3677    i.apply_config      nrfx_uarte.o
    0x00026f34   0x00000004   Code   RO         1190    i.apply_pending_handle  gatt_cache_manager.o
    0x00026f38   0x000000d0   Code   RO         2502    i.auth_status_success_process  security_dispatcher.o
    0x00027008   0x00000182   Code   RO          696    i.ble_advdata_encode  ble_advdata.o
    0x0002718a   0x00000020   Code   RO          698    i.ble_advdata_parse  ble_advdata.o
    0x000271aa   0x00000038   Code   RO          699    i.ble_advdata_search  ble_advdata.o
    0x000271e2   0x00000006   Code   RO          802    i.ble_advertising_conn_cfg_tag_set  ble_advertising.o
    0x000271e8   0x000000ea   Code   RO          803    i.ble_advertising_init  ble_advertising.o
    0x000272d2   0x0000006a   Code   RO          805    i.ble_advertising_on_ble_evt  ble_advertising.o
    0x0002733c   0x00000030   Code   RO          806    i.ble_advertising_on_sys_evt  ble_advertising.o
    0x0002736c   0x0000003a   Code   RO          808    i.ble_advertising_restart_without_whitelist  ble_advertising.o
    0x000273a6   0x00000236   Code   RO          809    i.ble_advertising_start  ble_advertising.o
    0x000275dc   0x00000068   Code   RO          896    i.ble_conn_params_init  ble_conn_params.o
    0x00027644   0x00000020   Code   RO          972    i.ble_conn_state_encrypted  ble_conn_state.o
    0x00027664   0x0000002c   Code   RO          974    i.ble_conn_state_for_each_set_user_flag  ble_conn_state.o
    0x00027690   0x00000024   Code   RO          979    i.ble_conn_state_role  ble_conn_state.o
    0x000276b4   0x00000018   Code   RO          981    i.ble_conn_state_user_flag_acquire  ble_conn_state.o
    0x000276cc   0x00000030   Code   RO          982    i.ble_conn_state_user_flag_get  ble_conn_state.o
    0x000276fc   0x00000040   Code   RO          983    i.ble_conn_state_user_flag_set  ble_conn_state.o
    0x0002773c   0x00000014   Code   RO          984    i.ble_conn_state_valid  ble_conn_state.o
    0x00027750   0x00000060   Code   RO          702    i.ble_device_addr_encode  ble_advdata.o
    0x000277b0   0x000000a8   Code   RO            6    i.ble_evt_handler   main.o
    0x00027858   0x00000070   Code   RO          650    i.ble_evt_handler   bsp_btn_ble.o
    0x000278c8   0x000000fc   Code   RO          898    i.ble_evt_handler   ble_conn_params.o
    0x000279c4   0x00000104   Code   RO          985    i.ble_evt_handler   ble_conn_state.o
    0x00027ac8   0x00000028   Code   RO         2125    i.ble_evt_handler   peer_manager.o
    0x00027af0   0x00000008   Code   RO         1130    i.ble_srv_is_notification_enabled  ble_srv_common.o
    0x00027af8   0x00000028   Code   RO          395    i.bsp_board_button_state_get  boards.o
    0x00027b20   0x00000054   Code   RO          396    i.bsp_board_init    boards.o
    0x00027b74   0x0000002c   Code   RO          398    i.bsp_board_led_invert  boards.o
    0x00027ba0   0x00000010   Code   RO          399    i.bsp_board_led_off  boards.o
    0x00027bb0   0x00000010   Code   RO          400    i.bsp_board_led_on  boards.o
    0x00027bc0   0x00000028   Code   RO          401    i.bsp_board_led_state_get  boards.o
    0x00027be8   0x00000012   Code   RO          402    i.bsp_board_leds_off  boards.o
    0x00027bfa   0x00000012   Code   RO          403    i.bsp_board_leds_on  boards.o
    0x00027c0c   0x00000024   Code   RO          404    i.bsp_board_pin_to_button_idx  boards.o
    0x00027c30   0x0000002c   Code   RO          651    i.bsp_btn_ble_init  bsp_btn_ble.o
    0x00027c5c   0x00000090   Code   RO          533    i.bsp_button_event_handler  bsp.o
    0x00027cec   0x0000000c   Code   RO          534    i.bsp_button_is_pressed  bsp.o
    0x00027cf8   0x0000004c   Code   RO            7    i.bsp_event_handler  main.o
    0x00027d44   0x00000044   Code   RO          537    i.bsp_event_to_button_action_assign  bsp.o
    0x00027d88   0x00000018   Code   RO          538    i.bsp_indication_set  bsp.o
    0x00027da0   0x00000094   Code   RO          539    i.bsp_init          bsp.o
    0x00027e34   0x000001b8   Code   RO          540    i.bsp_led_indication  bsp.o
    0x00027fec   0x00000090   Code   RO         5693    i.buf_prealloc      nrf_log_frontend.o
    0x0002807c   0x0000001e   Code   RO         5039    i.buffer_add        nrf_fprintf_format.o
    0x0002809a   0x00000002   PAD
    0x0002809c   0x00000014   Code   RO         5694    i.buffer_is_empty   nrf_log_frontend.o
    0x000280b0   0x00000008   Code   RO          543    i.button_timer_handler  bsp.o
    0x000280b8   0x0000001c   Code   RO         3110    i.channel_free      nrfx_gpiote.o
    0x000280d4   0x00000048   Code   RO         3111    i.channel_port_alloc  nrfx_gpiote.o
    0x0002811c   0x00000010   Code   RO         3112    i.channel_port_get  nrfx_gpiote.o
    0x0002812c   0x00000038   Code   RO         2035    i.claim             peer_id.o
    0x00028164   0x00000028   Code   RO         2779    i.clock_clk_started_notify  nrf_drv_clock.o
    0x0002818c   0x0000001c   Code   RO         2780    i.clock_irq_handler  nrf_drv_clock.o
    0x000281a8   0x000000ac   Code   RO         4073    i.compare_reg_update  app_timer.o
    0x00028254   0x0000003e   Code   RO          986    i.conn_handle_list_get  ble_conn_state.o
    0x00028292   0x00000088   Code   RO          703    i.conn_int_encode   ble_advdata.o
    0x0002831a   0x00000004   Code   RO            8    i.conn_params_error_handler  main.o
    0x0002831e   0x00000002   PAD
    0x00028320   0x00000048   Code   RO          899    i.conn_params_negotiation  ble_conn_params.o
    0x00028368   0x00000044   Code   RO         2503    i.conn_sec_failure  security_dispatcher.o
    0x000283ac   0x000000bc   Code   RO         1582    i.data_length_update  nrf_ble_gatt.o
    0x00028468   0x00000080   Code   RO         1191    i.db_update_pending_handle  gatt_cache_manager.o
    0x000284e8   0x00000080   Code   RO         4326    i.delete_execute    fds.o
    0x00028568   0x00000098   Code   RO         3843    i.detection_delay_timeout_handler  app_button.o
    0x00028600   0x00000014   Code   RO         5696    i.dropped_sat16_get  nrf_log_frontend.o
    0x00028614   0x00000040   Code   RO         4074    i.elapsed_ticks_acquire  app_timer.o
    0x00028654   0x0000000a   Code   RO         2504    i.encryption_failure  security_dispatcher.o
    0x0002865e   0x00000002   PAD
    0x00028660   0x0000004c   Code   RO         5163    i.erase             nrf_fstorage_sd.o
    0x000286ac   0x00000074   Code   RO         4327    i.event_prepare     fds.o
    0x00028720   0x00000020   Code   RO         4328    i.event_send        fds.o
    0x00028740   0x00000054   Code   RO         5164    i.event_send        nrf_fstorage_sd.o
    0x00028794   0x00000074   Code   RO         2634    i.events_send_from_err_code  security_manager.o
    0x00028808   0x0000001c   Code   RO         1192    i.evt_send          gatt_cache_manager.o
    0x00028824   0x0000002c   Code   RO         2126    i.evt_send          peer_manager.o
    0x00028850   0x0000001c   Code   RO         2505    i.evt_send          security_dispatcher.o
    0x0002886c   0x0000000c   Code   RO         2635    i.evt_send          security_manager.o
    0x00028878   0x000000cc   Code   RO         1725    i.fds_evt_handler   peer_data_storage.o
    0x00028944   0x00000044   Code   RO         4330    i.fds_file_delete   fds.o
    0x00028988   0x0000003c   Code   RO         4331    i.fds_gc            fds.o
    0x000289c4   0x000000d0   Code   RO         4332    i.fds_init          fds.o
    0x00028a94   0x00000040   Code   RO         4333    i.fds_record_close  fds.o
    0x00028ad4   0x0000000e   Code   RO         4335    i.fds_record_find   fds.o
    0x00028ae2   0x00000010   Code   RO         4336    i.fds_record_find_by_key  fds.o
    0x00028af2   0x00000010   Code   RO         4337    i.fds_record_find_in_file  fds.o
    0x00028b02   0x00000010   Code   RO         4338    i.fds_record_id_from_desc  fds.o
    0x00028b12   0x00000002   PAD
    0x00028b14   0x00000048   Code   RO         4340    i.fds_record_open   fds.o
    0x00028b5c   0x0000000e   Code   RO         4341    i.fds_record_update  fds.o
    0x00028b6a   0x00000008   Code   RO         4342    i.fds_record_write  fds.o
    0x00028b72   0x0000000c   Code   RO         4343    i.fds_record_write_reserved  fds.o
    0x00028b7e   0x00000002   PAD
    0x00028b80   0x0000002c   Code   RO         4344    i.fds_register      fds.o
    0x00028bac   0x00000030   Code   RO         4345    i.fds_reserve       fds.o
    0x00028bdc   0x00000048   Code   RO         4346    i.fds_reserve_cancel  fds.o
    0x00028c24   0x00000014   Code   RO         1726    i.file_id_within_pm_range  peer_data_storage.o
    0x00028c38   0x00000012   Code   RO         2506    i.flag_id_init      security_dispatcher.o
    0x00028c4a   0x00000012   Code   RO         2636    i.flag_id_init      security_manager.o
    0x00028c5c   0x00000028   Code   RO          811    i.flags_set         ble_advertising.o
    0x00028c84   0x00000054   Code   RO         2637    i.flags_set_from_err_code  security_manager.o
    0x00028cd8   0x00000030   Code   RO          987    i.for_each_set_flag  ble_conn_state.o
    0x00028d08   0x00000006   Code   RO         4348    i.fs_event_handler  fds.o
    0x00028d0e   0x00000002   PAD
    0x00028d10   0x0000006c   Code   RO            9    i.gap_params_init   main.o
    0x00028d7c   0x00000074   Code   RO         4349    i.gc_execute        fds.o
    0x00028df0   0x0000004c   Code   RO         4350    i.gc_next_page      fds.o
    0x00028e3c   0x00000040   Code   RO         4351    i.gc_page_erase     fds.o
    0x00028e7c   0x00000034   Code   RO         4352    i.gc_record_copy    fds.o
    0x00028eb0   0x00000024   Code   RO         4353    i.gc_record_find_next  fds.o
    0x00028ed4   0x00000088   Code   RO         4354    i.gc_state_advance  fds.o
    0x00028f5c   0x0000009c   Code   RO         1193    i.gcm_ble_evt_handler  gatt_cache_manager.o
    0x00028ff8   0x00000030   Code   RO         1194    i.gcm_im_evt_handler  gatt_cache_manager.o
    0x00029028   0x00000050   Code   RO         1195    i.gcm_init          gatt_cache_manager.o
    0x00029078   0x00000078   Code   RO         1198    i.gcm_pdb_evt_handler  gatt_cache_manager.o
    0x000290f0   0x00000038   Code   RO         1396    i.get_connection_by_conn_handle  id_manager.o
    0x00029128   0x00000030   Code   RO         1397    i.get_free_connection  id_manager.o
    0x00029158   0x00000084   Code   RO         3844    i.gpiote_event_handler  app_button.o
    0x000291dc   0x0000001c   Code   RO         1315    i.gscm_db_change_notification_done  gatts_cache_manager.o
    0x000291f8   0x00000014   Code   RO         1316    i.gscm_init         gatts_cache_manager.o
    0x0002920c   0x0000006a   Code   RO         1318    i.gscm_local_db_cache_apply  gatts_cache_manager.o
    0x00029276   0x00000082   Code   RO         1319    i.gscm_local_db_cache_update  gatts_cache_manager.o
    0x000292f8   0x00000018   Code   RO         1320    i.gscm_pdb_evt_handler  gatts_cache_manager.o
    0x00029310   0x0000001e   Code   RO         1321    i.gscm_service_changed_ind_needed  gatts_cache_manager.o
    0x0002932e   0x00000002   PAD
    0x00029330   0x00000038   Code   RO         1322    i.gscm_service_changed_ind_send  gatts_cache_manager.o
    0x00029368   0x00000026   Code   RO         4355    i.header_check      fds.o
    0x0002938e   0x00000012   Code   RO         4356    i.header_has_next   fds.o
    0x000293a0   0x00000046   Code   RO         1398    i.im_address_resolve  id_manager.o
    0x000293e6   0x00000002   PAD
    0x000293e8   0x00000030   Code   RO         1399    i.im_ble_addr_get   id_manager.o
    0x00029418   0x000000c8   Code   RO         1400    i.im_ble_evt_handler  id_manager.o
    0x000294e0   0x0000002c   Code   RO         1401    i.im_conn_handle_get  id_manager.o
    0x0002950c   0x00000038   Code   RO         1403    i.im_find_duplicate_bonding_data  id_manager.o
    0x00029544   0x00000040   Code   RO         1406    i.im_init           id_manager.o
    0x00029584   0x00000072   Code   RO         1407    i.im_is_duplicate_bonding_data  id_manager.o
    0x000295f6   0x00000018   Code   RO         1408    i.im_master_id_is_valid  id_manager.o
    0x0002960e   0x0000002a   Code   RO         1409    i.im_master_ids_compare  id_manager.o
    0x00029638   0x00000004   Code   RO         1410    i.im_new_peer_id    id_manager.o
    0x0002963c   0x00000026   Code   RO         1411    i.im_peer_free      id_manager.o
    0x00029662   0x00000002   PAD
    0x00029664   0x00000020   Code   RO         1412    i.im_peer_id_get_by_conn_handle  id_manager.o
    0x00029684   0x0000003c   Code   RO         1413    i.im_peer_id_get_by_master_id  id_manager.o
    0x000296c0   0x00000034   Code   RO         5165    i.init              nrf_fstorage_sd.o
    0x000296f4   0x000000c8   Code   RO         4357    i.init_execute      fds.o
    0x000297bc   0x00000014   Code   RO          900    i.instance_get      ble_conn_params.o
    0x000297d0   0x000000a6   Code   RO         5040    i.int_print         nrf_fprintf_format.o
    0x00029876   0x00000002   PAD
    0x00029878   0x00000080   Code   RO         3678    i.interrupts_enable  nrfx_uarte.o
    0x000298f8   0x0000004c   Code   RO         5697    i.invalid_packets_pushed_str_omit  nrf_log_frontend.o
    0x00029944   0x00000010   Code   RO         5166    i.is_busy           nrf_fstorage_sd.o
    0x00029954   0x00000044   Code   RO          901    i.is_conn_params_ok  ble_conn_params.o
    0x00029998   0x00000014   Code   RO         1418    i.is_valid_irk      id_manager.o
    0x000299ac   0x0000000c   Code   RO         4358    i.is_word_aligned   fds.o
    0x000299b8   0x00000030   Code   RO          544    i.leds_off          bsp.o
    0x000299e8   0x00000014   Code   RO          545    i.leds_timer_handler  bsp.o
    0x000299fc   0x00000014   Code   RO         1583    i.link_init         nrf_ble_gatt.o
    0x00029a10   0x000000b8   Code   RO         2638    i.link_secure       security_manager.o
    0x00029ac8   0x0000008c   Code   RO         2507    i.link_secure_failure  security_dispatcher.o
    0x00029b54   0x0000002c   Code   RO         2639    i.link_secure_pending_handle  security_manager.o
    0x00029b80   0x000000f8   Code   RO         4075    i.list_insertions_handler  app_timer.o
    0x00029c78   0x00000068   Code   RO         1199    i.local_db_apply_in_evt  gatt_cache_manager.o
    0x00029ce0   0x00000010   Code   RO         1200    i.local_db_update   gatt_cache_manager.o
    0x00029cf0   0x00000032   Code   RO         2448    i.lock_by_mask      pm_mutex.o
    0x00029d22   0x00000002   PAD
    0x00029d24   0x0000009c   Code   RO         5698    i.log_skip          nrf_log_frontend.o
    0x00029dc0   0x00000194   Code   RO           10    i.main              main.o
    0x00029f54   0x00000064   Code   RO          704    i.manuf_specific_data_encode  ble_advdata.o
    0x00029fb8   0x00000076   Code   RO         5278    i.memobj_op         nrf_memobj.o
    0x0002a02e   0x00000002   PAD
    0x0002a030   0x00000030   Code   RO         5699    i.module_idx_get    nrf_log_frontend.o
    0x0002a060   0x0000009c   Code   RO          705    i.name_encode       ble_advdata.o
    0x0002a0fc   0x00000058   Code   RO         1419    i.new_connection    id_manager.o
    0x0002a154   0x00000014   Code   RO         2640    i.new_context_get   security_manager.o
    0x0002a168   0x00000030   Code   RO         2036    i.next_id_get       peer_id.o
    0x0002a198   0x00000010   Code   RO         4693    i.nrf_atfifo_clear  nrf_atfifo.o
    0x0002a1a8   0x00000026   Code   RO         4695    i.nrf_atfifo_init   nrf_atfifo.o
    0x0002a1ce   0x00000016   Code   RO         4696    i.nrf_atfifo_item_alloc  nrf_atfifo.o
    0x0002a1e4   0x00000016   Code   RO         4697    i.nrf_atfifo_item_free  nrf_atfifo.o
    0x0002a1fa   0x00000016   Code   RO         4698    i.nrf_atfifo_item_get  nrf_atfifo.o
    0x0002a210   0x00000016   Code   RO         4699    i.nrf_atfifo_item_put  nrf_atfifo.o
    0x0002a226   0x00000016   Code   RO         4761    i.nrf_atflags_clear  nrf_atflags.o
    0x0002a23c   0x00000020   Code   RO         4763    i.nrf_atflags_fetch_set  nrf_atflags.o
    0x0002a25c   0x0000004a   Code   RO         4765    i.nrf_atflags_find_and_set_flag  nrf_atflags.o
    0x0002a2a6   0x00000016   Code   RO         4766    i.nrf_atflags_get   nrf_atflags.o
    0x0002a2bc   0x00000014   Code   RO         4768    i.nrf_atflags_set   nrf_atflags.o
    0x0002a2d0   0x00000006   Code   RO         4829    i.nrf_atomic_flag_clear_fetch  nrf_atomic.o
    0x0002a2d6   0x00000006   Code   RO         4830    i.nrf_atomic_flag_set  nrf_atomic.o
    0x0002a2dc   0x00000006   Code   RO         4831    i.nrf_atomic_flag_set_fetch  nrf_atomic.o
    0x0002a2e2   0x0000000c   Code   RO         4832    i.nrf_atomic_u32_add  nrf_atomic.o
    0x0002a2ee   0x0000000c   Code   RO         4833    i.nrf_atomic_u32_and  nrf_atomic.o
    0x0002a2fa   0x0000000a   Code   RO         4835    i.nrf_atomic_u32_fetch_add  nrf_atomic.o
    0x0002a304   0x0000000a   Code   RO         4836    i.nrf_atomic_u32_fetch_and  nrf_atomic.o
    0x0002a30e   0x0000000a   Code   RO         4837    i.nrf_atomic_u32_fetch_or  nrf_atomic.o
    0x0002a318   0x0000000a   Code   RO         4838    i.nrf_atomic_u32_fetch_store  nrf_atomic.o
    0x0002a322   0x0000000c   Code   RO         4842    i.nrf_atomic_u32_or  nrf_atomic.o
    0x0002a32e   0x0000000c   Code   RO         4844    i.nrf_atomic_u32_sub  nrf_atomic.o
    0x0002a33a   0x00000044   Code   RO         4963    i.nrf_balloc_alloc  nrf_balloc.o
    0x0002a37e   0x00000030   Code   RO         4964    i.nrf_balloc_free   nrf_balloc.o
    0x0002a3ae   0x00000030   Code   RO         4965    i.nrf_balloc_init   nrf_balloc.o
    0x0002a3de   0x00000010   Code   RO         3113    i.nrf_bitmask_bit_is_set  nrfx_gpiote.o
    0x0002a3ee   0x00000014   Code   RO         3114    i.nrf_bitmask_bit_set  nrfx_gpiote.o
    0x0002a402   0x00000022   Code   RO         1589    i.nrf_ble_gatt_init  nrf_ble_gatt.o
    0x0002a424   0x00000148   Code   RO         1590    i.nrf_ble_gatt_on_ble_evt  nrf_ble_gatt.o
    0x0002a56c   0x00000016   Code   RO         1684    i.nrf_ble_qwr_conn_handle_assign  nrf_ble_qwr.o
    0x0002a582   0x00000024   Code   RO         1685    i.nrf_ble_qwr_init  nrf_ble_qwr.o
    0x0002a5a6   0x000000b6   Code   RO         1686    i.nrf_ble_qwr_on_ble_evt  nrf_ble_qwr.o
    0x0002a65c   0x0000000e   Code   RO         2978    i.nrf_clock_event_check  nrfx_clock.o
    0x0002a66a   0x00000010   Code   RO         2979    i.nrf_clock_event_clear  nrfx_clock.o
    0x0002a67a   0x00000002   PAD
    0x0002a67c   0x00000038   Code   RO         2787    i.nrf_drv_clock_init  nrf_drv_clock.o
    0x0002a6b4   0x00000030   Code   RO         2791    i.nrf_drv_clock_lfclk_release  nrf_drv_clock.o
    0x0002a6e4   0x00000068   Code   RO         2925    i.nrf_drv_uart_init  nrf_drv_uart.o
    0x0002a74c   0x0000001a   Code   RO         5000    i.nrf_fprintf       nrf_fprintf.o
    0x0002a766   0x00000018   Code   RO         5001    i.nrf_fprintf_buffer_flush  nrf_fprintf.o
    0x0002a77e   0x000001da   Code   RO         5041    i.nrf_fprintf_fmt   nrf_fprintf_format.o
    0x0002a958   0x0000012c   Code   RO         5081    i.nrf_fstorage_erase  nrf_fstorage.o
    0x0002aa84   0x00000088   Code   RO         5082    i.nrf_fstorage_init  nrf_fstorage.o
    0x0002ab0c   0x00000050   Code   RO         5083    i.nrf_fstorage_is_busy  nrf_fstorage.o
    0x0002ab5c   0x00000018   Code   RO         5167    i.nrf_fstorage_sdh_req_handler  nrf_fstorage_sd.o
    0x0002ab74   0x00000020   Code   RO         5168    i.nrf_fstorage_sdh_state_handler  nrf_fstorage_sd.o
    0x0002ab94   0x000000a4   Code   RO         5169    i.nrf_fstorage_sys_evt_handler  nrf_fstorage_sd.o
    0x0002ac38   0x000001d4   Code   RO         5088    i.nrf_fstorage_write  nrf_fstorage.o
    0x0002ae0c   0x00000032   Code   RO          406    i.nrf_gpio_cfg      boards.o
    0x0002ae3e   0x00000032   Code   RO         3115    i.nrf_gpio_cfg      nrfx_gpiote.o
    0x0002ae70   0x00000032   Code   RO         3480    i.nrf_gpio_cfg      nrfx_uart.o
    0x0002aea2   0x00000032   Code   RO         3679    i.nrf_gpio_cfg      nrfx_uarte.o
    0x0002aed4   0x00000012   Code   RO         3481    i.nrf_gpio_cfg_default  nrfx_uart.o
    0x0002aee6   0x00000012   Code   RO         3680    i.nrf_gpio_cfg_default  nrfx_uarte.o
    0x0002aef8   0x00000012   Code   RO         3482    i.nrf_gpio_cfg_input  nrfx_uart.o
    0x0002af0a   0x00000012   Code   RO         3681    i.nrf_gpio_cfg_input  nrfx_uarte.o
    0x0002af1c   0x00000014   Code   RO         3483    i.nrf_gpio_cfg_output  nrfx_uart.o
    0x0002af30   0x00000014   Code   RO         3682    i.nrf_gpio_cfg_output  nrfx_uarte.o
    0x0002af44   0x00000030   Code   RO         3117    i.nrf_gpio_cfg_sense_set  nrfx_gpiote.o
    0x0002af74   0x0000001c   Code   RO          407    i.nrf_gpio_pin_port_decode  boards.o
    0x0002af90   0x0000001c   Code   RO         3119    i.nrf_gpio_pin_port_decode  nrfx_gpiote.o
    0x0002afac   0x0000001c   Code   RO         3484    i.nrf_gpio_pin_port_decode  nrfx_uart.o
    0x0002afc8   0x0000001c   Code   RO         3683    i.nrf_gpio_pin_port_decode  nrfx_uarte.o
    0x0002afe4   0x00000016   Code   RO         3120    i.nrf_gpio_pin_read  nrfx_gpiote.o
    0x0002affa   0x00000014   Code   RO         3485    i.nrf_gpio_pin_set  nrfx_uart.o
    0x0002b00e   0x00000014   Code   RO         3684    i.nrf_gpio_pin_set  nrfx_uarte.o
    0x0002b022   0x00000026   Code   RO          408    i.nrf_gpio_pin_write  boards.o
    0x0002b048   0x0000002c   Code   RO         3122    i.nrf_gpio_ports_read  nrfx_gpiote.o
    0x0002b074   0x00000014   Code   RO         3123    i.nrf_gpiote_event_clear  nrfx_gpiote.o
    0x0002b088   0x00000010   Code   RO         3124    i.nrf_gpiote_event_is_set  nrfx_gpiote.o
    0x0002b098   0x00000050   Code   RO         5700    i.nrf_log_backend_add  nrf_log_frontend.o
    0x0002b0e8   0x000000c8   Code   RO         5541    i.nrf_log_backend_serial_put  nrf_log_backend_serial.o
    0x0002b1b0   0x00000002   Code   RO         5581    i.nrf_log_backend_uart_flush  nrf_log_backend_uart.o
    0x0002b1b2   0x00000006   Code   RO         5582    i.nrf_log_backend_uart_init  nrf_log_backend_uart.o
    0x0002b1b8   0x0000002c   Code   RO         5583    i.nrf_log_backend_uart_panic_set  nrf_log_backend_uart.o
    0x0002b1e4   0x00000018   Code   RO         5584    i.nrf_log_backend_uart_put  nrf_log_backend_uart.o
    0x0002b1fc   0x00000030   Code   RO         5702    i.nrf_log_color_id_get  nrf_log_frontend.o
    0x0002b22c   0x0000001c   Code   RO         5660    i.nrf_log_default_backends_init  nrf_log_default_backends.o
    0x0002b248   0x00000220   Code   RO         5703    i.nrf_log_frontend_dequeue  nrf_log_frontend.o
    0x0002b468   0x00000008   Code   RO         5705    i.nrf_log_frontend_std_0  nrf_log_frontend.o
    0x0002b470   0x0000000e   Code   RO         5706    i.nrf_log_frontend_std_1  nrf_log_frontend.o
    0x0002b47e   0x00000010   Code   RO         5707    i.nrf_log_frontend_std_2  nrf_log_frontend.o
    0x0002b48e   0x00000012   Code   RO         5708    i.nrf_log_frontend_std_3  nrf_log_frontend.o
    0x0002b4a0   0x000000ac   Code   RO         5880    i.nrf_log_hexdump_entry_process  nrf_log_str_formatter.o
    0x0002b54c   0x00000058   Code   RO         5712    i.nrf_log_init      nrf_log_frontend.o
    0x0002b5a4   0x00000014   Code   RO         5713    i.nrf_log_module_cnt_get  nrf_log_frontend.o
    0x0002b5b8   0x0000001c   Code   RO         5716    i.nrf_log_module_name_get  nrf_log_frontend.o
    0x0002b5d4   0x00000028   Code   RO         5717    i.nrf_log_panic     nrf_log_frontend.o
    0x0002b5fc   0x000000b6   Code   RO         5881    i.nrf_log_std_entry_process  nrf_log_str_formatter.o
    0x0002b6b2   0x00000060   Code   RO         5279    i.nrf_memobj_alloc  nrf_memobj.o
    0x0002b712   0x00000032   Code   RO         5280    i.nrf_memobj_free   nrf_memobj.o
    0x0002b744   0x00000008   Code   RO         5281    i.nrf_memobj_get    nrf_memobj.o
    0x0002b74c   0x00000004   Code   RO         5282    i.nrf_memobj_pool_init  nrf_memobj.o
    0x0002b750   0x0000001e   Code   RO         5283    i.nrf_memobj_put    nrf_memobj.o
    0x0002b76e   0x0000000c   Code   RO         5284    i.nrf_memobj_read   nrf_memobj.o
    0x0002b77a   0x0000000c   Code   RO         5285    i.nrf_memobj_write  nrf_memobj.o
    0x0002b786   0x00000002   PAD
    0x0002b788   0x00000028   Code   RO         5357    i.nrf_pwr_mgmt_init  nrf_pwr_mgmt.o
    0x0002b7b0   0x00000044   Code   RO         5358    i.nrf_pwr_mgmt_run  nrf_pwr_mgmt.o
    0x0002b7f4   0x00000004   Code   RO           11    i.nrf_qwr_error_handler  main.o
    0x0002b7f8   0x00000014   Code   RO         6415    i.nrf_sdh_ble_app_ram_start_get  nrf_sdh_ble.o
    0x0002b80c   0x00000108   Code   RO         6416    i.nrf_sdh_ble_default_cfg_set  nrf_sdh_ble.o
    0x0002b914   0x0000012c   Code   RO         6417    i.nrf_sdh_ble_enable  nrf_sdh_ble.o
    0x0002ba40   0x0000005c   Code   RO         6418    i.nrf_sdh_ble_evts_poll  nrf_sdh_ble.o
    0x0002ba9c   0x00000054   Code   RO         6296    i.nrf_sdh_disable_request  nrf_sdh.o
    0x0002baf0   0x00000074   Code   RO         6297    i.nrf_sdh_enable_request  nrf_sdh.o
    0x0002bb64   0x00000024   Code   RO         6298    i.nrf_sdh_evts_poll  nrf_sdh.o
    0x0002bb88   0x0000000c   Code   RO         6299    i.nrf_sdh_is_enabled  nrf_sdh.o
    0x0002bb94   0x0000001c   Code   RO         6301    i.nrf_sdh_request_continue  nrf_sdh.o
    0x0002bbb0   0x0000003c   Code   RO         6466    i.nrf_sdh_soc_evts_poll  nrf_sdh_soc.o
    0x0002bbec   0x0000000a   Code   RO         5426    i.nrf_section_iter_init  nrf_section_iter.o
    0x0002bbf6   0x00000024   Code   RO         5427    i.nrf_section_iter_item_set  nrf_section_iter.o
    0x0002bc1a   0x00000020   Code   RO         5428    i.nrf_section_iter_next  nrf_section_iter.o
    0x0002bc3a   0x00000002   PAD
    0x0002bc3c   0x00000038   Code   RO         5461    i.nrf_strerror_find  nrf_strerror.o
    0x0002bc74   0x00000014   Code   RO         5462    i.nrf_strerror_get  nrf_strerror.o
    0x0002bc88   0x0000000a   Code   RO         3486    i.nrf_uart_event_check  nrfx_uart.o
    0x0002bc92   0x0000000c   Code   RO         3487    i.nrf_uart_event_clear  nrfx_uart.o
    0x0002bc9e   0x0000000c   Code   RO         3488    i.nrf_uart_int_enable_check  nrfx_uart.o
    0x0002bcaa   0x0000000a   Code   RO         3685    i.nrf_uarte_event_check  nrfx_uarte.o
    0x0002bcb4   0x0000000c   Code   RO         3686    i.nrf_uarte_event_clear  nrfx_uarte.o
    0x0002bcc0   0x0000002c   Code   RO         2984    i.nrfx_clock_enable  nrfx_clock.o
    0x0002bcec   0x00000020   Code   RO         2987    i.nrfx_clock_init   nrfx_clock.o
    0x0002bd0c   0x0000001c   Code   RO         2990    i.nrfx_clock_lfclk_stop  nrfx_clock.o
    0x0002bd28   0x00000010   Code   RO         4076    i.nrfx_coredep_delay_us  app_timer.o
    0x0002bd38   0x00000098   Code   RO         3129    i.nrfx_gpiote_in_event_enable  nrfx_gpiote.o
    0x0002bdd0   0x000000d4   Code   RO         3130    i.nrfx_gpiote_in_init  nrfx_gpiote.o
    0x0002bea4   0x0000000e   Code   RO         3131    i.nrfx_gpiote_in_is_set  nrfx_gpiote.o
    0x0002beb2   0x00000002   PAD
    0x0002beb4   0x00000074   Code   RO         3133    i.nrfx_gpiote_init  nrfx_gpiote.o
    0x0002bf28   0x00000014   Code   RO         3134    i.nrfx_gpiote_is_init  nrfx_gpiote.o
    0x0002bf3c   0x00000010   Code   RO         3687    i.nrfx_is_in_ram    nrfx_uarte.o
    0x0002bf4c   0x0000003a   Code   RO         3429    i.nrfx_prs_acquire  nrfx_prs.o
    0x0002bf86   0x00000012   Code   RO         3430    i.nrfx_prs_release  nrfx_prs.o
    0x0002bf98   0x00000010   Code   RO         3489    i.nrfx_uart_0_irq_handler  nrfx_uart.o
    0x0002bfa8   0x000000d4   Code   RO         3491    i.nrfx_uart_init    nrfx_uart.o
    0x0002c07c   0x000000a4   Code   RO         3497    i.nrfx_uart_tx      nrfx_uart.o
    0x0002c120   0x00000020   Code   RO         3499    i.nrfx_uart_tx_in_progress  nrfx_uart.o
    0x0002c140   0x000000b4   Code   RO         3500    i.nrfx_uart_uninit  nrfx_uart.o
    0x0002c1f4   0x00000010   Code   RO         3688    i.nrfx_uarte_0_irq_handler  nrfx_uarte.o
    0x0002c204   0x0000006c   Code   RO         3690    i.nrfx_uarte_init   nrfx_uarte.o
    0x0002c270   0x00000090   Code   RO         3694    i.nrfx_uarte_tx     nrfx_uarte.o
    0x0002c300   0x0000001c   Code   RO         3696    i.nrfx_uarte_tx_in_progress  nrfx_uarte.o
    0x0002c31c   0x000000b0   Code   RO         3697    i.nrfx_uarte_uninit  nrfx_uarte.o
    0x0002c3cc   0x0000004c   Code   RO           12    i.on_adv_evt        main.o
    0x0002c418   0x0000001c   Code   RO           13    i.on_conn_params_evt  main.o
    0x0002c434   0x000000a0   Code   RO         1591    i.on_connected_evt  nrf_ble_gatt.o
    0x0002c4d4   0x000000a4   Code   RO         1592    i.on_exchange_mtu_request_evt  nrf_ble_gatt.o
    0x0002c578   0x00000024   Code   RO         4359    i.page_identify     fds.o
    0x0002c59c   0x0000001c   Code   RO         4360    i.page_offsets_update  fds.o
    0x0002c5b8   0x0000006c   Code   RO         4361    i.page_scan         fds.o
    0x0002c624   0x0000001c   Code   RO         4362    i.page_tag_write_data  fds.o
    0x0002c640   0x00000024   Code   RO         4363    i.page_tag_write_swap  fds.o
    0x0002c664   0x0000011c   Code   RO         4364    i.pages_init        fds.o
    0x0002c780   0x0000000c   Code   RO         2508    i.pairing           security_dispatcher.o
    0x0002c78c   0x00000006   Code   RO         2641    i.params_reply_pending_handle  security_manager.o
    0x0002c792   0x00000028   Code   RO         2642    i.params_req_send   security_manager.o
    0x0002c7ba   0x00000002   PAD
    0x0002c7bc   0x0000001c   Code   RO         1867    i.pdb_evt_send      peer_database.o
    0x0002c7d8   0x0000004c   Code   RO         1868    i.pdb_init          peer_database.o
    0x0002c824   0x00000004   Code   RO         1870    i.pdb_next_deleted_peer_id_get  peer_database.o
    0x0002c828   0x00000004   Code   RO         1871    i.pdb_next_peer_id_get  peer_database.o
    0x0002c82c   0x00000074   Code   RO         1872    i.pdb_pds_evt_handler  peer_database.o
    0x0002c8a0   0x00000004   Code   RO         1873    i.pdb_peer_allocate  peer_database.o
    0x0002c8a4   0x00000010   Code   RO         1874    i.pdb_peer_data_load  peer_database.o
    0x0002c8b4   0x00000006   Code   RO         1875    i.pdb_peer_data_ptr_get  peer_database.o
    0x0002c8ba   0x00000044   Code   RO         1876    i.pdb_peer_free     peer_database.o
    0x0002c8fe   0x00000008   Code   RO         1877    i.pdb_raw_store     peer_database.o
    0x0002c906   0x00000002   PAD
    0x0002c908   0x000000c4   Code   RO         1878    i.pdb_write_buf_get  peer_database.o
    0x0002c9cc   0x00000028   Code   RO         1879    i.pdb_write_buf_release  peer_database.o
    0x0002c9f4   0x00000028   Code   RO         1880    i.pdb_write_buf_store  peer_database.o
    0x0002ca1c   0x00000068   Code   RO         1881    i.pdb_write_buf_store_prepare  peer_database.o
    0x0002ca84   0x00000010   Code   RO         1727    i.pds_evt_send      peer_data_storage.o
    0x0002ca94   0x0000006c   Code   RO         1728    i.pds_init          peer_data_storage.o
    0x0002cb00   0x00000004   Code   RO         1729    i.pds_next_deleted_peer_id_get  peer_data_storage.o
    0x0002cb04   0x00000004   Code   RO         1730    i.pds_next_peer_id_get  peer_data_storage.o
    0x0002cb08   0x00000058   Code   RO         1733    i.pds_peer_data_iterate  peer_data_storage.o
    0x0002cb60   0x00000010   Code   RO         1734    i.pds_peer_data_iterate_prepare  peer_data_storage.o
    0x0002cb70   0x00000068   Code   RO         1735    i.pds_peer_data_read  peer_data_storage.o
    0x0002cbd8   0x00000096   Code   RO         1736    i.pds_peer_data_store  peer_data_storage.o
    0x0002cc6e   0x00000008   Code   RO         1737    i.pds_peer_id_allocate  peer_data_storage.o
    0x0002cc76   0x00000016   Code   RO         1738    i.pds_peer_id_free  peer_data_storage.o
    0x0002cc8c   0x00000004   Code   RO         1739    i.pds_peer_id_is_allocated  peer_data_storage.o
    0x0002cc90   0x0000002e   Code   RO         1740    i.pds_space_reserve  peer_data_storage.o
    0x0002ccbe   0x00000010   Code   RO         1741    i.pds_space_reserve_cancel  peer_data_storage.o
    0x0002ccce   0x00000002   PAD
    0x0002ccd0   0x0000000c   Code   RO         2509    i.peer_created      security_dispatcher.o
    0x0002ccdc   0x00000006   Code   RO         1882    i.peer_data_const_point_to_buffer  peer_database.o
    0x0002cce2   0x00000002   PAD
    0x0002cce4   0x00000078   Code   RO         1742    i.peer_data_delete_process  peer_data_storage.o
    0x0002cd5c   0x00000030   Code   RO         1743    i.peer_data_find    peer_data_storage.o
    0x0002cd8c   0x00000020   Code   RO         1744    i.peer_data_id_is_valid  peer_data_storage.o
    0x0002cdac   0x0000001a   Code   RO         1883    i.peer_data_point_to_buffer  peer_database.o
    0x0002cdc6   0x00000002   PAD
    0x0002cdc8   0x0000000c   Code   RO         2037    i.peer_id_allocate  peer_id.o
    0x0002cdd4   0x00000024   Code   RO         2038    i.peer_id_delete    peer_id.o
    0x0002cdf8   0x0000001c   Code   RO         2039    i.peer_id_free      peer_id.o
    0x0002ce14   0x0000000c   Code   RO         2040    i.peer_id_get_next_deleted  peer_id.o
    0x0002ce20   0x00000030   Code   RO         2041    i.peer_id_get_next_used  peer_id.o
    0x0002ce50   0x00000028   Code   RO         2042    i.peer_id_init      peer_id.o
    0x0002ce78   0x00000014   Code   RO         2043    i.peer_id_is_allocated  peer_id.o
    0x0002ce8c   0x00000014   Code   RO         2044    i.peer_id_is_deleted  peer_id.o
    0x0002cea0   0x0000001c   Code   RO         1420    i.peer_id_set       id_manager.o
    0x0002cebc   0x0000006c   Code   RO           14    i.peer_manager_init  main.o
    0x0002cf28   0x00000016   Code   RO          812    i.phy_is_valid      ble_advertising.o
    0x0002cf3e   0x00000002   PAD
    0x0002cf40   0x00000018   Code   RO         3150    i.pin_in_use_by_port  nrfx_gpiote.o
    0x0002cf58   0x00000018   Code   RO         3151    i.pin_in_use_by_te  nrfx_gpiote.o
    0x0002cf70   0x0000005c   Code   RO         2406    i.pm_buffer_block_acquire  pm_buffer.o
    0x0002cfcc   0x00000040   Code   RO         2407    i.pm_buffer_init    pm_buffer.o
    0x0002d00c   0x00000028   Code   RO         2408    i.pm_buffer_ptr_get  pm_buffer.o
    0x0002d034   0x0000002e   Code   RO         2409    i.pm_buffer_release  pm_buffer.o
    0x0002d062   0x0000000a   Code   RO         2129    i.pm_conn_sec_config_reply  peer_manager.o
    0x0002d06c   0x000000f8   Code   RO           15    i.pm_evt_handler    main.o
    0x0002d164   0x00000004   Code   RO         2134    i.pm_gcm_evt_handler  peer_manager.o
    0x0002d168   0x00000004   Code   RO         2137    i.pm_im_evt_handler  peer_manager.o
    0x0002d16c   0x0000004c   Code   RO         2138    i.pm_init           peer_manager.o
    0x0002d1b8   0x0000000e   Code   RO         2449    i.pm_mutex_init     pm_mutex.o
    0x0002d1c6   0x0000001a   Code   RO         2450    i.pm_mutex_lock     pm_mutex.o
    0x0002d1e0   0x00000036   Code   RO         2451    i.pm_mutex_lock_first_available  pm_mutex.o
    0x0002d216   0x00000018   Code   RO         2452    i.pm_mutex_lock_status_get  pm_mutex.o
    0x0002d22e   0x0000003a   Code   RO         2453    i.pm_mutex_unlock   pm_mutex.o
    0x0002d268   0x00000118   Code   RO         2142    i.pm_pdb_evt_handler  peer_manager.o
    0x0002d380   0x00000014   Code   RO         2153    i.pm_peer_delete    peer_manager.o
    0x0002d394   0x000000b8   Code   RO         2157    i.pm_peer_ranks_get  peer_manager.o
    0x0002d44c   0x00000068   Code   RO         2158    i.pm_peers_delete   peer_manager.o
    0x0002d4b4   0x0000002c   Code   RO         2161    i.pm_register       peer_manager.o
    0x0002d4e0   0x00000014   Code   RO         2162    i.pm_sec_params_set  peer_manager.o
    0x0002d4f4   0x0000000a   Code   RO         2163    i.pm_sm_evt_handler  peer_manager.o
    0x0002d4fe   0x00000002   PAD
    0x0002d500   0x0000003c   Code   RO         5883    i.postfix_process   nrf_log_str_formatter.o
    0x0002d53c   0x00000098   Code   RO         5884    i.prefix_process    nrf_log_str_formatter.o
    0x0002d5d4   0x00000018   Code   RO         3431    i.prs_box_get       nrfx_prs.o
    0x0002d5ec   0x0000001c   Code   RO         4365    i.queue_buf_get     fds.o
    0x0002d608   0x00000010   Code   RO         4366    i.queue_buf_store   fds.o
    0x0002d618   0x00000014   Code   RO         5170    i.queue_free        nrf_fstorage_sd.o
    0x0002d62c   0x000000a0   Code   RO         4367    i.queue_process     fds.o
    0x0002d6cc   0x000000a0   Code   RO         5171    i.queue_process     nrf_fstorage_sd.o
    0x0002d76c   0x0000001c   Code   RO         4368    i.queue_start       fds.o
    0x0002d788   0x00000024   Code   RO         5172    i.queue_start       nrf_fstorage_sd.o
    0x0002d7ac   0x00000028   Code   RO         2166    i.rank_vars_update  peer_manager.o
    0x0002d7d4   0x0000000e   Code   RO         5173    i.read              nrf_fstorage_sd.o
    0x0002d7e2   0x00000002   PAD
    0x0002d7e4   0x0000007c   Code   RO         1884    i.reattempt_previous_operations  peer_database.o
    0x0002d860   0x00000088   Code   RO         4369    i.record_find       fds.o
    0x0002d8e8   0x000000a0   Code   RO         4370    i.record_find_by_desc  fds.o
    0x0002d988   0x0000005c   Code   RO         4371    i.record_find_next  fds.o
    0x0002d9e4   0x00000038   Code   RO         4372    i.record_header_flag_dirty  fds.o
    0x0002da1c   0x00000010   Code   RO         2046    i.release           peer_id.o
    0x0002da2c   0x00000004   Code   RO         5174    i.rmap              nrf_fstorage_sd.o
    0x0002da30   0x0000003c   Code   RO         4077    i.rtc1_stop         app_timer.o
    0x0002da6c   0x00000032   Code   RO         3501    i.rx_byte           nrfx_uart.o
    0x0002da9e   0x00000016   Code   RO         3502    i.rx_done_event     nrfx_uart.o
    0x0002dab4   0x00000018   Code   RO         3698    i.rx_done_event     nrfx_uarte.o
    0x0002dacc   0x00000024   Code   RO         1201    i.sc_send_pending_handle  gatt_cache_manager.o
    0x0002daf0   0x00000050   Code   RO         2794    i.sd_state_evt_handler  nrf_drv_clock.o
    0x0002db40   0x00000030   Code   RO         6304    i.sdh_request_observer_notify  nrf_sdh.o
    0x0002db70   0x0000002c   Code   RO         6305    i.sdh_state_observer_notify  nrf_sdh.o
    0x0002db9c   0x000000a2   Code   RO         2510    i.sec_info_request_process  security_dispatcher.o
    0x0002dc3e   0x00000002   PAD
    0x0002dc40   0x0000006c   Code   RO         2511    i.sec_keyset_fill   security_dispatcher.o
    0x0002dcac   0x00000076   Code   RO         2643    i.sec_params_verify  security_manager.o
    0x0002dd22   0x00000002   PAD
    0x0002dd24   0x00000038   Code   RO         2512    i.sec_proc_housekeeping  security_dispatcher.o
    0x0002dd5c   0x00000068   Code   RO         2513    i.sec_proc_start    security_dispatcher.o
    0x0002ddc4   0x00000022   Code   RO         2514    i.send_config_req   security_dispatcher.o
    0x0002dde6   0x00000002   PAD
    0x0002dde8   0x00000010   Code   RO          902    i.send_error_evt    ble_conn_params.o
    0x0002ddf8   0x00000028   Code   RO         1202    i.send_unexpected_error  gatt_cache_manager.o
    0x0002de20   0x00000028   Code   RO         2515    i.send_unexpected_error  security_dispatcher.o
    0x0002de48   0x00000040   Code   RO         5585    i.serial_tx         nrf_log_backend_uart.o
    0x0002de88   0x00000014   Code   RO         1203    i.service_changed_pending_flags_check  gatt_cache_manager.o
    0x0002de9c   0x00000044   Code   RO         1323    i.service_changed_pending_set  gatts_cache_manager.o
    0x0002dee0   0x0000008c   Code   RO         1204    i.service_changed_send_in_evt  gatt_cache_manager.o
    0x0002df6c   0x00000088   Code   RO          706    i.service_data_encode  ble_advdata.o
    0x0002dff4   0x0000001e   Code   RO           16    i.sleep_mode_enter  main.o
    0x0002e012   0x00000002   PAD
    0x0002e014   0x00000020   Code   RO         2644    i.sm_ble_evt_handler  security_manager.o
    0x0002e034   0x00000004   Code   RO         2645    i.sm_conn_sec_config_reply  security_manager.o
    0x0002e038   0x0000004c   Code   RO         2646    i.sm_init           security_manager.o
    0x0002e084   0x00000058   Code   RO         2649    i.sm_pdb_evt_handler  security_manager.o
    0x0002e0dc   0x00000034   Code   RO         2651    i.sm_sec_params_set  security_manager.o
    0x0002e110   0x00000060   Code   RO         2652    i.sm_smd_evt_handler  security_manager.o
    0x0002e170   0x000000f4   Code   RO         2516    i.smd_ble_evt_handler  security_dispatcher.o
    0x0002e264   0x00000010   Code   RO         2517    i.smd_conn_sec_config_reply  security_dispatcher.o
    0x0002e274   0x00000058   Code   RO         2518    i.smd_init          security_dispatcher.o
    0x0002e2cc   0x00000022   Code   RO         2519    i.smd_link_secure   security_dispatcher.o
    0x0002e2ee   0x00000002   PAD
    0x0002e2f0   0x000000fc   Code   RO         2520    i.smd_params_reply  security_dispatcher.o
    0x0002e3ec   0x00000040   Code   RO         2653    i.smd_params_reply_perform  security_manager.o
    0x0002e42c   0x00000018   Code   RO         2795    i.soc_evt_handler   nrf_drv_clock.o
    0x0002e444   0x00000038   Code   RO         6306    i.softdevice_evt_irq_disable  nrf_sdh.o
    0x0002e47c   0x00000058   Code   RO         6307    i.softdevices_evt_irq_enable  nrf_sdh.o
    0x0002e4d4   0x0000008c   Code   RO         5719    i.std_n             nrf_log_frontend.o
    0x0002e560   0x00000080   Code   RO         4078    i.timer_list_handler  app_timer.o
    0x0002e5e0   0x0000003c   Code   RO         4079    i.timer_list_insert  app_timer.o
    0x0002e61c   0x00000060   Code   RO         4080    i.timer_list_remove  app_timer.o
    0x0002e67c   0x00000048   Code   RO         4081    i.timer_stop_op_schedule  app_timer.o
    0x0002e6c4   0x00000074   Code   RO         4082    i.timer_timeouts_check  app_timer.o
    0x0002e738   0x00000020   Code   RO         3504    i.tx_byte           nrfx_uart.o
    0x0002e758   0x0000001a   Code   RO         3505    i.tx_done_event     nrfx_uart.o
    0x0002e772   0x00000002   PAD
    0x0002e774   0x00000030   Code   RO         2926    i.uart_evt_handler  nrf_drv_uart.o
    0x0002e7a4   0x0000000c   Code   RO         5586    i.uart_evt_handler  nrf_log_backend_uart.o
    0x0002e7b0   0x00000050   Code   RO         5587    i.uart_init         nrf_log_backend_uart.o
    0x0002e800   0x00000128   Code   RO         3506    i.uart_irq_handler  nrfx_uart.o
    0x0002e928   0x00000030   Code   RO         2927    i.uarte_evt_handler  nrf_drv_uart.o
    0x0002e958   0x000000f4   Code   RO         3699    i.uarte_irq_handler  nrfx_uarte.o
    0x0002ea4c   0x0000000a   Code   RO          707    i.uint16_encode     ble_advdata.o
    0x0002ea56   0x00000002   PAD
    0x0002ea58   0x00000020   Code   RO         5175    i.uninit            nrf_fstorage_sd.o
    0x0002ea78   0x000000b4   Code   RO         5042    i.unsigned_print    nrf_fprintf_format.o
    0x0002eb2c   0x00000014   Code   RO         1205    i.update_pending_flags_check  gatt_cache_manager.o
    0x0002eb40   0x00000068   Code   RO          903    i.update_timeout_handler  ble_conn_params.o
    0x0002eba8   0x00000018   Code   RO          813    i.use_whitelist     ble_advertising.o
    0x0002ebc0   0x0000000c   Code   RO          988    i.user_flag_is_acquired  ble_conn_state.o
    0x0002ebcc   0x00000024   Code   RO         1687    i.user_mem_reply    nrf_ble_qwr.o
    0x0002ebf0   0x00000030   Code   RO         4083    i.user_op_alloc     app_timer.o
    0x0002ec20   0x00000030   Code   RO          708    i.uuid_list_encode  ble_advdata.o
    0x0002ec50   0x0000009e   Code   RO          709    i.uuid_list_sized_encode  ble_advdata.o
    0x0002ecee   0x00000004   Code   RO         5176    i.wmap              nrf_fstorage_sd.o
    0x0002ecf2   0x00000002   PAD
    0x0002ecf4   0x00000050   Code   RO         5177    i.write             nrf_fstorage_sd.o
    0x0002ed44   0x00000024   Code   RO         1885    i.write_buf_length_words_set  peer_database.o
    0x0002ed68   0x00000084   Code   RO         1886    i.write_buf_store   peer_database.o
    0x0002edec   0x00000034   Code   RO         1887    i.write_buffer_record_find  peer_database.o
    0x0002ee20   0x00000028   Code   RO         1888    i.write_buffer_record_find_next  peer_database.o
    0x0002ee48   0x0000001e   Code   RO         1889    i.write_buffer_record_invalidate  peer_database.o
    0x0002ee66   0x00000002   PAD
    0x0002ee68   0x0000002c   Code   RO         1890    i.write_buffer_record_release  peer_database.o
    0x0002ee94   0x000000e8   Code   RO         4374    i.write_enqueue     fds.o
    0x0002ef7c   0x000000f4   Code   RO         4375    i.write_execute     fds.o
    0x0002f070   0x00000018   Code   RO         4376    i.write_space_free  fds.o
    0x0002f088   0x0000005c   Code   RO         4377    i.write_space_reserve  fds.o
    0x0002f0e4   0x00000001   Data   RO           18    .constdata          main.o
    0x0002f0e5   0x00000008   Data   RO          409    .constdata          boards.o
    0x0002f0ed   0x00000003   PAD
    0x0002f0f0   0x0000002c   Data   RO          551    .constdata          bsp.o
    0x0002f11c   0x00000050   Data   RO         1206    .constdata          gatt_cache_manager.o
    0x0002f16c   0x00000004   Data   RO         1324    .constdata          gatts_cache_manager.o
    0x0002f170   0x00000010   Data   RO         1325    .constdata          gatts_cache_manager.o
    0x0002f180   0x00000004   Data   RO         1326    .constdata          gatts_cache_manager.o
    0x0002f184   0x00000008   Data   RO         1423    .constdata          id_manager.o
    0x0002f18c   0x00000016   Data   RO         1593    .constdata          nrf_ble_gatt.o
    0x0002f1a2   0x00000002   PAD
    0x0002f1a4   0x00000018   Data   RO         1745    .constdata          peer_data_storage.o
    0x0002f1bc   0x00000010   Data   RO         1892    .constdata          peer_database.o
    0x0002f1cc   0x00000010   Data   RO         2168    .constdata          peer_manager.o
    0x0002f1dc   0x00000054   Data   RO         2522    .constdata          security_dispatcher.o
    0x0002f230   0x00000004   Data   RO         2654    .constdata          security_manager.o
    0x0002f234   0x00000008   Data   RO         3153    .constdata          nrfx_gpiote.o
    0x0002f23c   0x00000004   Data   RO         3509    .constdata          nrfx_uart.o
    0x0002f240   0x00000004   Data   RO         3702    .constdata          nrfx_uarte.o
    0x0002f244   0x00000008   Data   RO         3846    .constdata          app_button.o
    0x0002f24c   0x00000004   PAD
    0x0002f250   0x00000006   Data   RO         4085    .constdata          app_timer.o
    0x0002f256   0x00000002   PAD
    0x0002f258   0x00000018   Data   RO         4379    .constdata          fds.o
    0x0002f270   0x00000010   Data   RO         5043    .constdata          nrf_fprintf_format.o
    0x0002f280   0x0000005e   Data   RO         5089    .constdata          nrf_fstorage.o
    0x0002f2de   0x00000002   PAD
    0x0002f2e0   0x00000010   Data   RO         5179    .constdata          nrf_fstorage_sd.o
    0x0002f2f0   0x00000020   Data   RO         5180    .constdata          nrf_fstorage_sd.o
    0x0002f310   0x00000018   Data   RO         5362    .constdata          nrf_pwr_mgmt.o
    0x0002f328   0x0000000c   Data   RO         5363    .constdata          nrf_pwr_mgmt.o
    0x0002f334   0x0000013c   Data   RO         5463    .constdata          nrf_strerror.o
    0x0002f470   0x0000000c   Data   RO         5589    .constdata          nrf_log_backend_uart.o
    0x0002f47c   0x00000020   Data   RO         5590    .constdata          nrf_log_backend_uart.o
    0x0002f49c   0x00000010   Data   RO         6308    .constdata          nrf_sdh.o
    0x0002f4ac   0x00000028   Data   RO         6309    .constdata          nrf_sdh.o
    0x0002f4d4   0x00000010   Data   RO         6310    .constdata          nrf_sdh.o
    0x0002f4e4   0x00000010   Data   RO         6311    .constdata          nrf_sdh.o
    0x0002f4f4   0x00000020   Data   RO         6419    .constdata          nrf_sdh_ble.o
    0x0002f514   0x00000010   Data   RO         6420    .constdata          nrf_sdh_ble.o
    0x0002f524   0x00000010   Data   RO         6467    .constdata          nrf_sdh_soc.o
    0x0002f534   0x0000000c   Data   RO         6468    .constdata          nrf_sdh_soc.o
    0x0002f540   0x00000081   Data   RO         6551    .constdata          mc_w.l(ctype_o.o)
    0x0002f5c1   0x00000003   PAD
    0x0002f5c4   0x00000004   Data   RO         6552    .constdata          mc_w.l(ctype_o.o)
    0x0002f5c8   0x000000a2   Data   RO         1594    .conststring        nrf_ble_gatt.o
    0x0002f66a   0x00000002   PAD
    0x0002f66c   0x0000004f   Data   RO         5090    .conststring        nrf_fstorage.o
    0x0002f6bb   0x00000001   PAD
    0x0002f6bc   0x000003eb   Data   RO         5464    .conststring        nrf_strerror.o
    0x0002faa7   0x00000001   PAD
    0x0002faa8   0x00000066   Data   RO         5885    .conststring        nrf_log_str_formatter.o
    0x0002fb0e   0x00000002   PAD
    0x0002fb10   0x00000188   Data   RO         6421    .conststring        nrf_sdh_ble.o
    0x0002fc98   0x0000000d   Data   RO         1595    .conststrlit        nrf_ble_gatt.o
    0x0002fca5   0x00000003   PAD
    0x0002fca8   0x00000006   Data   RO         2801    .conststrlit        nrf_drv_clock.o
    0x0002fcae   0x00000002   PAD
    0x0002fcb0   0x00000006   Data   RO         2994    .conststrlit        nrfx_clock.o
    0x0002fcb6   0x00000002   PAD
    0x0002fcb8   0x00000007   Data   RO         3157    .conststrlit        nrfx_gpiote.o
    0x0002fcbf   0x00000001   PAD
    0x0002fcc0   0x00000004   Data   RO         3433    .conststrlit        nrfx_prs.o
    0x0002fcc4   0x00000005   Data   RO         3512    .conststrlit        nrfx_uart.o
    0x0002fcc9   0x00000003   PAD
    0x0002fccc   0x00000006   Data   RO         3705    .conststrlit        nrfx_uarte.o
    0x0002fcd2   0x00000002   PAD
    0x0002fcd4   0x0000000f   Data   RO         4380    .conststrlit        fds.o
    0x0002fce3   0x00000001   PAD
    0x0002fce4   0x0000000d   Data   RO         5091    .conststrlit        nrf_fstorage.o
    0x0002fcf1   0x00000003   PAD
    0x0002fcf4   0x0000000e   Data   RO         5181    .conststrlit        nrf_fstorage_sd.o
    0x0002fd02   0x00000002   PAD
    0x0002fd04   0x00000009   Data   RO         5364    .conststrlit        nrf_pwr_mgmt.o
    0x0002fd0d   0x00000003   PAD
    0x0002fd10   0x00000018   Data   RO         5722    .conststrlit        nrf_log_frontend.o
    0x0002fd28   0x00000008   Data   RO         6312    .conststrlit        nrf_sdh.o
    0x0002fd30   0x0000000c   Data   RO         6422    .conststrlit        nrf_sdh_ble.o
    0x0002fd3c   0x0000000c   Data   RO         6469    .conststrlit        nrf_sdh_soc.o
    0x0002fd48   0x00000020   Data   RO         6612    Region$$Table       anon$$obj.o
    0x0002fd68   0x00000008   Data   RO         1596    log_const_data      nrf_ble_gatt.o
    0x0002fd70   0x00000008   Data   RO         2802    log_const_data      nrf_drv_clock.o
    0x0002fd78   0x00000008   Data   RO         2996    log_const_data      nrfx_clock.o
    0x0002fd80   0x00000008   Data   RO         3158    log_const_data      nrfx_gpiote.o
    0x0002fd88   0x00000008   Data   RO         3435    log_const_data      nrfx_prs.o
    0x0002fd90   0x00000008   Data   RO         3513    log_const_data      nrfx_uart.o
    0x0002fd98   0x00000008   Data   RO         3706    log_const_data      nrfx_uarte.o
    0x0002fda0   0x00000008   Data   RO         4384    log_const_data      fds.o
    0x0002fda8   0x00000008   Data   RO         5092    log_const_data      nrf_fstorage.o
    0x0002fdb0   0x00000008   Data   RO         5184    log_const_data      nrf_fstorage_sd.o
    0x0002fdb8   0x00000008   Data   RO         5366    log_const_data      nrf_pwr_mgmt.o
    0x0002fdc0   0x00000010   Data   RO         5725    log_const_data      nrf_log_frontend.o
    0x0002fdd0   0x00000008   Data   RO         6314    log_const_data      nrf_sdh.o
    0x0002fdd8   0x00000008   Data   RO         6424    log_const_data      nrf_sdh_ble.o
    0x0002fde0   0x00000008   Data   RO         6470    log_const_data      nrf_sdh_soc.o
    0x0002fde8   0x00000018   Data   RO         5727    nrf_balloc          nrf_log_frontend.o
    0x0002fe00   0x00000008   Data   RO          990    sdh_ble_observers0  ble_conn_state.o
    0x0002fe08   0x00000010   Data   RO           20    sdh_ble_observers1  main.o
    0x0002fe18   0x00000008   Data   RO          654    sdh_ble_observers1  bsp_btn_ble.o
    0x0002fe20   0x00000008   Data   RO          906    sdh_ble_observers1  ble_conn_params.o
    0x0002fe28   0x00000008   Data   RO         2170    sdh_ble_observers1  peer_manager.o
    0x0002fe30   0x00000008   Data   RO           21    sdh_ble_observers2  main.o
    0x0002fe38   0x00000008   Data   RO           22    sdh_ble_observers3  main.o
    0x0002fe40   0x00000008   Data   RO         5186    sdh_req_observers0  nrf_fstorage_sd.o
    0x0002fe48   0x00000008   Data   RO         2804    sdh_soc_observers0  nrf_drv_clock.o
    0x0002fe50   0x00000008   Data   RO         5187    sdh_soc_observers0  nrf_fstorage_sd.o
    0x0002fe58   0x00000008   Data   RO           23    sdh_soc_observers1  main.o
    0x0002fe60   0x00000008   Data   RO         6426    sdh_stack_observers0  nrf_sdh_ble.o
    0x0002fe68   0x00000008   Data   RO         6472    sdh_stack_observers0  nrf_sdh_soc.o
    0x0002fe70   0x00000008   Data   RO         2805    sdh_state_observers0  nrf_drv_clock.o
    0x0002fe78   0x00000008   Data   RO         5188    sdh_state_observers0  nrf_fstorage_sd.o


    Execution Region RW_IRAM1 (Base: 0x20002210, Size: 0x00002f38, Max: 0x0003ddf0, ABSOLUTE, COMPRESSED[0x0000005c])

    Base Addr    Size         Type   Attr      Idx    E Section Name        Object

    0x20002210   0x00000006   Data   RW           19    .data               main.o
    0x20002216   0x00000002   PAD
    0x20002218   0x00000010   Data   RW          552    .data               bsp.o
    0x20002228   0x00000008   Data   RW          653    .data               bsp_btn_ble.o
    0x20002230   0x00000008   Data   RW          905    .data               ble_conn_params.o
    0x20002238   0x0000000c   Data   RW         1207    .data               gatt_cache_manager.o
    0x20002244   0x00000006   Data   RW         1327    .data               gatts_cache_manager.o
    0x2000224a   0x00000003   Data   RW         1424    .data               id_manager.o
    0x2000224d   0x00000003   PAD
    0x20002250   0x0000000c   Data   RW         1746    .data               peer_data_storage.o
    0x2000225c   0x00000003   Data   RW         1893    .data               peer_database.o
    0x2000225f   0x00000001   PAD
    0x20002260   0x00000010   Data   RW         2169    .data               peer_manager.o
    0x20002270   0x00000006   Data   RW         2523    .data               security_dispatcher.o
    0x20002276   0x00000002   PAD
    0x20002278   0x00000015   Data   RW         2655    .data               security_manager.o
    0x2000228d   0x00000003   PAD
    0x20002290   0x00000014   Data   RW         2928    .data               nrf_drv_uart.o
    0x200022a4   0x00000008   Data   RW         2995    .data               nrfx_clock.o
    0x200022ac   0x00000008   Data   RW         3434    .data               nrfx_prs.o
    0x200022b4   0x00000004   PAD
    0x200022b8   0x00000020   Data   RW         3847    .data               app_button.o
    0x200022d8   0x00000014   Data   RW         4086    .data               app_timer.o
    0x200022ec   0x00000014   Data   RW         4381    .data               fds.o
    0x20002300   0x00000030   Data   RW         4382    .data               fds.o
    0x20002330   0x00000014   Data   RW         5182    .data               nrf_fstorage_sd.o
    0x20002344   0x00000008   Data   RW         5183    .data               nrf_fstorage_sd.o
    0x2000234c   0x00000008   Data   RW         5365    .data               nrf_pwr_mgmt.o
    0x20002354   0x00000018   Data   RW         5591    .data               nrf_log_backend_uart.o
    0x2000236c   0x0000000c   Data   RW         5661    .data               nrf_log_default_backends.o
    0x20002378   0x00000008   Data   RW         5723    .data               nrf_log_frontend.o
    0x20002380   0x00000008   Data   RW         5724    .data               nrf_log_frontend.o
    0x20002388   0x00000040   Data   RW         5886    .data               nrf_log_str_formatter.o
    0x200023c8   0x00000003   Data   RW         6313    .data               nrf_sdh.o
    0x200023cb   0x00000001   Data   RW         6423    .data               nrf_sdh_ble.o
    0x200023cc   0x00000004   Data   RW         6507    .data               system_nrf52840.o
    0x200023d0   0x00000014   Data   RW         4383    fs_data             fds.o
    0x200023e4   0x00000004   Data   RW         1597    log_dynamic_data    nrf_ble_gatt.o
    0x200023e8   0x00000004   Data   RW         2803    log_dynamic_data    nrf_drv_clock.o
    0x200023ec   0x00000004   Data   RW         2997    log_dynamic_data    nrfx_clock.o
    0x200023f0   0x00000004   Data   RW         3159    log_dynamic_data    nrfx_gpiote.o
    0x200023f4   0x00000004   Data   RW         3436    log_dynamic_data    nrfx_prs.o
    0x200023f8   0x00000004   Data   RW         3514    log_dynamic_data    nrfx_uart.o
    0x200023fc   0x00000004   Data   RW         3707    log_dynamic_data    nrfx_uarte.o
    0x20002400   0x00000004   Data   RW         4385    log_dynamic_data    fds.o
    0x20002404   0x00000004   Data   RW         5093    log_dynamic_data    nrf_fstorage.o
    0x20002408   0x00000004   Data   RW         5185    log_dynamic_data    nrf_fstorage_sd.o
    0x2000240c   0x00000004   Data   RW         5367    log_dynamic_data    nrf_pwr_mgmt.o
    0x20002410   0x00000008   Data   RW         5726    log_dynamic_data    nrf_log_frontend.o
    0x20002418   0x00000004   Data   RW         6315    log_dynamic_data    nrf_sdh.o
    0x2000241c   0x00000004   Data   RW         6425    log_dynamic_data    nrf_sdh_ble.o
    0x20002420   0x00000004   Data   RW         6471    log_dynamic_data    nrf_sdh_soc.o
    0x20002424   0x000000d8   Zero   RW           17    .bss                main.o
    0x200024fc   0x00000020   Zero   RW          547    .bss                bsp.o
    0x2000251c   0x00000020   Zero   RW          548    .bss                bsp.o
    0x2000253c   0x0000000c   Zero   RW          549    .bss                bsp.o
    0x20002548   0x00000020   Zero   RW          550    .bss                bsp.o
    0x20002568   0x00000050   Zero   RW          904    .bss                ble_conn_params.o
    0x200025b8   0x00000078   Zero   RW          989    .bss                ble_conn_state.o
    0x20002630   0x00000100   Zero   RW         1422    .bss                id_manager.o
    0x20002730   0x000000d0   Zero   RW         1891    .bss                peer_database.o
    0x20002800   0x00000040   Zero   RW         2047    .bss                peer_id.o
    0x20002840   0x0000000c   Zero   RW         2167    .bss                peer_manager.o
    0x2000284c   0x00000040   Zero   RW         2521    .bss                security_dispatcher.o
    0x2000288c   0x00000014   Zero   RW         2796    .bss                nrf_drv_clock.o
    0x200028a0   0x0000006c   Zero   RW         3152    .bss                nrfx_gpiote.o
    0x2000290c   0x0000002c   Zero   RW         3507    .bss                nrfx_uart.o
    0x20002938   0x00000024   Zero   RW         3700    .bss                nrfx_uarte.o
    0x2000295c   0x00000020   Zero   RW         3845    .bss                app_button.o
    0x2000297c   0x0000010c   Zero   RW         4084    .bss                app_timer.o
    0x20002a88   0x0000000c   Zero   RW         4237    .bss                app_util_platform.o
    0x20002a94   0x000000e0   Zero   RW         4378    .bss                fds.o
    0x20002b74   0x000000a0   Zero   RW         5178    .bss                nrf_fstorage_sd.o
    0x20002c14   0x0000000c   Zero   RW         5361    .bss                nrf_pwr_mgmt.o
    0x20002c20   0x00000040   Zero   RW         5588    .bss                nrf_log_backend_uart.o
    0x20002c60   0x000000c0   Zero   RW         5720    .bss                nrf_log_frontend.o
    0x20002d20   0x00000424   Zero   RW         5721    .bss                nrf_log_frontend.o
    0x20003144   0x00000004   PAD
    0x20003148   0x00002000   Zero   RW         6495    STACK               arm_startup_nrf52840.o


==============================================================================

Image component sizes


      Code (inc. data)   RO Data    RW Data    ZI Data      Debug   Object Name

       440         36          8         32         32      13106   app_button.o
        22          0          0          0          0       2461   app_error.o
       124         40          0          0          0      30537   app_error_weak.o
         0          0          0          0          0      21978   app_scheduler.o
      1506        118          6         20        268      48531   app_timer.o
       124         14          0          0         12       9466   app_util_platform.o
        36          8        512          0       8192        936   arm_startup_nrf52840.o
      1314          0          0          0          0      38184   ble_advdata.o
      1104          6          0          0          0      13200   ble_advertising.o
       636         44          8          8         80       9267   ble_conn_params.o
       650         46          8          0        120      12559   ble_conn_state.o
         8          0          0          0          0       1462   ble_srv_common.o
       428         40          8          0          0      53237   boards.o
       918         82         44         16        108      13784   bsp.o
       226         10          8          8          0       4111   bsp_btn_ble.o
      3550        328         47         92        224      51022   fds.o
       940         94         80         12          0      19396   gatt_cache_manager.o
       462         32         24          6          0      10509   gatts_cache_manager.o
      1156         58          8          3        256      18965   id_manager.o
      1326        316         41          6        216     177037   main.o
       342          0          0          0          0       6746   nrf_atfifo.o
       170          0          0          0          0       4768   nrf_atflags.o
       332          0          0          0          0      10178   nrf_atomic.o
       164          0          0          0          0       3652   nrf_balloc.o
       894        254        205          4          0      36288   nrf_ble_gatt.o
       276          0          0          0          0       4713   nrf_ble_qwr.o
       276         34         30          4         20      37730   nrf_drv_clock.o
       200         26          0         20          0      17716   nrf_drv_uart.o
        50          0          0          0          0       3541   nrf_fprintf.o
       850          4         16          0          0       5498   nrf_fprintf_format.o
      1020        432        194          4          0       9032   nrf_fstorage.o
       798         82         94         32        160      16265   nrf_fstorage_sd.o
       200          0          0          0          0      11527   nrf_log_backend_serial.o
       232         44         44         24         64      21190   nrf_log_backend_uart.o
        28          6          0         12          0       3215   nrf_log_default_backends.o
      1508        118         64         24       1252      30910   nrf_log_frontend.o
       566        108        102         64          0       5816   nrf_log_str_formatter.o
       330          0          0          0          0       9647   nrf_memobj.o
       108         16         53         12         12      36463   nrf_pwr_mgmt.o
       552         60        104          7          0      41748   nrf_sdh.o
       676        222        468          5          0       5961   nrf_sdh_ble.o
        60          4         56          4          0       2588   nrf_sdh_soc.o
        78          0          0          0          0       2788   nrf_section_iter.o
        76         10       1319          0          0       2755   nrf_strerror.o
       222         28         14         12          0      41128   nrfx_clock.o
      1378         92         23          4        108      59758   nrfx_gpiote.o
       112         16         12         12          0       4592   nrfx_prs.o
      1336         46         17          4         44      32370   nrfx_uart.o
      1178         50         18          4         36      25477   nrfx_uarte.o
      1010         46         24         12          0      19440   peer_data_storage.o
      1200         60         16          3        208      24934   peer_database.o
       336         38          0          0         64       9163   peer_id.o
       880         62         24         16         12      15292   peer_manager.o
       242          0          0          0          0       4495   pm_buffer.o
       226          0          0          0          0       5401   pm_mutex.o
      1646         88         84          6         64      27262   security_dispatcher.o
      1054         70          4         21          0      48884   security_manager.o
       476         60          0          4          0       2359   system_nrf52840.o

    ----------------------------------------------------------------------
     36124       3348       3860        532      11556    1201038   Object Totals
         0          0         32          0          0          0   (incl. Generated)
        72          0         41         15          4          0   (incl. Padding)

    ----------------------------------------------------------------------

      Code (inc. data)   RO Data    RW Data    ZI Data      Debug   Library Member Name

        86          0          0          0          0          0   __dczerorl2.o
         8          4        133          0          0         68   ctype_o.o
         0          0          0          0          0          0   entry.o
         0          0          0          0          0          0   entry10a.o
         0          0          0          0          0          0   entry11a.o
         8          4          0          0          0          0   entry2.o
         4          0          0          0          0          0   entry5.o
         0          0          0          0          0          0   entry7b.o
         0          0          0          0          0          0   entry8b.o
         8          4          0          0          0          0   entry9a.o
        30          0          0          0          0          0   handlers.o
        36          8          0          0          0         68   init.o
        30          0          0          0          0         68   llshl.o
        32          0          0          0          0         68   llushr.o
        26          0          0          0          0         80   memcmp.o
        36          0          0          0          0         68   memcpya.o
        36          0          0          0          0        108   memseta.o
        14          0          0          0          0         68   strlen.o
        98          0          0          0          0         92   uldiv.o

    ----------------------------------------------------------------------
       456         20        136          0          0        688   Library Totals
         4          0          3          0          0          0   (incl. Padding)

    ----------------------------------------------------------------------

      Code (inc. data)   RO Data    RW Data    ZI Data      Debug   Library Name

       452         20        133          0          0        688   mc_w.l

    ----------------------------------------------------------------------
       456         20        136          0          0        688   Library Totals

    ----------------------------------------------------------------------

==============================================================================


      Code (inc. data)   RO Data    RW Data    ZI Data      Debug   

     36580       3368       3996        532      11556    1151302   Grand Totals
     36580       3368       3996         92      11556    1151302   ELF Image Totals (compressed)
     36580       3368       3996         92          0          0   ROM Totals

==============================================================================

    Total RO  Size (Code + RO Data)                40576 (  39.63kB)
    Total RW  Size (RW Data + ZI Data)             12088 (  11.80kB)
    Total ROM Size (Code + RO Data + RW Data)      40668 (  39.71kB)

==============================================================================

