<html>
<body>
<pre>
<h1>µVision Build Log</h1>
<h2>Tool Versions:</h2>
IDE-Version: ¦ÌVision V5.36.0.0
Copyright (C) 2021 ARM Ltd and ARM Germany GmbH. All rights reserved.
License Information: G 1127180346@qq.com, G, LIC=8VRJ7-EFEKS-UH28H-WV87M-VEYBH-TTH84
 
Tool Versions:
Toolchain:       MDK-ARM Plus  Version: 5.36.0.0
Toolchain Path:  D:\MDK\Keil_v5\ARM\ARMCC\Bin
C Compiler:      Armcc.exe V5.06 update 7 (build 960)
Assembler:       Armasm.exe V5.06 update 7 (build 960)
Linker/Locator:  ArmLink.exe V5.06 update 7 (build 960)
Library Manager: ArmAr.exe V5.06 update 7 (build 960)
Hex Converter:   FromElf.exe V5.06 update 7 (build 960)
CPU DLL:         SARMCM3.DLL V5.36.0.0
Dialog DLL:      DARMCM1.DLL V1.19.4.0
Target DLL:      UL2CM3.DLL V1.164.0.0
Dialog DLL:      TARMCM1.DLL V1.14.4.0
 
<h2>Project:</h2>
E:\PROJCT\YK01\Code\PHY6222_SDK_312\PHY6222_Single\example\ble_peripheral\simpleBlePeripheral\simpleBlePeripheral.uvprojx
Project File Date:  03/22/2023

<h2>Output:</h2>
*** Using Compiler 'V5.06 update 7 (build 960)', folder: 'D:\MDK\Keil_v5\ARM\ARMCC\Bin'
Build target 'Target 1'
compiling osal_snv.c...
compiling key.c...
compiling flash.c...
compiling my_printf.c...
compiling watchdog.c...
compiling pwrmgr.c...
compiling timer.c...
compiling main.c...
compiling clock.c...
compiling gpio.c...
compiling uart.c...
compiling gap.c...
compiling gapgattserver.c...
compiling sbpProfile_ota.c...
compiling jump_table.c...
compiling UserTask.c...
compiling OSAL_SimpleBLEPeripheral.c...
compiling ota_app_service.c...
compiling peripheral.c...
compiling param.c...
compiling gapbondmgr.c...
compiling gattservapp.c...
compiling simpleBLEPeripheral.c...
linking...
Program Size: Code=60350 RO-data=2038 RW-data=2360 ZI-data=10032  
FromELF: creating hex file...
After Build - User command #1: fromelf.exe .\Objects\simpleBlePeripheral.axf --i32combined --output .\bin\simpleBlePeripheral.hex
After Build - User command #2: fromelf -c -a -d -e -v -o simpleBlePeripheral.asm ./Objects/simpleBlePeripheral.axf
".\Objects\simpleBlePeripheral.axf" - 0 Error(s), 0 Warning(s).

<h2>Software Packages used:</h2>

Package Vendor: ARM
                http://www.keil.com/pack/ARM.CMSIS.5.8.0.pack
                ARM.CMSIS.5.8.0
                CMSIS (Common Microcontroller Software Interface Standard)
   * Component: CORE Version: 5.5.0
   * Component: Startup Version: 1.2.2

<h2>Collection of Component include folders:</h2>
  .\RTE\_Target_1
  C:\MDK\AppData\Local\Arm\Packs\ARM\CMSIS\5.8.0\CMSIS\Core\Include
  C:\MDK\AppData\Local\Arm\Packs\ARM\CMSIS\5.8.0\Device\ARM\ARMCM0\Include

<h2>Collection of Component Files used:</h2>

   * Component: ARM::CMSIS:CORE:5.5.0

   * Component: ARM::Device:Startup:1.2.2
      Include file:  Device\ARM\ARMCM0\Include\ARMCM0.h
      Source file:   Device\ARM\ARMCM0\Source\system_ARMCM0.c
      Source file:   Device\ARM\ARMCM0\Source\ARM\startup_ARMCM0.s
Build Time Elapsed:  00:00:02
</pre>
</body>
</html>
