Component: ARM Compiler 5.06 update 7 (build 960) Tool: armlink [4d3601]

==============================================================================

Section Cross References

    main.o(i.advertising_start) refers to nrf_log_frontend.o(i.nrf_log_frontend_std_0) for nrf_log_frontend_std_0
    main.o(i.advertising_start) refers to peer_manager.o(i.pm_peers_delete) for pm_peers_delete
    main.o(i.advertising_start) refers to ble_advertising.o(i.ble_advertising_start) for ble_advertising_start
    main.o(i.advertising_start) refers to app_error.o(i.app_error_handler_bare) for app_error_handler_bare
    main.o(i.advertising_start) refers to nrf_log_frontend.o(log_dynamic_data) for m_nrf_log_app_logs_data_dynamic
    main.o(i.advertising_start) refers to main.o(.bss) for .bss
    main.o(i.assert_nrf_callback) refers to app_error_handler_keil.o(.emb_text) for app_error_handler
    main.o(i.ble_evt_handler) refers to nrf_log_frontend.o(i.nrf_log_frontend_std_0) for nrf_log_frontend_std_0
    main.o(i.ble_evt_handler) refers to bsp.o(i.bsp_indication_set) for bsp_indication_set
    main.o(i.ble_evt_handler) refers to app_error.o(i.app_error_handler_bare) for app_error_handler_bare
    main.o(i.ble_evt_handler) refers to nrf_ble_qwr.o(i.nrf_ble_qwr_conn_handle_assign) for nrf_ble_qwr_conn_handle_assign
    main.o(i.ble_evt_handler) refers to nrf_log_frontend.o(log_dynamic_data) for m_nrf_log_app_logs_data_dynamic
    main.o(i.ble_evt_handler) refers to main.o(.data) for .data
    main.o(i.ble_evt_handler) refers to main.o(.bss) for .bss
    main.o(i.bsp_event_handler) refers to main.o(i.sleep_mode_enter) for sleep_mode_enter
    main.o(i.bsp_event_handler) refers to app_error.o(i.app_error_handler_bare) for app_error_handler_bare
    main.o(i.bsp_event_handler) refers to ble_advertising.o(i.ble_advertising_restart_without_whitelist) for ble_advertising_restart_without_whitelist
    main.o(i.bsp_event_handler) refers to main.o(.data) for .data
    main.o(i.bsp_event_handler) refers to main.o(.bss) for .bss
    main.o(i.conn_params_error_handler) refers to app_error.o(i.app_error_handler_bare) for app_error_handler_bare
    main.o(i.gap_params_init) refers to app_error.o(i.app_error_handler_bare) for app_error_handler_bare
    main.o(i.main) refers to memcpya.o(.text) for __aeabi_memcpy4
    main.o(i.main) refers to app_uart_fifo.o(i.app_uart_init) for app_uart_init
    main.o(i.main) refers to app_error.o(i.app_error_handler_bare) for app_error_handler_bare
    main.o(i.main) refers to nrf_log_frontend.o(i.nrf_log_init) for nrf_log_init
    main.o(i.main) refers to nrf_log_default_backends.o(i.nrf_log_default_backends_init) for nrf_log_default_backends_init
    main.o(i.main) refers to app_timer.o(i.app_timer_init) for app_timer_init
    main.o(i.main) refers to bsp.o(i.bsp_init) for bsp_init
    main.o(i.main) refers to bsp_btn_ble.o(i.bsp_btn_ble_init) for bsp_btn_ble_init
    main.o(i.main) refers to nrf_pwr_mgmt.o(i.nrf_pwr_mgmt_init) for nrf_pwr_mgmt_init
    main.o(i.main) refers to nrf_sdh.o(i.nrf_sdh_enable_request) for nrf_sdh_enable_request
    main.o(i.main) refers to nrf_sdh_ble.o(i.nrf_sdh_ble_default_cfg_set) for nrf_sdh_ble_default_cfg_set
    main.o(i.main) refers to nrf_sdh_ble.o(i.nrf_sdh_ble_enable) for nrf_sdh_ble_enable
    main.o(i.main) refers to main.o(i.gap_params_init) for gap_params_init
    main.o(i.main) refers to nrf_ble_gatt.o(i.nrf_ble_gatt_init) for nrf_ble_gatt_init
    main.o(i.main) refers to memseta.o(.text) for __aeabi_memclr4
    main.o(i.main) refers to ble_advertising.o(i.ble_advertising_init) for ble_advertising_init
    main.o(i.main) refers to ble_advertising.o(i.ble_advertising_conn_cfg_tag_set) for ble_advertising_conn_cfg_tag_set
    main.o(i.main) refers to nrf_ble_qwr.o(i.nrf_ble_qwr_init) for nrf_ble_qwr_init
    main.o(i.main) refers to ble_nus.o(i.ble_nus_init) for ble_nus_init
    main.o(i.main) refers to ble_conn_params.o(i.ble_conn_params_init) for ble_conn_params_init
    main.o(i.main) refers to main.o(i.peer_manager_init) for peer_manager_init
    main.o(i.main) refers to nrf_log_frontend.o(i.nrf_log_frontend_std_0) for nrf_log_frontend_std_0
    main.o(i.main) refers to main.o(i.advertising_start) for advertising_start
    main.o(i.main) refers to nrf_log_frontend.o(i.nrf_log_frontend_dequeue) for nrf_log_frontend_dequeue
    main.o(i.main) refers to nrf_pwr_mgmt.o(i.nrf_pwr_mgmt_run) for nrf_pwr_mgmt_run
    main.o(i.main) refers to main.o(.constdata) for .constdata
    main.o(i.main) refers to main.o(.bss) for .bss
    main.o(i.main) refers to main.o(i.uart_event_handle) for uart_event_handle
    main.o(i.main) refers to main.o(i.bsp_event_handler) for bsp_event_handler
    main.o(i.main) refers to main.o(.data) for .data
    main.o(i.main) refers to main.o(i.on_adv_evt) for on_adv_evt
    main.o(i.main) refers to main.o(i.nrf_qwr_error_handler) for nrf_qwr_error_handler
    main.o(i.main) refers to main.o(i.nus_data_handler) for nus_data_handler
[...]
    sdh_ble_observers3$$Limit                0x00030e68   Number         0  main.o(sdh_ble_observers3)
    sdh_req_observers0$$Base                 0x00030e68   Number         0  nrf_fstorage_sd.o(sdh_req_observers0)
    sdh_req_observers0$$Limit                0x00030e70   Number         0  nrf_fstorage_sd.o(sdh_req_observers0)
    sdh_soc_observers0$$Base                 0x00030e70   Number         0  nrf_drv_clock.o(sdh_soc_observers0)
    sdh_soc_observers0$$Limit                0x00030e80   Number         0  nrf_fstorage_sd.o(sdh_soc_observers0)
    sdh_soc_observers1$$Base                 0x00030e80   Number         0  main.o(sdh_soc_observers1)
    sdh_soc_observers1$$Limit                0x00030e88   Number         0  main.o(sdh_soc_observers1)
    sdh_stack_observers0$$Base               0x00030e88   Number         0  nrf_sdh_ble.o(sdh_stack_observers0)
    sdh_stack_observers0$$Limit              0x00030e98   Number         0  nrf_sdh_soc.o(sdh_stack_observers0)
    sdh_state_observers0$$Base               0x00030e98   Number         0  nrf_drv_clock.o(sdh_state_observers0)
    sdh_state_observers0$$Limit              0x00030ea8   Number         0  nrf_fstorage_sd.o(sdh_state_observers0)
    Image$$RW_IRAM1$$Base                    0x20002a98   Number         0  anon$$obj.o ABSOLUTE
    nrf_drv_uart_use_easy_dma                0x20002b44   Data           1  nrf_drv_uart.o(.data)
    SystemCoreClock                          0x20002c7c   Data           4  system_nrf52.o(.data)
    fs_data$$Base                            0x20002c80   Number         0  fds.o(fs_data)
    m_fs                                     0x20002c80   Data          20  fds.o(fs_data)
    fs_data$$Limit                           0x20002c94   Number         0  fds.o(fs_data)
    log_dynamic_data$$Base                   0x20002c94   Number         0  nrf_ble_gatt.o(log_dynamic_data)
    m_nrf_log_nrf_ble_gatt_logs_data_dynamic 0x20002c94   Data           4  nrf_ble_gatt.o(log_dynamic_data)
    m_nrf_log_ble_nus_logs_data_dynamic      0x20002c98   Data           4  ble_nus.o(log_dynamic_data)
    m_nrf_log_clock_logs_data_dynamic        0x20002c9c   Data           4  nrf_drv_clock.o(log_dynamic_data)
    m_nrf_log_CLOCK_logs_data_dynamic        0x20002ca0   Data           4  nrfx_clock.o(log_dynamic_data)
    m_nrf_log_GPIOTE_logs_data_dynamic       0x20002ca4   Data           4  nrfx_gpiote.o(log_dynamic_data)
    m_nrf_log_PRS_logs_data_dynamic          0x20002ca8   Data           4  nrfx_prs.o(log_dynamic_data)
    m_nrf_log_UART_logs_data_dynamic         0x20002cac   Data           4  nrfx_uart.o(log_dynamic_data)
    m_nrf_log_UARTE_logs_data_dynamic        0x20002cb0   Data           4  nrfx_uarte.o(log_dynamic_data)
    m_nrf_log_atfifo_m_queue_logs_data_dynamic 0x20002cb4   Data           4  fds.o(log_dynamic_data)
    m_nrf_log_nrf_fstorage_logs_data_dynamic 0x20002cb8   Data           4  nrf_fstorage.o(log_dynamic_data)
    m_nrf_log_atfifo_m_fifo_logs_data_dynamic 0x20002cbc   Data           4  nrf_fstorage_sd.o(log_dynamic_data)
    m_nrf_log_pwr_mgmt_logs_data_dynamic     0x20002cc0   Data           4  nrf_pwr_mgmt.o(log_dynamic_data)
    m_nrf_log_balloc_log_mempool_logs_data_dynamic 0x20002cc4   Data           4  nrf_log_frontend.o(log_dynamic_data)
    m_nrf_log_app_logs_data_dynamic          0x20002cc8   Data           4  nrf_log_frontend.o(log_dynamic_data)
    m_nrf_log_nrf_sdh_logs_data_dynamic      0x20002ccc   Data           4  nrf_sdh.o(log_dynamic_data)
    m_nrf_log_nrf_sdh_ble_logs_data_dynamic  0x20002cd0   Data           4  nrf_sdh_ble.o(log_dynamic_data)
    m_nrf_log_nrf_sdh_soc_logs_data_dynamic  0x20002cd4   Data           4  nrf_sdh_soc.o(log_dynamic_data)
    nrf_nvic_state                           0x20003620   Data          12  app_util_platform.o(.bss)
    _SEGGER_RTT                              0x20003cfc   Data         120  segger_rtt.o(.bss)
    __initial_sp                             0x20005f88   Data           0  arm_startup_nrf52.o(STACK)



==============================================================================

Memory Map of the image

  Image Entry point : 0x00026201

  Load Region LR_IROM1 (Base: 0x00026000, Size: 0x0000b0e8, Max: 0x0005a000, ABSOLUTE, COMPRESSED[0x0000af14])

    Execution Region ER_IROM1 (Exec base: 0x00026000, Load base: 0x00026000, Size: 0x0000aea8, Max: 0x0005a000, ABSOLUTE)

    Exec Addr    Load Addr    Size         Type   Attr      Idx    E Section Name        Object

    0x00026000   0x00026000   0x00000200   Data   RO         6719    RESET               arm_startup_nrf52.o
    0x00026200   0x00026200   0x00000000   Code   RO         6760  * .ARM.Collect$$$$00000000  mc_w.l(entry.o)
    0x00026200   0x00026200   0x00000004   Code   RO         6814    .ARM.Collect$$$$00000001  mc_w.l(entry2.o)
    0x00026204   0x00026204   0x00000004   Code   RO         6817    .ARM.Collect$$$$00000004  mc_w.l(entry5.o)
    0x00026208   0x00026208   0x00000000   Code   RO         6819    .ARM.Collect$$$$00000008  mc_w.l(entry7b.o)
    0x00026208   0x00026208   0x00000000   Code   RO         6821    .ARM.Collect$$$$0000000A  mc_w.l(entry8b.o)
    0x00026208   0x00026208   0x00000008   Code   RO         6822    .ARM.Collect$$$$0000000B  mc_w.l(entry9a.o)
    0x00026210   0x00026210   0x00000004   Code   RO         6829    .ARM.Collect$$$$0000000E  mc_w.l(entry12b.o)
    0x00026214   0x00026214   0x00000000   Code   RO         6824    .ARM.Collect$$$$0000000F  mc_w.l(entry10a.o)
    0x00026214   0x00026214   0x00000000   Code   RO         6826    .ARM.Collect$$$$00000011  mc_w.l(entry11a.o)
    0x00026214   0x00026214   0x00000004   Code   RO         6815    .ARM.Collect$$$$00002712  mc_w.l(entry2.o)
    0x00026218   0x00026218   0x000000c8   Code   RO         4770    .emb_text           nrf_atfifo.o
    0x000262e0   0x000262e0   0x000000e2   Code   RO         4906    .emb_text           nrf_atomic.o
    0x000263c2   0x000263c2   0x00000002   PAD
    0x000263c4   0x000263c4   0x00000024   Code   RO         6720    .text               arm_startup_nrf52.o
    0x000263e8   0x000263e8   0x00000062   Code   RO         6768    .text               mc_w.l(uldiv.o)
    0x0002644a   0x0002644a   0x0000001e   Code   RO         6770    .text               mc_w.l(llshl.o)
    0x00026468   0x00026468   0x00000008   Code   RO         6772    .text               mc_w.l(ctype_o.o)
    0x00026470   0x00026470   0x00000024   Code   RO         6800    .text               mc_w.l(memcpya.o)
    0x00026494   0x00026494   0x00000024   Code   RO         6802    .text               mc_w.l(memseta.o)
    0x000264b8   0x000264b8   0x0000000e   Code   RO         6804    .text               mc_w.l(strlen.o)
    0x000264c6   0x000264c6   0x0000001a   Code   RO         6808    .text               mc_w.l(memcmp.o)
    0x000264e0   0x000264e0   0x00000012   Code   RO         6810    .text               mc_w.l(strcpy.o)
    0x000264f2   0x000264f2   0x00000020   Code   RO         6831    .text               mc_w.l(llushr.o)
    0x00026512   0x00026512   0x00000002   PAD
    0x00026514   0x00026514   0x00000024   Code   RO         6834    .text               mc_w.l(init.o)
    0x00026538   0x00026538   0x00000056   Code   RO         6844    .text               mc_w.l(__dczerorl2.o)
    0x0002658e   0x0002658e   0x00000002   PAD
    0x00026590   0x00026590   0x00000164   Code   RO         3228    i.GPIOTE_IRQHandler  nrfx_gpiote.o
    0x000266f4   0x000266f4   0x00000016   Code   RO         4137    i.NVIC_ClearPendingIRQ  app_timer.o
    0x0002670a   0x0002670a   0x00000016   Code   RO         4138    i.NVIC_EnableIRQ    app_timer.o
    0x00026720   0x00026720   0x00000016   Code   RO         4139    i.NVIC_SetPendingIRQ  app_timer.o
    0x00026736   0x00026736   0x00000020   Code   RO         4140    i.NVIC_SetPriority  app_timer.o
    0x00026756   0x00026756   0x00000002   PAD
    0x00026758   0x00026758   0x00000058   Code   RO         3096    i.POWER_CLOCK_IRQHandler  nrfx_clock.o
    0x000267b0   0x000267b0   0x00000024   Code   RO         4141    i.RTC1_IRQHandler   app_timer.o
    0x000267d4   0x000267d4   0x00000004   Code   RO         6158    i.SEGGER_RTT_Init   segger_rtt.o
    0x000267d8   0x000267d8   0x0000005c   Code   RO         6172    i.SEGGER_RTT_WriteNoLock  segger_rtt.o
    0x00026834   0x00026834   0x00000004   Code   RO         4142    i.SWI0_EGU0_IRQHandler  app_timer.o
    0x00026838   0x00026838   0x00000004   Code   RO         6506    i.SWI2_EGU2_IRQHandler  nrf_sdh.o
    0x0002683c   0x0002683c   0x0000031c   Code   RO         6728    i.SystemInit        system_nrf52.o
    0x00026b58   0x00026b58   0x0000000c   Code   RO         3527    i.UARTE0_UART0_IRQHandler  nrfx_prs.o
    0x00026b64   0x00026b64   0x00000068   Code   RO         6176    i._DoInit           segger_rtt.o
    0x00026bcc   0x00026bcc   0x00000016   Code   RO         6177    i._GetAvailWriteSpace  segger_rtt.o
    0x00026be2   0x00026be2   0x0000005a   Code   RO         6179    i._WriteBlocking    segger_rtt.o
    0x00026c3c   0x00026c3c   0x00000042   Code   RO         6180    i._WriteNoCheck     segger_rtt.o
    0x00026c7e   0x00026c7e   0x0000000e   Code   RO         6838    i.__scatterload_copy  mc_w.l(handlers.o)
    0x00026c8c   0x00026c8c   0x00000002   Code   RO         6839    i.__scatterload_null  mc_w.l(handlers.o)
    0x00026c8e   0x00026c8e   0x0000000e   Code   RO         6840    i.__scatterload_zeroinit  mc_w.l(handlers.o)
    0x00026c9c   0x00026c9c   0x00000024   Code   RO         6507    i.__sd_nvic_app_accessible_irq  nrf_sdh.o
    0x00026cc0   0x00026cc0   0x00000016   Code   RO         6508    i.__sd_nvic_is_app_accessible_priority  nrf_sdh.o
    0x00026cd6   0x00026cd6   0x00000026   Code   RO         1417    i.addr_compare      id_manager.o
    0x00026cfc   0x00026cfc   0x0000000c   Code   RO         5158    i.addr_is_aligned32  nrf_fstorage.o
    0x00026d08   0x00026d08   0x00000018   Code   RO         5159    i.addr_is_within_bounds  nrf_fstorage.o
    0x00026d20   0x00026d20   0x00000046   Code   RO          672    i.advertising_buttons_configure  bsp_btn_ble.o
    0x00026d66   0x00026d66   0x00000002   PAD
    0x00026d68   0x00026d68   0x00000048   Code   RO            4    i.advertising_start  main.o
    0x00026db0   0x00026db0   0x00000052   Code   RO         1418    i.ah                id_manager.o
    0x00026e02   0x00026e02   0x00000006   Code   RO          555    i.alert_timer_handler  bsp.o
    0x00026e08   0x00026e08   0x0000000c   Code   RO         2534    i.allow_repairing   security_dispatcher.o
    0x00026e14   0x00026e14   0x00000024   Code   RO         3919    i.app_button_enable  app_button.o
    0x00026e38   0x00026e38   0x00000078   Code   RO         3920    i.app_button_init   app_button.o
    0x00026eb0   0x00026eb0   0x0000007c   Code   RO         4043    i.app_error_fault_handler  app_error_weak.o
    0x00026f2c   0x00026f2c   0x00000016   Code   RO         3983    i.app_error_handler_bare  app_error.o
    0x00026f42   0x00026f42   0x00000016   Code   RO         5689    i.app_fifo_get      app_fifo.o
    0x00026f58   0x00026f58   0x00000020   Code   RO         5690    i.app_fifo_init     app_fifo.o
    0x00026f78   0x00026f78   0x0000001a   Code   RO         5692    i.app_fifo_put      app_fifo.o
    0x00026f92   0x00026f92   0x00000002   PAD
    0x00026f94   0x00026f94   0x00000028   Code   RO         4145    i.app_timer_create  app_timer.o
    0x00026fbc   0x00026fbc   0x00000054   Code   RO         4146    i.app_timer_init    app_timer.o
    0x00027010   0x00027010   0x00000088   Code   RO         4149    i.app_timer_start   app_timer.o
    0x00027098   0x00027098   0x00000020   Code   RO         4150    i.app_timer_stop    app_timer.o
    0x000270b8   0x000270b8   0x00000034   Code   RO         5604    i.app_uart_get      app_uart_fifo.o
    0x000270ec   0x000270ec   0x000000a4   Code   RO         5605    i.app_uart_init     app_uart_fifo.o
    0x00027190   0x00027190   0x00000054   Code   RO         5606    i.app_uart_put      app_uart_fifo.o
    0x000271e4   0x000271e4   0x00000048   Code   RO         4310    i.app_util_critical_region_enter  app_util_platform.o
    0x0002722c   0x0002722c   0x00000034   Code   RO         4311    i.app_util_critical_region_exit  app_util_platform.o
    0x00027260   0x00027260   0x00000088   Code   RO         3578    i.apply_config      nrfx_uart.o
    0x000272e8   0x000272e8   0x00000088   Code   RO         3766    i.apply_config      nrfx_uarte.o
    0x00027370   0x00027370   0x00000004   Code   RO         1213    i.apply_pending_handle  gatt_cache_manager.o
    0x00027374   0x00027374   0x000000d0   Code   RO         2535    i.auth_status_success_process  security_dispatcher.o
    0x00027444   0x00027444   0x00000048   Code   RO         2812    i.blcm_link_ctx_get  ble_link_ctx_manager.o
    0x0002748c   0x0002748c   0x00000182   Code   RO          719    i.ble_advdata_encode  ble_advdata.o
    0x0002760e   0x0002760e   0x00000020   Code   RO          721    i.ble_advdata_parse  ble_advdata.o
    0x0002762e   0x0002762e   0x00000038   Code   RO          722    i.ble_advdata_search  ble_advdata.o
    0x00027666   0x00027666   0x00000006   Code   RO          825    i.ble_advertising_conn_cfg_tag_set  ble_advertising.o
    0x0002766c   0x0002766c   0x000000fa   Code   RO          826    i.ble_advertising_init  ble_advertising.o
    0x00027766   0x00027766   0x0000006a   Code   RO          828    i.ble_advertising_on_ble_evt  ble_advertising.o
    0x000277d0   0x000277d0   0x00000030   Code   RO          829    i.ble_advertising_on_sys_evt  ble_advertising.o
    0x00027800   0x00027800   0x0000003a   Code   RO          831    i.ble_advertising_restart_without_whitelist  ble_advertising.o
    0x0002783a   0x0002783a   0x00000236   Code   RO          832    i.ble_advertising_start  ble_advertising.o
    0x00027a70   0x00027a70   0x00000068   Code   RO          919    i.ble_conn_params_init  ble_conn_params.o
    0x00027ad8   0x00027ad8   0x00000012   Code   RO          994    i.ble_conn_state_conn_idx  ble_conn_state.o
    0x00027aea   0x00027aea   0x00000002   PAD
    0x00027aec   0x00027aec   0x00000020   Code   RO          995    i.ble_conn_state_encrypted  ble_conn_state.o
    0x00027b0c   0x00027b0c   0x0000002c   Code   RO          997    i.ble_conn_state_for_each_set_user_flag  ble_conn_state.o
    0x00027b38   0x00027b38   0x00000024   Code   RO         1002    i.ble_conn_state_role  ble_conn_state.o
    0x00027b5c   0x00027b5c   0x00000018   Code   RO         1004    i.ble_conn_state_user_flag_acquire  ble_conn_state.o
    0x00027b74   0x00027b74   0x00000030   Code   RO         1005    i.ble_conn_state_user_flag_get  ble_conn_state.o
    0x00027ba4   0x00027ba4   0x00000040   Code   RO         1006    i.ble_conn_state_user_flag_set  ble_conn_state.o
    0x00027be4   0x00027be4   0x00000014   Code   RO         1007    i.ble_conn_state_valid  ble_conn_state.o
    0x00027bf8   0x00027bf8   0x00000060   Code   RO          725    i.ble_device_addr_encode  ble_advdata.o
    0x00027c58   0x00027c58   0x00000114   Code   RO            6    i.ble_evt_handler   main.o
    0x00027d6c   0x00027d6c   0x00000070   Code   RO          673    i.ble_evt_handler   bsp_btn_ble.o
    0x00027ddc   0x00027ddc   0x000000fc   Code   RO          921    i.ble_evt_handler   ble_conn_params.o
    0x00027ed8   0x00027ed8   0x00000104   Code   RO         1008    i.ble_evt_handler   ble_conn_state.o
    0x00027fdc   0x00027fdc   0x00000028   Code   RO         2158    i.ble_evt_handler   peer_manager.o
    0x00028004   0x00028004   0x00000066   Code   RO         2836    i.ble_nus_data_send  ble_nus.o
    0x0002806a   0x0002806a   0x00000002   PAD
    0x0002806c   0x0002806c   0x00000058   Code   RO         2837    i.ble_nus_init      ble_nus.o
    0x000280c4   0x000280c4   0x00000072   Code   RO         2838    i.ble_nus_on_ble_evt  ble_nus.o
    0x00028136   0x00028136   0x00000008   Code   RO         1153    i.ble_srv_is_notification_enabled  ble_srv_common.o
    0x0002813e   0x0002813e   0x00000002   PAD
    0x00028140   0x00028140   0x00000020   Code   RO          423    i.bsp_board_button_state_get  boards.o
    0x00028160   0x00028160   0x00000054   Code   RO          424    i.bsp_board_init    boards.o
    0x000281b4   0x000281b4   0x00000024   Code   RO          426    i.bsp_board_led_invert  boards.o
    0x000281d8   0x000281d8   0x00000010   Code   RO          427    i.bsp_board_led_off  boards.o
    0x000281e8   0x000281e8   0x00000010   Code   RO          428    i.bsp_board_led_on  boards.o
    0x000281f8   0x000281f8   0x00000020   Code   RO          429    i.bsp_board_led_state_get  boards.o
    0x00028218   0x00028218   0x00000012   Code   RO          430    i.bsp_board_leds_off  boards.o
    0x0002822a   0x0002822a   0x00000012   Code   RO          431    i.bsp_board_leds_on  boards.o
    0x0002823c   0x0002823c   0x00000024   Code   RO          432    i.bsp_board_pin_to_button_idx  boards.o
    0x00028260   0x00028260   0x0000002c   Code   RO          674    i.bsp_btn_ble_init  bsp_btn_ble.o
    0x0002828c   0x0002828c   0x00000090   Code   RO          556    i.bsp_button_event_handler  bsp.o
    0x0002831c   0x0002831c   0x0000000c   Code   RO          557    i.bsp_button_is_pressed  bsp.o
    0x00028328   0x00028328   0x0000004c   Code   RO            7    i.bsp_event_handler  main.o
    0x00028374   0x00028374   0x00000044   Code   RO          560    i.bsp_event_to_button_action_assign  bsp.o
    0x000283b8   0x000283b8   0x00000018   Code   RO          561    i.bsp_indication_set  bsp.o
    0x000283d0   0x000283d0   0x00000094   Code   RO          562    i.bsp_init          bsp.o
    0x00028464   0x00028464   0x000001b8   Code   RO          563    i.bsp_led_indication  bsp.o
    0x0002861c   0x0002861c   0x00000090   Code   RO         5912    i.buf_prealloc      nrf_log_frontend.o
    0x000286ac   0x000286ac   0x0000001e   Code   RO         5118    i.buffer_add        nrf_fprintf_format.o
    0x000286ca   0x000286ca   0x00000002   PAD
    0x000286cc   0x000286cc   0x00000014   Code   RO         5913    i.buffer_is_empty   nrf_log_frontend.o
    0x000286e0   0x000286e0   0x00000008   Code   RO          566    i.button_timer_handler  bsp.o
    0x000286e8   0x000286e8   0x0000001c   Code   RO         3229    i.channel_free      nrfx_gpiote.o
    0x00028704   0x00028704   0x00000048   Code   RO         3230    i.channel_port_alloc  nrfx_gpiote.o
    0x0002874c   0x0002874c   0x00000010   Code   RO         3231    i.channel_port_get  nrfx_gpiote.o
    0x0002875c   0x0002875c   0x00000038   Code   RO         2068    i.claim             peer_id.o
    0x00028794   0x00028794   0x00000028   Code   RO         2901    i.clock_clk_started_notify  nrf_drv_clock.o
    0x000287bc   0x000287bc   0x0000001c   Code   RO         2902    i.clock_irq_handler  nrf_drv_clock.o
    0x000287d8   0x000287d8   0x000000ac   Code   RO         4152    i.compare_reg_update  app_timer.o
    0x00028884   0x00028884   0x0000003e   Code   RO         1009    i.conn_handle_list_get  ble_conn_state.o
    0x000288c2   0x000288c2   0x00000088   Code   RO          726    i.conn_int_encode   ble_advdata.o
    0x0002894a   0x0002894a   0x00000004   Code   RO            8    i.conn_params_error_handler  main.o
    0x0002894e   0x0002894e   0x00000002   PAD
    0x00028950   0x00028950   0x00000048   Code   RO          922    i.conn_params_negotiation  ble_conn_params.o
    0x00028998   0x00028998   0x00000044   Code   RO         2536    i.conn_sec_failure  security_dispatcher.o
    0x000289dc   0x000289dc   0x00000100   Code   RO         1605    i.data_length_update  nrf_ble_gatt.o
    0x00028adc   0x00028adc   0x00000080   Code   RO         1214    i.db_update_pending_handle  gatt_cache_manager.o
    0x00028b5c   0x00028b5c   0x00000080   Code   RO         4405    i.delete_execute    fds.o
    0x00028bdc   0x00028bdc   0x00000098   Code   RO         3922    i.detection_delay_timeout_handler  app_button.o
    0x00028c74   0x00028c74   0x00000014   Code   RO         5915    i.dropped_sat16_get  nrf_log_frontend.o
    0x00028c88   0x00028c88   0x00000040   Code   RO         4153    i.elapsed_ticks_acquire  app_timer.o
    0x00028cc8   0x00028cc8   0x0000000a   Code   RO         2537    i.encryption_failure  security_dispatcher.o
    0x00028cd2   0x00028cd2   0x00000002   PAD
    0x00028cd4   0x00028cd4   0x0000004c   Code   RO         5242    i.erase             nrf_fstorage_sd.o
    0x00028d20   0x00028d20   0x00000074   Code   RO         4406    i.event_prepare     fds.o
    0x00028d94   0x00028d94   0x00000020   Code   RO         4407    i.event_send        fds.o
    0x00028db4   0x00028db4   0x00000054   Code   RO         5243    i.event_send        nrf_fstorage_sd.o
    0x00028e08   0x00028e08   0x00000074   Code   RO         2667    i.events_send_from_err_code  security_manager.o
    0x00028e7c   0x00028e7c   0x0000001c   Code   RO         1215    i.evt_send          gatt_cache_manager.o
    0x00028e98   0x00028e98   0x0000002c   Code   RO         2159    i.evt_send          peer_manager.o
    0x00028ec4   0x00028ec4   0x0000001c   Code   RO         2538    i.evt_send          security_dispatcher.o
    0x00028ee0   0x00028ee0   0x0000000c   Code   RO         2668    i.evt_send          security_manager.o
    0x00028eec   0x00028eec   0x000000cc   Code   RO         1758    i.fds_evt_handler   peer_data_storage.o
    0x00028fb8   0x00028fb8   0x00000044   Code   RO         4409    i.fds_file_delete   fds.o
    0x00028ffc   0x00028ffc   0x0000003c   Code   RO         4410    i.fds_gc            fds.o
    0x00029038   0x00029038   0x000000d0   Code   RO         4411    i.fds_init          fds.o
    0x00029108   0x00029108   0x00000040   Code   RO         4412    i.fds_record_close  fds.o
    0x00029148   0x00029148   0x0000000e   Code   RO         4414    i.fds_record_find   fds.o
    0x00029156   0x00029156   0x00000010   Code   RO         4415    i.fds_record_find_by_key  fds.o
    0x00029166   0x00029166   0x00000010   Code   RO         4416    i.fds_record_find_in_file  fds.o
    0x00029176   0x00029176   0x00000010   Code   RO         4417    i.fds_record_id_from_desc  fds.o
    0x00029186   0x00029186   0x00000002   PAD
    0x00029188   0x00029188   0x00000048   Code   RO         4419    i.fds_record_open   fds.o
    0x000291d0   0x000291d0   0x0000000e   Code   RO         4420    i.fds_record_update  fds.o
    0x000291de   0x000291de   0x00000008   Code   RO         4421    i.fds_record_write  fds.o
    0x000291e6   0x000291e6   0x0000000c   Code   RO         4422    i.fds_record_write_reserved  fds.o
    0x000291f2   0x000291f2   0x00000002   PAD
    0x000291f4   0x000291f4   0x0000002c   Code   RO         4423    i.fds_register      fds.o
    0x00029220   0x00029220   0x00000030   Code   RO         4424    i.fds_reserve       fds.o
    0x00029250   0x00029250   0x00000048   Code   RO         4425    i.fds_reserve_cancel  fds.o
    0x00029298   0x00029298   0x00000014   Code   RO         5695    i.fifo_get          app_fifo.o
    0x000292ac   0x000292ac   0x00000012   Code   RO         5696    i.fifo_put          app_fifo.o
    0x000292be   0x000292be   0x00000014   Code   RO         1759    i.file_id_within_pm_range  peer_data_storage.o
    0x000292d2   0x000292d2   0x00000012   Code   RO         2539    i.flag_id_init      security_dispatcher.o
    0x000292e4   0x000292e4   0x00000012   Code   RO         2669    i.flag_id_init      security_manager.o
    0x000292f6   0x000292f6   0x00000028   Code   RO          834    i.flags_set         ble_advertising.o
    0x0002931e   0x0002931e   0x00000002   PAD
    0x00029320   0x00029320   0x00000054   Code   RO         2670    i.flags_set_from_err_code  security_manager.o
    0x00029374   0x00029374   0x00000030   Code   RO         1010    i.for_each_set_flag  ble_conn_state.o
    0x000293a4   0x000293a4   0x00000006   Code   RO         4427    i.fs_event_handler  fds.o
    0x000293aa   0x000293aa   0x00000002   PAD
    0x000293ac   0x000293ac   0x0000006c   Code   RO            9    i.gap_params_init   main.o
    0x00029418   0x00029418   0x0000007c   Code   RO         4428    i.gc_execute        fds.o
    0x00029494   0x00029494   0x0000004c   Code   RO         4429    i.gc_next_page      fds.o
    0x000294e0   0x000294e0   0x00000040   Code   RO         4430    i.gc_page_erase     fds.o
    0x00029520   0x00029520   0x00000034   Code   RO         4431    i.gc_record_copy    fds.o
    0x00029554   0x00029554   0x00000024   Code   RO         4432    i.gc_record_find_next  fds.o
    0x00029578   0x00029578   0x00000088   Code   RO         4433    i.gc_state_advance  fds.o
    0x00029600   0x00029600   0x0000009c   Code   RO         1216    i.gcm_ble_evt_handler  gatt_cache_manager.o
    0x0002969c   0x0002969c   0x00000030   Code   RO         1217    i.gcm_im_evt_handler  gatt_cache_manager.o
    0x000296cc   0x000296cc   0x00000050   Code   RO         1218    i.gcm_init          gatt_cache_manager.o
    0x0002971c   0x0002971c   0x00000078   Code   RO         1221    i.gcm_pdb_evt_handler  gatt_cache_manager.o
    0x00029794   0x00029794   0x00000038   Code   RO         1419    i.get_connection_by_conn_handle  id_manager.o
    0x000297cc   0x000297cc   0x00000030   Code   RO         1420    i.get_free_connection  id_manager.o
    0x000297fc   0x000297fc   0x00000084   Code   RO         3923    i.gpiote_event_handler  app_button.o
    0x00029880   0x00029880   0x0000001c   Code   RO         1338    i.gscm_db_change_notification_done  gatts_cache_manager.o
    0x0002989c   0x0002989c   0x00000014   Code   RO         1339    i.gscm_init         gatts_cache_manager.o
    0x000298b0   0x000298b0   0x0000006a   Code   RO         1341    i.gscm_local_db_cache_apply  gatts_cache_manager.o
    0x0002991a   0x0002991a   0x00000082   Code   RO         1342    i.gscm_local_db_cache_update  gatts_cache_manager.o
    0x0002999c   0x0002999c   0x00000018   Code   RO         1343    i.gscm_pdb_evt_handler  gatts_cache_manager.o
    0x000299b4   0x000299b4   0x0000001e   Code   RO         1344    i.gscm_service_changed_ind_needed  gatts_cache_manager.o
    0x000299d2   0x000299d2   0x00000002   PAD
    0x000299d4   0x000299d4   0x00000038   Code   RO         1345    i.gscm_service_changed_ind_send  gatts_cache_manager.o
    0x00029a0c   0x00029a0c   0x00000026   Code   RO         4434    i.header_check      fds.o
    0x00029a32   0x00029a32   0x00000012   Code   RO         4435    i.header_has_next   fds.o
    0x00029a44   0x00029a44   0x00000046   Code   RO         1421    i.im_address_resolve  id_manager.o
    0x00029a8a   0x00029a8a   0x00000002   PAD
    0x00029a8c   0x00029a8c   0x00000030   Code   RO         1422    i.im_ble_addr_get   id_manager.o
    0x00029abc   0x00029abc   0x000000c8   Code   RO         1423    i.im_ble_evt_handler  id_manager.o
    0x00029b84   0x00029b84   0x0000002c   Code   RO         1424    i.im_conn_handle_get  id_manager.o
    0x00029bb0   0x00029bb0   0x00000038   Code   RO         1426    i.im_find_duplicate_bonding_data  id_manager.o
    0x00029be8   0x00029be8   0x00000040   Code   RO         1429    i.im_init           id_manager.o
    0x00029c28   0x00029c28   0x00000072   Code   RO         1430    i.im_is_duplicate_bonding_data  id_manager.o
    0x00029c9a   0x00029c9a   0x00000018   Code   RO         1431    i.im_master_id_is_valid  id_manager.o
    0x00029cb2   0x00029cb2   0x0000002a   Code   RO         1432    i.im_master_ids_compare  id_manager.o
    0x00029cdc   0x00029cdc   0x00000004   Code   RO         1433    i.im_new_peer_id    id_manager.o
    0x00029ce0   0x00029ce0   0x00000026   Code   RO         1434    i.im_peer_free      id_manager.o
    0x00029d06   0x00029d06   0x00000002   PAD
    0x00029d08   0x00029d08   0x00000020   Code   RO         1435    i.im_peer_id_get_by_conn_handle  id_manager.o
    0x00029d28   0x00029d28   0x0000003c   Code   RO         1436    i.im_peer_id_get_by_master_id  id_manager.o
    0x00029d64   0x00029d64   0x00000034   Code   RO         5244    i.init              nrf_fstorage_sd.o
    0x00029d98   0x00029d98   0x000000c8   Code   RO         4436    i.init_execute      fds.o
    0x00029e60   0x00029e60   0x00000014   Code   RO          923    i.instance_get      ble_conn_params.o
    0x00029e74   0x00029e74   0x000000a6   Code   RO         5119    i.int_print         nrf_fprintf_format.o
    0x00029f1a   0x00029f1a   0x00000002   PAD
    0x00029f1c   0x00029f1c   0x00000080   Code   RO         3767    i.interrupts_enable  nrfx_uarte.o
    0x00029f9c   0x00029f9c   0x0000004c   Code   RO         5916    i.invalid_packets_pushed_str_omit  nrf_log_frontend.o
    0x00029fe8   0x00029fe8   0x00000010   Code   RO         5245    i.is_busy           nrf_fstorage_sd.o
    0x00029ff8   0x00029ff8   0x00000044   Code   RO          924    i.is_conn_params_ok  ble_conn_params.o
    0x0002a03c   0x0002a03c   0x00000014   Code   RO         1441    i.is_valid_irk      id_manager.o
    0x0002a050   0x0002a050   0x0000000c   Code   RO         4437    i.is_word_aligned   fds.o
    0x0002a05c   0x0002a05c   0x00000030   Code   RO          567    i.leds_off          bsp.o
    0x0002a08c   0x0002a08c   0x00000014   Code   RO          568    i.leds_timer_handler  bsp.o
    0x0002a0a0   0x0002a0a0   0x00000016   Code   RO         1606    i.link_init         nrf_ble_gatt.o
    0x0002a0b6   0x0002a0b6   0x00000002   PAD
    0x0002a0b8   0x0002a0b8   0x000000b8   Code   RO         2671    i.link_secure       security_manager.o
    0x0002a170   0x0002a170   0x0000008c   Code   RO         2540    i.link_secure_failure  security_dispatcher.o
    0x0002a1fc   0x0002a1fc   0x0000002c   Code   RO         2672    i.link_secure_pending_handle  security_manager.o
    0x0002a228   0x0002a228   0x000000f8   Code   RO         4154    i.list_insertions_handler  app_timer.o
    0x0002a320   0x0002a320   0x00000068   Code   RO         1222    i.local_db_apply_in_evt  gatt_cache_manager.o
    0x0002a388   0x0002a388   0x00000010   Code   RO         1223    i.local_db_update   gatt_cache_manager.o
    0x0002a398   0x0002a398   0x00000032   Code   RO         2481    i.lock_by_mask      pm_mutex.o
    0x0002a3ca   0x0002a3ca   0x00000002   PAD
    0x0002a3cc   0x0002a3cc   0x0000009c   Code   RO         5917    i.log_skip          nrf_log_frontend.o
    0x0002a468   0x0002a468   0x000001e4   Code   RO           10    i.main              main.o
    0x0002a64c   0x0002a64c   0x00000064   Code   RO          727    i.manuf_specific_data_encode  ble_advdata.o
    0x0002a6b0   0x0002a6b0   0x00000076   Code   RO         5357    i.memobj_op         nrf_memobj.o
    0x0002a726   0x0002a726   0x00000002   PAD
    0x0002a728   0x0002a728   0x00000030   Code   RO         5918    i.module_idx_get    nrf_log_frontend.o
    0x0002a758   0x0002a758   0x0000009c   Code   RO          728    i.name_encode       ble_advdata.o
    0x0002a7f4   0x0002a7f4   0x00000058   Code   RO         1442    i.new_connection    id_manager.o
    0x0002a84c   0x0002a84c   0x00000014   Code   RO         2673    i.new_context_get   security_manager.o
    0x0002a860   0x0002a860   0x00000030   Code   RO         2069    i.next_id_get       peer_id.o
    0x0002a890   0x0002a890   0x00000010   Code   RO         4772    i.nrf_atfifo_clear  nrf_atfifo.o
    0x0002a8a0   0x0002a8a0   0x00000026   Code   RO         4774    i.nrf_atfifo_init   nrf_atfifo.o
    0x0002a8c6   0x0002a8c6   0x00000016   Code   RO         4775    i.nrf_atfifo_item_alloc  nrf_atfifo.o
    0x0002a8dc   0x0002a8dc   0x00000016   Code   RO         4776    i.nrf_atfifo_item_free  nrf_atfifo.o
    0x0002a8f2   0x0002a8f2   0x00000016   Code   RO         4777    i.nrf_atfifo_item_get  nrf_atfifo.o
    0x0002a908   0x0002a908   0x00000016   Code   RO         4778    i.nrf_atfifo_item_put  nrf_atfifo.o
    0x0002a91e   0x0002a91e   0x00000016   Code   RO         4840    i.nrf_atflags_clear  nrf_atflags.o
    0x0002a934   0x0002a934   0x00000020   Code   RO         4842    i.nrf_atflags_fetch_set  nrf_atflags.o
    0x0002a954   0x0002a954   0x0000004a   Code   RO         4844    i.nrf_atflags_find_and_set_flag  nrf_atflags.o
    0x0002a99e   0x0002a99e   0x00000016   Code   RO         4845    i.nrf_atflags_get   nrf_atflags.o
    0x0002a9b4   0x0002a9b4   0x00000014   Code   RO         4847    i.nrf_atflags_set   nrf_atflags.o
    0x0002a9c8   0x0002a9c8   0x00000006   Code   RO         4908    i.nrf_atomic_flag_clear_fetch  nrf_atomic.o
    0x0002a9ce   0x0002a9ce   0x00000006   Code   RO         4909    i.nrf_atomic_flag_set  nrf_atomic.o
    0x0002a9d4   0x0002a9d4   0x00000006   Code   RO         4910    i.nrf_atomic_flag_set_fetch  nrf_atomic.o
    0x0002a9da   0x0002a9da   0x0000000c   Code   RO         4911    i.nrf_atomic_u32_add  nrf_atomic.o
    0x0002a9e6   0x0002a9e6   0x0000000c   Code   RO         4912    i.nrf_atomic_u32_and  nrf_atomic.o
    0x0002a9f2   0x0002a9f2   0x0000000a   Code   RO         4914    i.nrf_atomic_u32_fetch_add  nrf_atomic.o
    0x0002a9fc   0x0002a9fc   0x0000000a   Code   RO         4915    i.nrf_atomic_u32_fetch_and  nrf_atomic.o
    0x0002aa06   0x0002aa06   0x0000000a   Code   RO         4916    i.nrf_atomic_u32_fetch_or  nrf_atomic.o
    0x0002aa10   0x0002aa10   0x0000000a   Code   RO         4917    i.nrf_atomic_u32_fetch_store  nrf_atomic.o
    0x0002aa1a   0x0002aa1a   0x0000000c   Code   RO         4921    i.nrf_atomic_u32_or  nrf_atomic.o
    0x0002aa26   0x0002aa26   0x0000000c   Code   RO         4923    i.nrf_atomic_u32_sub  nrf_atomic.o
    0x0002aa32   0x0002aa32   0x00000044   Code   RO         5042    i.nrf_balloc_alloc  nrf_balloc.o
    0x0002aa76   0x0002aa76   0x00000030   Code   RO         5043    i.nrf_balloc_free   nrf_balloc.o
    0x0002aaa6   0x0002aaa6   0x00000030   Code   RO         5044    i.nrf_balloc_init   nrf_balloc.o
    0x0002aad6   0x0002aad6   0x00000010   Code   RO         3232    i.nrf_bitmask_bit_is_set  nrfx_gpiote.o
    0x0002aae6   0x0002aae6   0x00000014   Code   RO         3233    i.nrf_bitmask_bit_set  nrfx_gpiote.o
    0x0002aafa   0x0002aafa   0x00000022   Code   RO         1612    i.nrf_ble_gatt_init  nrf_ble_gatt.o
    0x0002ab1c   0x0002ab1c   0x00000150   Code   RO         1613    i.nrf_ble_gatt_on_ble_evt  nrf_ble_gatt.o
    0x0002ac6c   0x0002ac6c   0x00000016   Code   RO         1717    i.nrf_ble_qwr_conn_handle_assign  nrf_ble_qwr.o
    0x0002ac82   0x0002ac82   0x00000024   Code   RO         1718    i.nrf_ble_qwr_init  nrf_ble_qwr.o
    0x0002aca6   0x0002aca6   0x000000b6   Code   RO         1719    i.nrf_ble_qwr_on_ble_evt  nrf_ble_qwr.o
    0x0002ad5c   0x0002ad5c   0x0000000e   Code   RO         3097    i.nrf_clock_event_check  nrfx_clock.o
    0x0002ad6a   0x0002ad6a   0x00000010   Code   RO         3098    i.nrf_clock_event_clear  nrfx_clock.o
    0x0002ad7a   0x0002ad7a   0x00000002   PAD
    0x0002ad7c   0x0002ad7c   0x00000038   Code   RO         2909    i.nrf_drv_clock_init  nrf_drv_clock.o
    0x0002adb4   0x0002adb4   0x00000030   Code   RO         2913    i.nrf_drv_clock_lfclk_release  nrf_drv_clock.o
    0x0002ade4   0x0002ade4   0x00000068   Code   RO         3044    i.nrf_drv_uart_init  nrf_drv_uart.o
    0x0002ae4c   0x0002ae4c   0x00000020   Code   RO         5607    i.nrf_drv_uart_rx   app_uart_fifo.o
    0x0002ae6c   0x0002ae6c   0x00000020   Code   RO         5608    i.nrf_drv_uart_tx   app_uart_fifo.o
    0x0002ae8c   0x0002ae8c   0x0000001a   Code   RO         5079    i.nrf_fprintf       nrf_fprintf.o
    0x0002aea6   0x0002aea6   0x00000018   Code   RO         5080    i.nrf_fprintf_buffer_flush  nrf_fprintf.o
    0x0002aebe   0x0002aebe   0x000001da   Code   RO         5120    i.nrf_fprintf_fmt   nrf_fprintf_format.o
    0x0002b098   0x0002b098   0x0000012c   Code   RO         5160    i.nrf_fstorage_erase  nrf_fstorage.o
    0x0002b1c4   0x0002b1c4   0x00000088   Code   RO         5161    i.nrf_fstorage_init  nrf_fstorage.o
    0x0002b24c   0x0002b24c   0x00000050   Code   RO         5162    i.nrf_fstorage_is_busy  nrf_fstorage.o
    0x0002b29c   0x0002b29c   0x00000018   Code   RO         5246    i.nrf_fstorage_sdh_req_handler  nrf_fstorage_sd.o
    0x0002b2b4   0x0002b2b4   0x00000020   Code   RO         5247    i.nrf_fstorage_sdh_state_handler  nrf_fstorage_sd.o
    0x0002b2d4   0x0002b2d4   0x000000a4   Code   RO         5248    i.nrf_fstorage_sys_evt_handler  nrf_fstorage_sd.o
    0x0002b378   0x0002b378   0x000001d4   Code   RO         5167    i.nrf_fstorage_write  nrf_fstorage.o
    0x0002b54c   0x0002b54c   0x00000024   Code   RO          434    i.nrf_gpio_cfg      boards.o
    0x0002b570   0x0002b570   0x00000024   Code   RO         3234    i.nrf_gpio_cfg      nrfx_gpiote.o
    0x0002b594   0x0002b594   0x00000024   Code   RO         3579    i.nrf_gpio_cfg      nrfx_uart.o
    0x0002b5b8   0x0002b5b8   0x00000024   Code   RO         3768    i.nrf_gpio_cfg      nrfx_uarte.o
    0x0002b5dc   0x0002b5dc   0x00000012   Code   RO         3581    i.nrf_gpio_cfg_input  nrfx_uart.o
    0x0002b5ee   0x0002b5ee   0x00000012   Code   RO         3770    i.nrf_gpio_cfg_input  nrfx_uarte.o
    0x0002b600   0x0002b600   0x00000014   Code   RO         3582    i.nrf_gpio_cfg_output  nrfx_uart.o
    0x0002b614   0x0002b614   0x00000014   Code   RO         3771    i.nrf_gpio_cfg_output  nrfx_uarte.o
    0x0002b628   0x0002b628   0x00000022   Code   RO         3236    i.nrf_gpio_cfg_sense_set  nrfx_gpiote.o
    0x0002b64a   0x0002b64a   0x00000016   Code   RO          435    i.nrf_gpio_pin_write  boards.o
    0x0002b660   0x0002b660   0x00000028   Code   RO         3237    i.nrf_gpio_ports_read  nrfx_gpiote.o
    0x0002b688   0x0002b688   0x00000014   Code   RO         3238    i.nrf_gpiote_event_clear  nrfx_gpiote.o
    0x0002b69c   0x0002b69c   0x00000010   Code   RO         3239    i.nrf_gpiote_event_is_set  nrfx_gpiote.o
    0x0002b6ac   0x0002b6ac   0x00000050   Code   RO         5919    i.nrf_log_backend_add  nrf_log_frontend.o
    0x0002b6fc   0x0002b6fc   0x00000002   Code   RO         5758    i.nrf_log_backend_rtt_flush  nrf_log_backend_rtt.o
    0x0002b6fe   0x0002b6fe   0x00000004   Code   RO         5759    i.nrf_log_backend_rtt_init  nrf_log_backend_rtt.o
    0x0002b702   0x0002b702   0x00000002   Code   RO         5760    i.nrf_log_backend_rtt_panic_set  nrf_log_backend_rtt.o
    0x0002b704   0x0002b704   0x00000018   Code   RO         5761    i.nrf_log_backend_rtt_put  nrf_log_backend_rtt.o
    0x0002b71c   0x0002b71c   0x000000c2   Code   RO         5827    i.nrf_log_backend_serial_put  nrf_log_backend_serial.o
    0x0002b7de   0x0002b7de   0x00000002   PAD
    0x0002b7e0   0x0002b7e0   0x00000030   Code   RO         5921    i.nrf_log_color_id_get  nrf_log_frontend.o
    0x0002b810   0x0002b810   0x0000001c   Code   RO         5879    i.nrf_log_default_backends_init  nrf_log_default_backends.o
    0x0002b82c   0x0002b82c   0x00000218   Code   RO         5922    i.nrf_log_frontend_dequeue  nrf_log_frontend.o
    0x0002ba44   0x0002ba44   0x000000a8   Code   RO         5923    i.nrf_log_frontend_hexdump  nrf_log_frontend.o
    0x0002baec   0x0002baec   0x00000008   Code   RO         5924    i.nrf_log_frontend_std_0  nrf_log_frontend.o
    0x0002baf4   0x0002baf4   0x0000000e   Code   RO         5925    i.nrf_log_frontend_std_1  nrf_log_frontend.o
    0x0002bb02   0x0002bb02   0x00000010   Code   RO         5926    i.nrf_log_frontend_std_2  nrf_log_frontend.o
    0x0002bb12   0x0002bb12   0x00000012   Code   RO         5927    i.nrf_log_frontend_std_3  nrf_log_frontend.o
    0x0002bb24   0x0002bb24   0x000000ac   Code   RO         6099    i.nrf_log_hexdump_entry_process  nrf_log_str_formatter.o
    0x0002bbd0   0x0002bbd0   0x00000058   Code   RO         5931    i.nrf_log_init      nrf_log_frontend.o
    0x0002bc28   0x0002bc28   0x00000014   Code   RO         5932    i.nrf_log_module_cnt_get  nrf_log_frontend.o
    0x0002bc3c   0x0002bc3c   0x0000001c   Code   RO         5935    i.nrf_log_module_name_get  nrf_log_frontend.o
    0x0002bc58   0x0002bc58   0x00000028   Code   RO         5936    i.nrf_log_panic     nrf_log_frontend.o
    0x0002bc80   0x0002bc80   0x000000b6   Code   RO         6100    i.nrf_log_std_entry_process  nrf_log_str_formatter.o
    0x0002bd36   0x0002bd36   0x00000060   Code   RO         5358    i.nrf_memobj_alloc  nrf_memobj.o
    0x0002bd96   0x0002bd96   0x00000032   Code   RO         5359    i.nrf_memobj_free   nrf_memobj.o
    0x0002bdc8   0x0002bdc8   0x00000008   Code   RO         5360    i.nrf_memobj_get    nrf_memobj.o
    0x0002bdd0   0x0002bdd0   0x00000004   Code   RO         5361    i.nrf_memobj_pool_init  nrf_memobj.o
    0x0002bdd4   0x0002bdd4   0x0000001e   Code   RO         5362    i.nrf_memobj_put    nrf_memobj.o
    0x0002bdf2   0x0002bdf2   0x0000000c   Code   RO         5363    i.nrf_memobj_read   nrf_memobj.o
    0x0002bdfe   0x0002bdfe   0x0000000c   Code   RO         5364    i.nrf_memobj_write  nrf_memobj.o
    0x0002be0a   0x0002be0a   0x00000002   PAD
    0x0002be0c   0x0002be0c   0x00000028   Code   RO         5436    i.nrf_pwr_mgmt_init  nrf_pwr_mgmt.o
    0x0002be34   0x0002be34   0x00000044   Code   RO         5437    i.nrf_pwr_mgmt_run  nrf_pwr_mgmt.o
    0x0002be78   0x0002be78   0x00000004   Code   RO           11    i.nrf_qwr_error_handler  main.o
    0x0002be7c   0x0002be7c   0x00000014   Code   RO         6637    i.nrf_sdh_ble_app_ram_start_get  nrf_sdh_ble.o
    0x0002be90   0x0002be90   0x00000154   Code   RO         6638    i.nrf_sdh_ble_default_cfg_set  nrf_sdh_ble.o
    0x0002bfe4   0x0002bfe4   0x0000012c   Code   RO         6639    i.nrf_sdh_ble_enable  nrf_sdh_ble.o
    0x0002c110   0x0002c110   0x00000060   Code   RO         6640    i.nrf_sdh_ble_evts_poll  nrf_sdh_ble.o
    0x0002c170   0x0002c170   0x00000054   Code   RO         6509    i.nrf_sdh_disable_request  nrf_sdh.o
    0x0002c1c4   0x0002c1c4   0x00000090   Code   RO         6510    i.nrf_sdh_enable_request  nrf_sdh.o
    0x0002c254   0x0002c254   0x00000024   Code   RO         6511    i.nrf_sdh_evts_poll  nrf_sdh.o
    0x0002c278   0x0002c278   0x0000000c   Code   RO         6512    i.nrf_sdh_is_enabled  nrf_sdh.o
    0x0002c284   0x0002c284   0x0000001c   Code   RO         6514    i.nrf_sdh_request_continue  nrf_sdh.o
    0x0002c2a0   0x0002c2a0   0x0000003c   Code   RO         6688    i.nrf_sdh_soc_evts_poll  nrf_sdh_soc.o
    0x0002c2dc   0x0002c2dc   0x0000000a   Code   RO         5505    i.nrf_section_iter_init  nrf_section_iter.o
    0x0002c2e6   0x0002c2e6   0x00000024   Code   RO         5506    i.nrf_section_iter_item_set  nrf_section_iter.o
    0x0002c30a   0x0002c30a   0x00000020   Code   RO         5507    i.nrf_section_iter_next  nrf_section_iter.o
    0x0002c32a   0x0002c32a   0x00000002   PAD
    0x0002c32c   0x0002c32c   0x00000038   Code   RO         5540    i.nrf_strerror_find  nrf_strerror.o
    0x0002c364   0x0002c364   0x00000014   Code   RO         5541    i.nrf_strerror_get  nrf_strerror.o
    0x0002c378   0x0002c378   0x0000000a   Code   RO         3583    i.nrf_uart_event_check  nrfx_uart.o
    0x0002c382   0x0002c382   0x0000000c   Code   RO         3584    i.nrf_uart_event_clear  nrfx_uart.o
    0x0002c38e   0x0002c38e   0x0000000c   Code   RO         3585    i.nrf_uart_int_enable_check  nrfx_uart.o
    0x0002c39a   0x0002c39a   0x0000000a   Code   RO         3772    i.nrf_uarte_event_check  nrfx_uarte.o
    0x0002c3a4   0x0002c3a4   0x0000000c   Code   RO         3773    i.nrf_uarte_event_clear  nrfx_uarte.o
    0x0002c3b0   0x0002c3b0   0x0000002c   Code   RO         3103    i.nrfx_clock_enable  nrfx_clock.o
    0x0002c3dc   0x0002c3dc   0x00000020   Code   RO         3106    i.nrfx_clock_init   nrfx_clock.o
    0x0002c3fc   0x0002c3fc   0x0000001c   Code   RO         3109    i.nrfx_clock_lfclk_stop  nrfx_clock.o
    0x0002c418   0x0002c418   0x00000010   Code   RO         4155    i.nrfx_coredep_delay_us  app_timer.o
    0x0002c428   0x0002c428   0x000000a4   Code   RO         3244    i.nrfx_gpiote_in_event_enable  nrfx_gpiote.o
    0x0002c4cc   0x0002c4cc   0x000000d0   Code   RO         3245    i.nrfx_gpiote_in_init  nrfx_gpiote.o
    0x0002c59c   0x0002c59c   0x00000014   Code   RO         3246    i.nrfx_gpiote_in_is_set  nrfx_gpiote.o
    0x0002c5b0   0x0002c5b0   0x00000070   Code   RO         3248    i.nrfx_gpiote_init  nrfx_gpiote.o
    0x0002c620   0x0002c620   0x00000014   Code   RO         3249    i.nrfx_gpiote_is_init  nrfx_gpiote.o
    0x0002c634   0x0002c634   0x00000010   Code   RO         3774    i.nrfx_is_in_ram    nrfx_uarte.o
    0x0002c644   0x0002c644   0x0000003a   Code   RO         3528    i.nrfx_prs_acquire  nrfx_prs.o
    0x0002c67e   0x0002c67e   0x00000002   PAD
    0x0002c680   0x0002c680   0x00000010   Code   RO         3586    i.nrfx_uart_0_irq_handler  nrfx_uart.o
    0x0002c690   0x0002c690   0x000000d4   Code   RO         3588    i.nrfx_uart_init    nrfx_uart.o
    0x0002c764   0x0002c764   0x000000ec   Code   RO         3589    i.nrfx_uart_rx      nrfx_uart.o
    0x0002c850   0x0002c850   0x000000a4   Code   RO         3594    i.nrfx_uart_tx      nrfx_uart.o
    0x0002c8f4   0x0002c8f4   0x00000020   Code   RO         3596    i.nrfx_uart_tx_in_progress  nrfx_uart.o
    0x0002c914   0x0002c914   0x00000010   Code   RO         3775    i.nrfx_uarte_0_irq_handler  nrfx_uarte.o
    0x0002c924   0x0002c924   0x0000006c   Code   RO         3777    i.nrfx_uarte_init   nrfx_uarte.o
    0x0002c990   0x0002c990   0x00000104   Code   RO         3778    i.nrfx_uarte_rx     nrfx_uarte.o
    0x0002ca94   0x0002ca94   0x00000090   Code   RO         3781    i.nrfx_uarte_tx     nrfx_uarte.o
    0x0002cb24   0x0002cb24   0x0000001c   Code   RO         3783    i.nrfx_uarte_tx_in_progress  nrfx_uarte.o
    0x0002cb40   0x0002cb40   0x000000e0   Code   RO           12    i.nus_data_handler  main.o
    0x0002cc20   0x0002cc20   0x0000004c   Code   RO           13    i.on_adv_evt        main.o
    0x0002cc6c   0x0002cc6c   0x0000001c   Code   RO           14    i.on_conn_params_evt  main.o
    0x0002cc88   0x0002cc88   0x0000006a   Code   RO         2839    i.on_connect        ble_nus.o
    0x0002ccf2   0x0002ccf2   0x00000002   PAD
    0x0002ccf4   0x0002ccf4   0x00000104   Code   RO         1614    i.on_connected_evt  nrf_ble_gatt.o
    0x0002cdf8   0x0002cdf8   0x00000120   Code   RO         1615    i.on_data_length_update_evt  nrf_ble_gatt.o
    0x0002cf18   0x0002cf18   0x00000150   Code   RO         1616    i.on_exchange_mtu_request_evt  nrf_ble_gatt.o
    0x0002d068   0x0002d068   0x000000a4   Code   RO         1617    i.on_exchange_mtu_rsp_evt  nrf_ble_gatt.o
    0x0002d10c   0x0002d10c   0x00000084   Code   RO         2840    i.on_write          ble_nus.o
    0x0002d190   0x0002d190   0x00000024   Code   RO         4438    i.page_identify     fds.o
    0x0002d1b4   0x0002d1b4   0x0000001c   Code   RO         4439    i.page_offsets_update  fds.o
    0x0002d1d0   0x0002d1d0   0x0000006c   Code   RO         4440    i.page_scan         fds.o
    0x0002d23c   0x0002d23c   0x0000001c   Code   RO         4441    i.page_tag_write_data  fds.o
    0x0002d258   0x0002d258   0x00000024   Code   RO         4442    i.page_tag_write_swap  fds.o
    0x0002d27c   0x0002d27c   0x0000011c   Code   RO         4443    i.pages_init        fds.o
    0x0002d398   0x0002d398   0x0000000c   Code   RO         2541    i.pairing           security_dispatcher.o
    0x0002d3a4   0x0002d3a4   0x00000006   Code   RO         2674    i.params_reply_pending_handle  security_manager.o
    0x0002d3aa   0x0002d3aa   0x00000028   Code   RO         2675    i.params_req_send   security_manager.o
    0x0002d3d2   0x0002d3d2   0x00000002   PAD
    0x0002d3d4   0x0002d3d4   0x0000001c   Code   RO         1900    i.pdb_evt_send      peer_database.o
    0x0002d3f0   0x0002d3f0   0x0000004c   Code   RO         1901    i.pdb_init          peer_database.o
    0x0002d43c   0x0002d43c   0x00000004   Code   RO         1903    i.pdb_next_deleted_peer_id_get  peer_database.o
    0x0002d440   0x0002d440   0x00000004   Code   RO         1904    i.pdb_next_peer_id_get  peer_database.o
    0x0002d444   0x0002d444   0x00000074   Code   RO         1905    i.pdb_pds_evt_handler  peer_database.o
    0x0002d4b8   0x0002d4b8   0x00000004   Code   RO         1906    i.pdb_peer_allocate  peer_database.o
    0x0002d4bc   0x0002d4bc   0x00000010   Code   RO         1907    i.pdb_peer_data_load  peer_database.o
    0x0002d4cc   0x0002d4cc   0x00000006   Code   RO         1908    i.pdb_peer_data_ptr_get  peer_database.o
    0x0002d4d2   0x0002d4d2   0x00000044   Code   RO         1909    i.pdb_peer_free     peer_database.o
    0x0002d516   0x0002d516   0x00000008   Code   RO         1910    i.pdb_raw_store     peer_database.o
    0x0002d51e   0x0002d51e   0x00000002   PAD
    0x0002d520   0x0002d520   0x000000c4   Code   RO         1911    i.pdb_write_buf_get  peer_database.o
    0x0002d5e4   0x0002d5e4   0x00000028   Code   RO         1912    i.pdb_write_buf_release  peer_database.o
    0x0002d60c   0x0002d60c   0x00000028   Code   RO         1913    i.pdb_write_buf_store  peer_database.o
    0x0002d634   0x0002d634   0x00000068   Code   RO         1914    i.pdb_write_buf_store_prepare  peer_database.o
    0x0002d69c   0x0002d69c   0x00000010   Code   RO         1760    i.pds_evt_send      peer_data_storage.o
    0x0002d6ac   0x0002d6ac   0x0000006c   Code   RO         1761    i.pds_init          peer_data_storage.o
    0x0002d718   0x0002d718   0x00000004   Code   RO         1762    i.pds_next_deleted_peer_id_get  peer_data_storage.o
    0x0002d71c   0x0002d71c   0x00000004   Code   RO         1763    i.pds_next_peer_id_get  peer_data_storage.o
    0x0002d720   0x0002d720   0x00000058   Code   RO         1766    i.pds_peer_data_iterate  peer_data_storage.o
    0x0002d778   0x0002d778   0x00000010   Code   RO         1767    i.pds_peer_data_iterate_prepare  peer_data_storage.o
    0x0002d788   0x0002d788   0x00000068   Code   RO         1768    i.pds_peer_data_read  peer_data_storage.o
    0x0002d7f0   0x0002d7f0   0x00000096   Code   RO         1769    i.pds_peer_data_store  peer_data_storage.o
    0x0002d886   0x0002d886   0x00000008   Code   RO         1770    i.pds_peer_id_allocate  peer_data_storage.o
    0x0002d88e   0x0002d88e   0x00000016   Code   RO         1771    i.pds_peer_id_free  peer_data_storage.o
    0x0002d8a4   0x0002d8a4   0x00000004   Code   RO         1772    i.pds_peer_id_is_allocated  peer_data_storage.o
    0x0002d8a8   0x0002d8a8   0x0000002e   Code   RO         1773    i.pds_space_reserve  peer_data_storage.o
    0x0002d8d6   0x0002d8d6   0x00000010   Code   RO         1774    i.pds_space_reserve_cancel  peer_data_storage.o
    0x0002d8e6   0x0002d8e6   0x00000002   PAD
    0x0002d8e8   0x0002d8e8   0x0000000c   Code   RO         2542    i.peer_created      security_dispatcher.o
    0x0002d8f4   0x0002d8f4   0x00000006   Code   RO         1915    i.peer_data_const_point_to_buffer  peer_database.o
    0x0002d8fa   0x0002d8fa   0x00000002   PAD
    0x0002d8fc   0x0002d8fc   0x00000078   Code   RO         1775    i.peer_data_delete_process  peer_data_storage.o
    0x0002d974   0x0002d974   0x00000030   Code   RO         1776    i.peer_data_find    peer_data_storage.o
    0x0002d9a4   0x0002d9a4   0x00000020   Code   RO         1777    i.peer_data_id_is_valid  peer_data_storage.o
    0x0002d9c4   0x0002d9c4   0x0000001a   Code   RO         1916    i.peer_data_point_to_buffer  peer_database.o
    0x0002d9de   0x0002d9de   0x00000002   PAD
    0x0002d9e0   0x0002d9e0   0x0000000c   Code   RO         2070    i.peer_id_allocate  peer_id.o
    0x0002d9ec   0x0002d9ec   0x00000024   Code   RO         2071    i.peer_id_delete    peer_id.o
    0x0002da10   0x0002da10   0x0000001c   Code   RO         2072    i.peer_id_free      peer_id.o
    0x0002da2c   0x0002da2c   0x0000000c   Code   RO         2073    i.peer_id_get_next_deleted  peer_id.o
    0x0002da38   0x0002da38   0x00000030   Code   RO         2074    i.peer_id_get_next_used  peer_id.o
    0x0002da68   0x0002da68   0x00000028   Code   RO         2075    i.peer_id_init      peer_id.o
    0x0002da90   0x0002da90   0x00000014   Code   RO         2076    i.peer_id_is_allocated  peer_id.o
    0x0002daa4   0x0002daa4   0x00000014   Code   RO         2077    i.peer_id_is_deleted  peer_id.o
    0x0002dab8   0x0002dab8   0x0000001c   Code   RO         1443    i.peer_id_set       id_manager.o
    0x0002dad4   0x0002dad4   0x0000006c   Code   RO           15    i.peer_manager_init  main.o
    0x0002db40   0x0002db40   0x00000012   Code   RO          835    i.phy_is_valid      ble_advertising.o
    0x0002db52   0x0002db52   0x00000002   PAD
    0x0002db54   0x0002db54   0x00000018   Code   RO         3265    i.pin_in_use_by_port  nrfx_gpiote.o
    0x0002db6c   0x0002db6c   0x00000018   Code   RO         3266    i.pin_in_use_by_te  nrfx_gpiote.o
    0x0002db84   0x0002db84   0x0000005c   Code   RO         2439    i.pm_buffer_block_acquire  pm_buffer.o
    0x0002dbe0   0x0002dbe0   0x00000040   Code   RO         2440    i.pm_buffer_init    pm_buffer.o
    0x0002dc20   0x0002dc20   0x00000028   Code   RO         2441    i.pm_buffer_ptr_get  pm_buffer.o
    0x0002dc48   0x0002dc48   0x0000002e   Code   RO         2442    i.pm_buffer_release  pm_buffer.o
    0x0002dc76   0x0002dc76   0x0000000a   Code   RO         2162    i.pm_conn_sec_config_reply  peer_manager.o
    0x0002dc80   0x0002dc80   0x000000f8   Code   RO           16    i.pm_evt_handler    main.o
    0x0002dd78   0x0002dd78   0x00000004   Code   RO         2167    i.pm_gcm_evt_handler  peer_manager.o
    0x0002dd7c   0x0002dd7c   0x00000004   Code   RO         2170    i.pm_im_evt_handler  peer_manager.o
    0x0002dd80   0x0002dd80   0x0000004c   Code   RO         2171    i.pm_init           peer_manager.o
    0x0002ddcc   0x0002ddcc   0x0000000e   Code   RO         2482    i.pm_mutex_init     pm_mutex.o
    0x0002ddda   0x0002ddda   0x0000001a   Code   RO         2483    i.pm_mutex_lock     pm_mutex.o
    0x0002ddf4   0x0002ddf4   0x00000036   Code   RO         2484    i.pm_mutex_lock_first_available  pm_mutex.o
    0x0002de2a   0x0002de2a   0x00000018   Code   RO         2485    i.pm_mutex_lock_status_get  pm_mutex.o
    0x0002de42   0x0002de42   0x0000003a   Code   RO         2486    i.pm_mutex_unlock   pm_mutex.o
    0x0002de7c   0x0002de7c   0x00000118   Code   RO         2175    i.pm_pdb_evt_handler  peer_manager.o
    0x0002df94   0x0002df94   0x00000014   Code   RO         2186    i.pm_peer_delete    peer_manager.o
    0x0002dfa8   0x0002dfa8   0x000000b8   Code   RO         2190    i.pm_peer_ranks_get  peer_manager.o
    0x0002e060   0x0002e060   0x00000068   Code   RO         2191    i.pm_peers_delete   peer_manager.o
    0x0002e0c8   0x0002e0c8   0x0000002c   Code   RO         2194    i.pm_register       peer_manager.o
    0x0002e0f4   0x0002e0f4   0x00000014   Code   RO         2195    i.pm_sec_params_set  peer_manager.o
    0x0002e108   0x0002e108   0x0000000a   Code   RO         2196    i.pm_sm_evt_handler  peer_manager.o
    0x0002e112   0x0002e112   0x00000002   PAD
    0x0002e114   0x0002e114   0x0000003c   Code   RO         6102    i.postfix_process   nrf_log_str_formatter.o
    0x0002e150   0x0002e150   0x00000098   Code   RO         6103    i.prefix_process    nrf_log_str_formatter.o
    0x0002e1e8   0x0002e1e8   0x00000018   Code   RO         3530    i.prs_box_get       nrfx_prs.o
    0x0002e200   0x0002e200   0x0000001c   Code   RO         4444    i.queue_buf_get     fds.o
    0x0002e21c   0x0002e21c   0x00000010   Code   RO         4445    i.queue_buf_store   fds.o
    0x0002e22c   0x0002e22c   0x00000014   Code   RO         5249    i.queue_free        nrf_fstorage_sd.o
    0x0002e240   0x0002e240   0x000000a0   Code   RO         4446    i.queue_process     fds.o
    0x0002e2e0   0x0002e2e0   0x000000a0   Code   RO         5250    i.queue_process     nrf_fstorage_sd.o
    0x0002e380   0x0002e380   0x0000001c   Code   RO         4447    i.queue_start       fds.o
    0x0002e39c   0x0002e39c   0x00000024   Code   RO         5251    i.queue_start       nrf_fstorage_sd.o
    0x0002e3c0   0x0002e3c0   0x00000028   Code   RO         2199    i.rank_vars_update  peer_manager.o
    0x0002e3e8   0x0002e3e8   0x0000000e   Code   RO         5252    i.read              nrf_fstorage_sd.o
    0x0002e3f6   0x0002e3f6   0x00000002   PAD
    0x0002e3f8   0x0002e3f8   0x0000007c   Code   RO         1917    i.reattempt_previous_operations  peer_database.o
    0x0002e474   0x0002e474   0x00000088   Code   RO         4448    i.record_find       fds.o
    0x0002e4fc   0x0002e4fc   0x000000a0   Code   RO         4449    i.record_find_by_desc  fds.o
    0x0002e59c   0x0002e59c   0x0000005c   Code   RO         4450    i.record_find_next  fds.o
    0x0002e5f8   0x0002e5f8   0x00000038   Code   RO         4451    i.record_header_flag_dirty  fds.o
    0x0002e630   0x0002e630   0x00000010   Code   RO         2079    i.release           peer_id.o
    0x0002e640   0x0002e640   0x00000004   Code   RO         5253    i.rmap              nrf_fstorage_sd.o
    0x0002e644   0x0002e644   0x0000003c   Code   RO         4156    i.rtc1_stop         app_timer.o
    0x0002e680   0x0002e680   0x00000032   Code   RO         3598    i.rx_byte           nrfx_uart.o
    0x0002e6b2   0x0002e6b2   0x000000a2   Code   RO         2841    i.rx_char_add       ble_nus.o
    0x0002e754   0x0002e754   0x00000016   Code   RO         3599    i.rx_done_event     nrfx_uart.o
    0x0002e76a   0x0002e76a   0x00000018   Code   RO         3785    i.rx_done_event     nrfx_uarte.o
    0x0002e782   0x0002e782   0x00000020   Code   RO         3600    i.rx_enable         nrfx_uart.o
    0x0002e7a2   0x0002e7a2   0x00000002   PAD
    0x0002e7a4   0x0002e7a4   0x00000024   Code   RO         1224    i.sc_send_pending_handle  gatt_cache_manager.o
    0x0002e7c8   0x0002e7c8   0x00000042   Code   RO         6517    i.sd_nvic_SetPriority  nrf_sdh.o
    0x0002e80a   0x0002e80a   0x00000002   PAD
    0x0002e80c   0x0002e80c   0x00000050   Code   RO         2916    i.sd_state_evt_handler  nrf_drv_clock.o
    0x0002e85c   0x0002e85c   0x00000030   Code   RO         6518    i.sdh_request_observer_notify  nrf_sdh.o
    0x0002e88c   0x0002e88c   0x0000002c   Code   RO         6519    i.sdh_state_observer_notify  nrf_sdh.o
    0x0002e8b8   0x0002e8b8   0x000000a2   Code   RO         2543    i.sec_info_request_process  security_dispatcher.o
    0x0002e95a   0x0002e95a   0x00000002   PAD
    0x0002e95c   0x0002e95c   0x0000006c   Code   RO         2544    i.sec_keyset_fill   security_dispatcher.o
    0x0002e9c8   0x0002e9c8   0x00000076   Code   RO         2676    i.sec_params_verify  security_manager.o
    0x0002ea3e   0x0002ea3e   0x00000002   PAD
    0x0002ea40   0x0002ea40   0x00000038   Code   RO         2545    i.sec_proc_housekeeping  security_dispatcher.o
    0x0002ea78   0x0002ea78   0x00000068   Code   RO         2546    i.sec_proc_start    security_dispatcher.o
    0x0002eae0   0x0002eae0   0x00000022   Code   RO         2547    i.send_config_req   security_dispatcher.o
    0x0002eb02   0x0002eb02   0x00000002   PAD
    0x0002eb04   0x0002eb04   0x00000010   Code   RO          925    i.send_error_evt    ble_conn_params.o
    0x0002eb14   0x0002eb14   0x00000028   Code   RO         1225    i.send_unexpected_error  gatt_cache_manager.o
    0x0002eb3c   0x0002eb3c   0x00000028   Code   RO         2548    i.send_unexpected_error  security_dispatcher.o
    0x0002eb64   0x0002eb64   0x00000050   Code   RO         5762    i.serial_tx         nrf_log_backend_rtt.o
    0x0002ebb4   0x0002ebb4   0x00000014   Code   RO         1226    i.service_changed_pending_flags_check  gatt_cache_manager.o
    0x0002ebc8   0x0002ebc8   0x00000044   Code   RO         1346    i.service_changed_pending_set  gatts_cache_manager.o
    0x0002ec0c   0x0002ec0c   0x0000008c   Code   RO         1227    i.service_changed_send_in_evt  gatt_cache_manager.o
    0x0002ec98   0x0002ec98   0x00000088   Code   RO          729    i.service_data_encode  ble_advdata.o
    0x0002ed20   0x0002ed20   0x0000001e   Code   RO           17    i.sleep_mode_enter  main.o
    0x0002ed3e   0x0002ed3e   0x00000002   PAD
    0x0002ed40   0x0002ed40   0x00000020   Code   RO         2677    i.sm_ble_evt_handler  security_manager.o
    0x0002ed60   0x0002ed60   0x00000004   Code   RO         2678    i.sm_conn_sec_config_reply  security_manager.o
    0x0002ed64   0x0002ed64   0x0000004c   Code   RO         2679    i.sm_init           security_manager.o
    0x0002edb0   0x0002edb0   0x00000058   Code   RO         2682    i.sm_pdb_evt_handler  security_manager.o
    0x0002ee08   0x0002ee08   0x00000034   Code   RO         2684    i.sm_sec_params_set  security_manager.o
    0x0002ee3c   0x0002ee3c   0x00000060   Code   RO         2685    i.sm_smd_evt_handler  security_manager.o
    0x0002ee9c   0x0002ee9c   0x000000f4   Code   RO         2549    i.smd_ble_evt_handler  security_dispatcher.o
    0x0002ef90   0x0002ef90   0x00000010   Code   RO         2550    i.smd_conn_sec_config_reply  security_dispatcher.o
    0x0002efa0   0x0002efa0   0x00000058   Code   RO         2551    i.smd_init          security_dispatcher.o
    0x0002eff8   0x0002eff8   0x00000022   Code   RO         2552    i.smd_link_secure   security_dispatcher.o
    0x0002f01a   0x0002f01a   0x00000002   PAD
    0x0002f01c   0x0002f01c   0x000000fc   Code   RO         2553    i.smd_params_reply  security_dispatcher.o
    0x0002f118   0x0002f118   0x00000040   Code   RO         2686    i.smd_params_reply_perform  security_manager.o
    0x0002f158   0x0002f158   0x00000018   Code   RO         2917    i.soc_evt_handler   nrf_drv_clock.o
    0x0002f170   0x0002f170   0x00000038   Code   RO         6520    i.softdevice_evt_irq_disable  nrf_sdh.o
    0x0002f1a8   0x0002f1a8   0x00000050   Code   RO         6521    i.softdevices_evt_irq_enable  nrf_sdh.o
    0x0002f1f8   0x0002f1f8   0x0000008c   Code   RO         5938    i.std_n             nrf_log_frontend.o
    0x0002f284   0x0002f284   0x00000080   Code   RO         4157    i.timer_list_handler  app_timer.o
    0x0002f304   0x0002f304   0x0000003c   Code   RO         4158    i.timer_list_insert  app_timer.o
    0x0002f340   0x0002f340   0x00000060   Code   RO         4159    i.timer_list_remove  app_timer.o
    0x0002f3a0   0x0002f3a0   0x00000048   Code   RO         4160    i.timer_stop_op_schedule  app_timer.o
    0x0002f3e8   0x0002f3e8   0x00000074   Code   RO         4161    i.timer_timeouts_check  app_timer.o
    0x0002f45c   0x0002f45c   0x00000020   Code   RO         3601    i.tx_byte           nrfx_uart.o
    0x0002f47c   0x0002f47c   0x000000da   Code   RO         2842    i.tx_char_add       ble_nus.o
    0x0002f556   0x0002f556   0x0000001a   Code   RO         3602    i.tx_done_event     nrfx_uart.o
    0x0002f570   0x0002f570   0x000000b4   Code   RO           18    i.uart_event_handle  main.o
    0x0002f624   0x0002f624   0x000000a0   Code   RO         5609    i.uart_event_handler  app_uart_fifo.o
    0x0002f6c4   0x0002f6c4   0x00000030   Code   RO         3045    i.uart_evt_handler  nrf_drv_uart.o
    0x0002f6f4   0x0002f6f4   0x00000128   Code   RO         3603    i.uart_irq_handler  nrfx_uart.o
    0x0002f81c   0x0002f81c   0x00000030   Code   RO         3046    i.uarte_evt_handler  nrf_drv_uart.o
    0x0002f84c   0x0002f84c   0x000000f4   Code   RO         3786    i.uarte_irq_handler  nrfx_uarte.o
    0x0002f940   0x0002f940   0x0000000a   Code   RO          730    i.uint16_encode     ble_advdata.o
    0x0002f94a   0x0002f94a   0x00000002   PAD
    0x0002f94c   0x0002f94c   0x00000020   Code   RO         5254    i.uninit            nrf_fstorage_sd.o
    0x0002f96c   0x0002f96c   0x000000b4   Code   RO         5121    i.unsigned_print    nrf_fprintf_format.o
    0x0002fa20   0x0002fa20   0x00000014   Code   RO         1228    i.update_pending_flags_check  gatt_cache_manager.o
    0x0002fa34   0x0002fa34   0x00000068   Code   RO          926    i.update_timeout_handler  ble_conn_params.o
    0x0002fa9c   0x0002fa9c   0x00000018   Code   RO          836    i.use_whitelist     ble_advertising.o
    0x0002fab4   0x0002fab4   0x0000000c   Code   RO         1011    i.user_flag_is_acquired  ble_conn_state.o
    0x0002fac0   0x0002fac0   0x00000024   Code   RO         1720    i.user_mem_reply    nrf_ble_qwr.o
    0x0002fae4   0x0002fae4   0x00000030   Code   RO         4162    i.user_op_alloc     app_timer.o
    0x0002fb14   0x0002fb14   0x00000030   Code   RO          731    i.uuid_list_encode  ble_advdata.o
    0x0002fb44   0x0002fb44   0x0000009e   Code   RO          732    i.uuid_list_sized_encode  ble_advdata.o
    0x0002fbe2   0x0002fbe2   0x00000004   Code   RO         5255    i.wmap              nrf_fstorage_sd.o
    0x0002fbe6   0x0002fbe6   0x00000002   PAD
    0x0002fbe8   0x0002fbe8   0x00000050   Code   RO         5256    i.write             nrf_fstorage_sd.o
    0x0002fc38   0x0002fc38   0x00000024   Code   RO         1918    i.write_buf_length_words_set  peer_database.o
    0x0002fc5c   0x0002fc5c   0x00000084   Code   RO         1919    i.write_buf_store   peer_database.o
    0x0002fce0   0x0002fce0   0x00000034   Code   RO         1920    i.write_buffer_record_find  peer_database.o
    0x0002fd14   0x0002fd14   0x00000028   Code   RO         1921    i.write_buffer_record_find_next  peer_database.o
    0x0002fd3c   0x0002fd3c   0x0000001e   Code   RO         1922    i.write_buffer_record_invalidate  peer_database.o
    0x0002fd5a   0x0002fd5a   0x00000002   PAD
    0x0002fd5c   0x0002fd5c   0x0000002c   Code   RO         1923    i.write_buffer_record_release  peer_database.o
    0x0002fd88   0x0002fd88   0x000000e8   Code   RO         4453    i.write_enqueue     fds.o
    0x0002fe70   0x0002fe70   0x000000f4   Code   RO         4454    i.write_execute     fds.o
    0x0002ff64   0x0002ff64   0x00000018   Code   RO         4455    i.write_space_free  fds.o
    0x0002ff7c   0x0002ff7c   0x0000005c   Code   RO         4456    i.write_space_reserve  fds.o
    0x0002ffd8   0x0002ffd8   0x0000001c   Data   RO           20    .constdata          main.o
    0x0002fff4   0x0002fff4   0x00000008   Data   RO          436    .constdata          boards.o
    0x0002fffc   0x0002fffc   0x0000002c   Data   RO          574    .constdata          bsp.o
    0x00030028   0x00030028   0x00000050   Data   RO         1229    .constdata          gatt_cache_manager.o
    0x00030078   0x00030078   0x00000004   Data   RO         1347    .constdata          gatts_cache_manager.o
    0x0003007c   0x0003007c   0x00000010   Data   RO         1348    .constdata          gatts_cache_manager.o
    0x0003008c   0x0003008c   0x00000004   Data   RO         1349    .constdata          gatts_cache_manager.o
    0x00030090   0x00030090   0x00000008   Data   RO         1446    .constdata          id_manager.o
    0x00030098   0x00030098   0x00000016   Data   RO         1618    .constdata          nrf_ble_gatt.o
    0x000300ae   0x000300ae   0x00000002   PAD
    0x000300b0   0x000300b0   0x00000018   Data   RO         1778    .constdata          peer_data_storage.o
    0x000300c8   0x000300c8   0x00000010   Data   RO         1925    .constdata          peer_database.o
    0x000300d8   0x000300d8   0x00000010   Data   RO         2201    .constdata          peer_manager.o
    0x000300e8   0x000300e8   0x00000054   Data   RO         2555    .constdata          security_dispatcher.o
    0x0003013c   0x0003013c   0x00000004   Data   RO         2687    .constdata          security_manager.o
    0x00030140   0x00030140   0x00000010   Data   RO         2843    .constdata          ble_nus.o
    0x00030150   0x00030150   0x00000004   Data   RO         3268    .constdata          nrfx_gpiote.o
    0x00030154   0x00030154   0x00000004   Data   RO         3606    .constdata          nrfx_uart.o
    0x00030158   0x00030158   0x00000004   Data   RO         3789    .constdata          nrfx_uarte.o
    0x0003015c   0x0003015c   0x00000008   Data   RO         3925    .constdata          app_button.o
    0x00030164   0x00030164   0x0000000c   PAD
    0x00030170   0x00030170   0x00000006   Data   RO         4164    .constdata          app_timer.o
    0x00030176   0x00030176   0x00000002   PAD
    0x00030178   0x00030178   0x00000018   Data   RO         4458    .constdata          fds.o
    0x00030190   0x00030190   0x00000010   Data   RO         5122    .constdata          nrf_fprintf_format.o
    0x000301a0   0x000301a0   0x0000005e   Data   RO         5168    .constdata          nrf_fstorage.o
    0x000301fe   0x000301fe   0x00000002   PAD
    0x00030200   0x00030200   0x00000010   Data   RO         5258    .constdata          nrf_fstorage_sd.o
    0x00030210   0x00030210   0x00000020   Data   RO         5259    .constdata          nrf_fstorage_sd.o
    0x00030230   0x00030230   0x00000018   Data   RO         5441    .constdata          nrf_pwr_mgmt.o
    0x00030248   0x00030248   0x0000000c   Data   RO         5442    .constdata          nrf_pwr_mgmt.o
    0x00030254   0x00030254   0x0000013c   Data   RO         5542    .constdata          nrf_strerror.o
    0x00030390   0x00030390   0x00000020   Data   RO         5611    .constdata          app_uart_fifo.o
    0x000303b0   0x000303b0   0x0000000c   Data   RO         5764    .constdata          nrf_log_backend_rtt.o
    0x000303bc   0x000303bc   0x00000004   PAD
    0x000303c0   0x000303c0   0x00000006   Data   RO         5765    .constdata          nrf_log_backend_rtt.o
    0x000303c6   0x000303c6   0x00000002   PAD
    0x000303c8   0x000303c8   0x00000010   Data   RO         6522    .constdata          nrf_sdh.o
    0x000303d8   0x000303d8   0x00000028   Data   RO         6523    .constdata          nrf_sdh.o
    0x00030400   0x00030400   0x00000010   Data   RO         6524    .constdata          nrf_sdh.o
    0x00030410   0x00030410   0x00000010   Data   RO         6525    .constdata          nrf_sdh.o
    0x00030420   0x00030420   0x00000020   Data   RO         6641    .constdata          nrf_sdh_ble.o
    0x00030440   0x00030440   0x00000010   Data   RO         6642    .constdata          nrf_sdh_ble.o
    0x00030450   0x00030450   0x00000010   Data   RO         6689    .constdata          nrf_sdh_soc.o
    0x00030460   0x00030460   0x0000000c   Data   RO         6690    .constdata          nrf_sdh_soc.o
    0x0003046c   0x0003046c   0x00000081   Data   RO         6773    .constdata          mc_w.l(ctype_o.o)
    0x000304ed   0x000304ed   0x00000003   PAD
    0x000304f0   0x000304f0   0x00000004   Data   RO         6774    .constdata          mc_w.l(ctype_o.o)
    0x000304f4   0x000304f4   0x0000013e   Data   RO         1619    .conststring        nrf_ble_gatt.o
    0x00030632   0x00030632   0x00000002   PAD
    0x00030634   0x00030634   0x0000004f   Data   RO         5169    .conststring        nrf_fstorage.o
    0x00030683   0x00030683   0x00000001   PAD
    0x00030684   0x00030684   0x000003eb   Data   RO         5543    .conststring        nrf_strerror.o
    0x00030a6f   0x00030a6f   0x00000001   PAD
    0x00030a70   0x00030a70   0x00000066   Data   RO         6104    .conststring        nrf_log_str_formatter.o
    0x00030ad6   0x00030ad6   0x00000002   PAD
    0x00030ad8   0x00030ad8   0x000001cf   Data   RO         6643    .conststring        nrf_sdh_ble.o
    0x00030ca7   0x00030ca7   0x00000001   PAD
    0x00030ca8   0x00030ca8   0x0000000d   Data   RO         1620    .conststrlit        nrf_ble_gatt.o
    0x00030cb5   0x00030cb5   0x00000003   PAD
    0x00030cb8   0x00030cb8   0x00000008   Data   RO         2844    .conststrlit        ble_nus.o
    0x00030cc0   0x00030cc0   0x00000006   Data   RO         2923    .conststrlit        nrf_drv_clock.o
    0x00030cc6   0x00030cc6   0x00000002   PAD
    0x00030cc8   0x00030cc8   0x00000006   Data   RO         3113    .conststrlit        nrfx_clock.o
    0x00030cce   0x00030cce   0x00000002   PAD
    0x00030cd0   0x00030cd0   0x00000007   Data   RO         3272    .conststrlit        nrfx_gpiote.o
    0x00030cd7   0x00030cd7   0x00000001   PAD
    0x00030cd8   0x00030cd8   0x00000004   Data   RO         3532    .conststrlit        nrfx_prs.o
    0x00030cdc   0x00030cdc   0x00000005   Data   RO         3609    .conststrlit        nrfx_uart.o
    0x00030ce1   0x00030ce1   0x00000003   PAD
    0x00030ce4   0x00030ce4   0x00000006   Data   RO         3792    .conststrlit        nrfx_uarte.o
    0x00030cea   0x00030cea   0x00000002   PAD
    0x00030cec   0x00030cec   0x0000000f   Data   RO         4459    .conststrlit        fds.o
    0x00030cfb   0x00030cfb   0x00000001   PAD
    0x00030cfc   0x00030cfc   0x0000000d   Data   RO         5170    .conststrlit        nrf_fstorage.o
    0x00030d09   0x00030d09   0x00000003   PAD
    0x00030d0c   0x00030d0c   0x0000000e   Data   RO         5260    .conststrlit        nrf_fstorage_sd.o
    0x00030d1a   0x00030d1a   0x00000002   PAD
    0x00030d1c   0x00030d1c   0x00000009   Data   RO         5443    .conststrlit        nrf_pwr_mgmt.o
    0x00030d25   0x00030d25   0x00000003   PAD
    0x00030d28   0x00030d28   0x00000018   Data   RO         5941    .conststrlit        nrf_log_frontend.o
    0x00030d40   0x00030d40   0x00000008   Data   RO         6526    .conststrlit        nrf_sdh.o
    0x00030d48   0x00030d48   0x0000000c   Data   RO         6644    .conststrlit        nrf_sdh_ble.o
    0x00030d54   0x00030d54   0x0000000c   Data   RO         6691    .conststrlit        nrf_sdh_soc.o
    0x00030d60   0x00030d60   0x00000020   Data   RO         6836    Region$$Table       anon$$obj.o
    0x00030d80   0x00030d80   0x00000008   Data   RO         1621    log_const_data      nrf_ble_gatt.o
    0x00030d88   0x00030d88   0x00000008   Data   RO         2845    log_const_data      ble_nus.o
    0x00030d90   0x00030d90   0x00000008   Data   RO         2924    log_const_data      nrf_drv_clock.o
    0x00030d98   0x00030d98   0x00000008   Data   RO         3115    log_const_data      nrfx_clock.o
    0x00030da0   0x00030da0   0x00000008   Data   RO         3273    log_const_data      nrfx_gpiote.o
    0x00030da8   0x00030da8   0x00000008   Data   RO         3534    log_const_data      nrfx_prs.o
    0x00030db0   0x00030db0   0x00000008   Data   RO         3610    log_const_data      nrfx_uart.o
    0x00030db8   0x00030db8   0x00000008   Data   RO         3793    log_const_data      nrfx_uarte.o
    0x00030dc0   0x00030dc0   0x00000008   Data   RO         4463    log_const_data      fds.o
    0x00030dc8   0x00030dc8   0x00000008   Data   RO         5171    log_const_data      nrf_fstorage.o
    0x00030dd0   0x00030dd0   0x00000008   Data   RO         5263    log_const_data      nrf_fstorage_sd.o
    0x00030dd8   0x00030dd8   0x00000008   Data   RO         5445    log_const_data      nrf_pwr_mgmt.o
    0x00030de0   0x00030de0   0x00000010   Data   RO         5944    log_const_data      nrf_log_frontend.o
    0x00030df0   0x00030df0   0x00000008   Data   RO         6528    log_const_data      nrf_sdh.o
    0x00030df8   0x00030df8   0x00000008   Data   RO         6646    log_const_data      nrf_sdh_ble.o
    0x00030e00   0x00030e00   0x00000008   Data   RO         6692    log_const_data      nrf_sdh_soc.o
    0x00030e08   0x00030e08   0x00000018   Data   RO         5946    nrf_balloc          nrf_log_frontend.o
    0x00030e20   0x00030e20   0x00000008   Data   RO         1013    sdh_ble_observers0  ble_conn_state.o
    0x00030e28   0x00030e28   0x00000010   Data   RO           24    sdh_ble_observers1  main.o
    0x00030e38   0x00030e38   0x00000008   Data   RO          677    sdh_ble_observers1  bsp_btn_ble.o
    0x00030e40   0x00030e40   0x00000008   Data   RO          929    sdh_ble_observers1  ble_conn_params.o
    0x00030e48   0x00030e48   0x00000008   Data   RO         2203    sdh_ble_observers1  peer_manager.o
    0x00030e50   0x00030e50   0x00000010   Data   RO           25    sdh_ble_observers2  main.o
    0x00030e60   0x00030e60   0x00000008   Data   RO           26    sdh_ble_observers3  main.o
    0x00030e68   0x00030e68   0x00000008   Data   RO         5265    sdh_req_observers0  nrf_fstorage_sd.o
    0x00030e70   0x00030e70   0x00000008   Data   RO         2926    sdh_soc_observers0  nrf_drv_clock.o
    0x00030e78   0x00030e78   0x00000008   Data   RO         5266    sdh_soc_observers0  nrf_fstorage_sd.o
    0x00030e80   0x00030e80   0x00000008   Data   RO           27    sdh_soc_observers1  main.o
    0x00030e88   0x00030e88   0x00000008   Data   RO         6648    sdh_stack_observers0  nrf_sdh_ble.o
    0x00030e90   0x00030e90   0x00000008   Data   RO         6694    sdh_stack_observers0  nrf_sdh_soc.o
    0x00030e98   0x00030e98   0x00000008   Data   RO         2927    sdh_state_observers0  nrf_drv_clock.o
    0x00030ea0   0x00030ea0   0x00000008   Data   RO         5267    sdh_state_observers0  nrf_fstorage_sd.o


    Execution Region RW_IRAM1 (Exec base: 0x20002a98, Load base: 0x00030ea8, Size: 0x000034f0, Max: 0x0000d568, ABSOLUTE, COMPRESSED[0x0000006c])

    Exec Addr    Load Addr    Size         Type   Attr      Idx    E Section Name        Object

    0x20002a98   COMPRESSED   0x00000008   Data   RW           21    .data               main.o
    0x20002aa0   COMPRESSED   0x00000028   Data   RW           22    .data               main.o
    0x20002ac8   COMPRESSED   0x00000004   Data   RW           23    .data               main.o
    0x20002acc   COMPRESSED   0x00000010   Data   RW          575    .data               bsp.o
    0x20002adc   COMPRESSED   0x00000008   Data   RW          676    .data               bsp_btn_ble.o
    0x20002ae4   COMPRESSED   0x00000008   Data   RW          928    .data               ble_conn_params.o
    0x20002aec   COMPRESSED   0x0000000c   Data   RW         1230    .data               gatt_cache_manager.o
    0x20002af8   COMPRESSED   0x00000006   Data   RW         1350    .data               gatts_cache_manager.o
    0x20002afe   COMPRESSED   0x00000003   Data   RW         1447    .data               id_manager.o
    0x20002b01   COMPRESSED   0x00000003   PAD
    0x20002b04   COMPRESSED   0x0000000c   Data   RW         1779    .data               peer_data_storage.o
    0x20002b10   COMPRESSED   0x00000003   Data   RW         1926    .data               peer_database.o
    0x20002b13   COMPRESSED   0x00000001   PAD
    0x20002b14   COMPRESSED   0x00000010   Data   RW         2202    .data               peer_manager.o
    0x20002b24   COMPRESSED   0x00000006   Data   RW         2556    .data               security_dispatcher.o
    0x20002b2a   COMPRESSED   0x00000002   PAD
    0x20002b2c   COMPRESSED   0x00000015   Data   RW         2688    .data               security_manager.o
    0x20002b41   COMPRESSED   0x00000003   PAD
    0x20002b44   COMPRESSED   0x0000000c   Data   RW         3047    .data               nrf_drv_uart.o
    0x20002b50   COMPRESSED   0x00000008   Data   RW         3114    .data               nrfx_clock.o
    0x20002b58   COMPRESSED   0x00000008   Data   RW         3533    .data               nrfx_prs.o
    0x20002b60   COMPRESSED   0x00000020   Data   RW         3926    .data               app_button.o
    0x20002b80   COMPRESSED   0x00000014   Data   RW         4165    .data               app_timer.o
    0x20002b94   COMPRESSED   0x00000014   Data   RW         4460    .data               fds.o
    0x20002ba8   COMPRESSED   0x00000030   Data   RW         4461    .data               fds.o
    0x20002bd8   COMPRESSED   0x00000014   Data   RW         5261    .data               nrf_fstorage_sd.o
    0x20002bec   COMPRESSED   0x00000008   Data   RW         5262    .data               nrf_fstorage_sd.o
    0x20002bf4   COMPRESSED   0x00000008   Data   RW         5444    .data               nrf_pwr_mgmt.o
    0x20002bfc   COMPRESSED   0x0000001c   Data   RW         5612    .data               app_uart_fifo.o
    0x20002c18   COMPRESSED   0x00000001   Data   RW         5766    .data               nrf_log_backend_rtt.o
    0x20002c19   COMPRESSED   0x00000003   PAD
    0x20002c1c   COMPRESSED   0x0000000c   Data   RW         5880    .data               nrf_log_default_backends.o
    0x20002c28   COMPRESSED   0x00000008   Data   RW         5942    .data               nrf_log_frontend.o
    0x20002c30   COMPRESSED   0x00000008   Data   RW         5943    .data               nrf_log_frontend.o
    0x20002c38   COMPRESSED   0x00000040   Data   RW         6105    .data               nrf_log_str_formatter.o
    0x20002c78   COMPRESSED   0x00000003   Data   RW         6527    .data               nrf_sdh.o
    0x20002c7b   COMPRESSED   0x00000001   Data   RW         6645    .data               nrf_sdh_ble.o
    0x20002c7c   COMPRESSED   0x00000004   Data   RW         6729    .data               system_nrf52.o
    0x20002c80   COMPRESSED   0x00000014   Data   RW         4462    fs_data             fds.o
    0x20002c94   COMPRESSED   0x00000004   Data   RW         1622    log_dynamic_data    nrf_ble_gatt.o
    0x20002c98   COMPRESSED   0x00000004   Data   RW         2846    log_dynamic_data    ble_nus.o
    0x20002c9c   COMPRESSED   0x00000004   Data   RW         2925    log_dynamic_data    nrf_drv_clock.o
    0x20002ca0   COMPRESSED   0x00000004   Data   RW         3116    log_dynamic_data    nrfx_clock.o
    0x20002ca4   COMPRESSED   0x00000004   Data   RW         3274    log_dynamic_data    nrfx_gpiote.o
    0x20002ca8   COMPRESSED   0x00000004   Data   RW         3535    log_dynamic_data    nrfx_prs.o
    0x20002cac   COMPRESSED   0x00000004   Data   RW         3611    log_dynamic_data    nrfx_uart.o
    0x20002cb0   COMPRESSED   0x00000004   Data   RW         3794    log_dynamic_data    nrfx_uarte.o
    0x20002cb4   COMPRESSED   0x00000004   Data   RW         4464    log_dynamic_data    fds.o
    0x20002cb8   COMPRESSED   0x00000004   Data   RW         5172    log_dynamic_data    nrf_fstorage.o
    0x20002cbc   COMPRESSED   0x00000004   Data   RW         5264    log_dynamic_data    nrf_fstorage_sd.o
    0x20002cc0   COMPRESSED   0x00000004   Data   RW         5446    log_dynamic_data    nrf_pwr_mgmt.o
    0x20002cc4   COMPRESSED   0x00000008   Data   RW         5945    log_dynamic_data    nrf_log_frontend.o
    0x20002ccc   COMPRESSED   0x00000004   Data   RW         6529    log_dynamic_data    nrf_sdh.o
    0x20002cd0   COMPRESSED   0x00000004   Data   RW         6647    log_dynamic_data    nrf_sdh_ble.o
    0x20002cd4   COMPRESSED   0x00000004   Data   RW         6693    log_dynamic_data    nrf_sdh_soc.o
    0x20002cd8        -       0x000003cc   Zero   RW           19    .bss                main.o
    0x200030a4        -       0x00000020   Zero   RW          570    .bss                bsp.o
    0x200030c4        -       0x00000020   Zero   RW          571    .bss                bsp.o
    0x200030e4        -       0x0000000c   Zero   RW          572    .bss                bsp.o
    0x200030f0        -       0x00000020   Zero   RW          573    .bss                bsp.o
    0x20003110        -       0x00000050   Zero   RW          927    .bss                ble_conn_params.o
    0x20003160        -       0x00000078   Zero   RW         1012    .bss                ble_conn_state.o
    0x200031d8        -       0x00000100   Zero   RW         1445    .bss                id_manager.o
    0x200032d8        -       0x000000d0   Zero   RW         1924    .bss                peer_database.o
    0x200033a8        -       0x00000040   Zero   RW         2080    .bss                peer_id.o
    0x200033e8        -       0x0000000c   Zero   RW         2200    .bss                peer_manager.o
    0x200033f4        -       0x00000040   Zero   RW         2554    .bss                security_dispatcher.o
    0x20003434        -       0x00000014   Zero   RW         2918    .bss                nrf_drv_clock.o
    0x20003448        -       0x0000005c   Zero   RW         3267    .bss                nrfx_gpiote.o
    0x200034a4        -       0x0000002c   Zero   RW         3604    .bss                nrfx_uart.o
    0x200034d0        -       0x00000024   Zero   RW         3787    .bss                nrfx_uarte.o
    0x200034f4        -       0x00000020   Zero   RW         3924    .bss                app_button.o
    0x20003514        -       0x0000010c   Zero   RW         4163    .bss                app_timer.o
    0x20003620        -       0x0000000c   Zero   RW         4316    .bss                app_util_platform.o
    0x2000362c        -       0x000000e0   Zero   RW         4457    .bss                fds.o
    0x2000370c        -       0x000000a0   Zero   RW         5257    .bss                nrf_fstorage_sd.o
    0x200037ac        -       0x0000000c   Zero   RW         5440    .bss                nrf_pwr_mgmt.o
    0x200037b8        -       0x00000020   Zero   RW         5610    .bss                app_uart_fifo.o
    0x200037d8        -       0x00000040   Zero   RW         5763    .bss                nrf_log_backend_rtt.o
    0x20003818        -       0x000000c0   Zero   RW         5939    .bss                nrf_log_frontend.o
    0x200038d8        -       0x00000424   Zero   RW         5940    .bss                nrf_log_frontend.o
    0x20003cfc        -       0x00000288   Zero   RW         6181    .bss                segger_rtt.o
    0x20003f84   COMPRESSED   0x00000004   PAD
    0x20003f88        -       0x00002000   Zero   RW         6717    STACK               arm_startup_nrf52.o


==============================================================================

Image component sizes


      Code (inc. data)   RO Data    RW Data    ZI Data      Debug   Object Name

       440         36          8         32         32      12902   app_button.o
        22          0          0          0          0       2425   app_error.o
       124         40          0          0          0      30561   app_error_weak.o
       118          0          0          0          0       4350   app_fifo.o
         0          0          0          0          0      21962   app_scheduler.o
      1510        118          6         20        268      48147   app_timer.o
       524         60         32         28         32      21378   app_uart_fifo.o
       124         14          0          0         12       9418   app_util_platform.o
        36          8        512          0       8192        912   arm_startup_nrf52.o
      1314          0          0          0          0      37912   ble_advdata.o
      1116          6          0          0          0      12964   ble_advertising.o
       636         44          8          8         80       9091   ble_conn_params.o
       668         46          8          0        120      13029   ble_conn_state.o
        72          0          0          0          0       1612   ble_link_ctx_manager.o
       922          4         32          4          0       8700   ble_nus.o
         8          0          0          0          0       1426   ble_srv_common.o
       346         34          8          0          0      46817   boards.o
       918         82         44         16        108      13492   bsp.o
       226         10          8          8          0       4011   bsp_btn_ble.o
      3558        328         47         92        224      50006   fds.o
       940         94         80         12          0      19044   gatt_cache_manager.o
       462         32         24          6          0      10297   gatts_cache_manager.o
      1156         58          8          3        256      18529   id_manager.o
      1918        554         76         52        972     178909   main.o
       342          0          0          0          0       6590   nrf_atfifo.o
       170          0          0          0          0       4648   nrf_atflags.o
       332          0          0          0          0       9918   nrf_atomic.o
       164          0          0          0          0       3572   nrf_balloc.o
      1696        750        361          4          0      37180   nrf_ble_gatt.o
       276          0          0          0          0       4617   nrf_ble_qwr.o
       276         34         30          4         20      37546   nrf_drv_clock.o
       200         26          0         12          0      17516   nrf_drv_uart.o
        50          0          0          0          0       3477   nrf_fprintf.o
       850          4         16          0          0       5402   nrf_fprintf_format.o
      1020        432        194          4          0       8836   nrf_fstorage.o
       798         82         94         32        160      15913   nrf_fstorage_sd.o
       112         18         18          1         64       6197   nrf_log_backend_rtt.o
       194          0          0          0          0      10735   nrf_log_backend_serial.o
        28          6          0         12          0       3126   nrf_log_default_backends.o
      1668        122         64         24       1252      31641   nrf_log_frontend.o
       566        108        102         64          0       5700   nrf_log_str_formatter.o
       330          0          0          0          0       9475   nrf_memobj.o
       108         16         53         12         12      36431   nrf_pwr_mgmt.o
       660         60        104          7          0      43184   nrf_sdh.o
       756        224        539          5          0       5913   nrf_sdh_ble.o
        60          4         56          4          0       2528   nrf_sdh_soc.o
        78          0          0          0          0       2708   nrf_section_iter.o
        76         10       1319          0          0       2675   nrf_strerror.o
       222         28         14         12          0      41148   nrfx_clock.o
      1226         92         19          4         92      58270   nrfx_gpiote.o
        94         16         12         12          0       3761   nrfx_prs.o
      1362         36         17          4         44      30894   nrfx_uart.o
      1200         38         18          4         36      23545   nrfx_uarte.o
      1010         46         24         12          0      19028   peer_data_storage.o
      1200         60         16          3        208      24406   peer_database.o
       336         38          0          0         64       8907   peer_id.o
       880         62         24         16         12      14960   peer_manager.o
       242          0          0          0          0       4399   pm_buffer.o
       226          0          0          0          0       5265   pm_mutex.o
      1646         88         84          6         64      26794   security_dispatcher.o
      1054         70          4         21          0      48392   security_manager.o
       378         34          0          0        648       8849   segger_rtt.o
       796         70          0          4          0       2907   system_nrf52.o

    ----------------------------------------------------------------------
     39930       4142       4168        576      12976    1214947   Object Totals
         0          0         32          0          0          0   (incl. Generated)
        90          0         53         12          4          0   (incl. Padding)

    ----------------------------------------------------------------------

      Code (inc. data)   RO Data    RW Data    ZI Data      Debug   Library Member Name

        86          0          0          0          0          0   __dczerorl2.o
         8          4        133          0          0         68   ctype_o.o
         0          0          0          0          0          0   entry.o
         0          0          0          0          0          0   entry10a.o
         0          0          0          0          0          0   entry11a.o
         4          0          0          0          0          0   entry12b.o
         8          4          0          0          0          0   entry2.o
         4          0          0          0          0          0   entry5.o
         0          0          0          0          0          0   entry7b.o
         0          0          0          0          0          0   entry8b.o
         8          4          0          0          0          0   entry9a.o
        30          0          0          0          0          0   handlers.o
        36          8          0          0          0         68   init.o
        30          0          0          0          0         68   llshl.o
        32          0          0          0          0         68   llushr.o
        26          0          0          0          0         80   memcmp.o
        36          0          0          0          0         68   memcpya.o
        36          0          0          0          0        108   memseta.o
        18          0          0          0          0         68   strcpy.o
        14          0          0          0          0         68   strlen.o
        98          0          0          0          0         92   uldiv.o

    ----------------------------------------------------------------------
       478         20        136          0          0        756   Library Totals
         4          0          3          0          0          0   (incl. Padding)

    ----------------------------------------------------------------------

      Code (inc. data)   RO Data    RW Data    ZI Data      Debug   Library Name

       474         20        133          0          0        756   mc_w.l

    ----------------------------------------------------------------------
       478         20        136          0          0        756   Library Totals

    ----------------------------------------------------------------------

==============================================================================


      Code (inc. data)   RO Data    RW Data    ZI Data      Debug   

     40408       4162       4304        576      12976    1163027   Grand Totals
     40408       4162       4304        108      12976    1163027   ELF Image Totals (compressed)
     40408       4162       4304        108          0          0   ROM Totals

==============================================================================

    Total RO  Size (Code + RO Data)                44712 (  43.66kB)
    Total RW  Size (RW Data + ZI Data)             13552 (  13.23kB)
    Total ROM Size (Code + RO Data + RW Data)      44820 (  43.77kB)

==============================================================================

