<!doctype html public "-//w3c//dtd html 4.0 transitional//en">
<html><head>
<title>Static Call Graph - [.\Objects\simpleBlePeripheral.axf]</title></head>
<body><HR>
<H1>Static Call Graph for image .\Objects\simpleBlePeripheral.axf</H1><HR>
<BR><P>#&#060CALLGRAPH&#062# ARM Linker, 5060960: Last Updated: Mon Mar 27 19:57:07 2023
<BR><P>
<H3>Maximum Stack Usage =        788 bytes + Unknown(Untraceable Function Pointers)</H3><H3>
Call chain for Maximum Stack Depth:</H3>
osalInitTasks &rArr; SimpleBLEPeripheral_Init &rArr; GAPBondMgr_SetParameter &rArr; gapBondMgrEraseAllBondings &rArr; gapBondMgrEraseBonding &rArr; osal_snv_write &rArr; hal_fs_garbage_collect &rArr; fs_init &rArr; fs_search_items &rArr; fs_spif_read &rArr; hal_flash_read &rArr; spif_unlock &rArr; ll_patch_restore
<P>
<H3>
Function Pointers
</H3><UL>
 <LI><a href="#[5b]">ATT_BuildErrorRsp</a> from att_util.o(i.ATT_BuildErrorRsp) referenced from att_server.o(i.ATT_ErrorRsp)
 <LI><a href="#[5c]">ATT_BuildExchangeMTURsp</a> from att_util.o(i.ATT_BuildExchangeMTURsp) referenced from att_server.o(i.ATT_ExchangeMTURsp)
 <LI><a href="#[5d]">ATT_BuildFindByTypeValueRsp</a> from att_util.o(i.ATT_BuildFindByTypeValueRsp) referenced from att_server.o(i.ATT_FindByTypeValueRsp)
 <LI><a href="#[5e]">ATT_BuildFindInfoRsp</a> from att_util.o(i.ATT_BuildFindInfoRsp) referenced from att_server.o(i.ATT_FindInfoRsp)
 <LI><a href="#[5f]">ATT_BuildHandleValueInd</a> from att_util.o(i.ATT_BuildHandleValueInd) referenced from att_server.o(i.ATT_HandleValueInd)
 <LI><a href="#[5f]">ATT_BuildHandleValueInd</a> from att_util.o(i.ATT_BuildHandleValueInd) referenced from att_server.o(i.ATT_HandleValueNoti)
 <LI><a href="#[60]">ATT_BuildPrepareWriteRsp</a> from att_util.o(i.ATT_BuildPrepareWriteRsp) referenced from att_server.o(i.ATT_PrepareWriteRsp)
 <LI><a href="#[61]">ATT_BuildReadBlobRsp</a> from att_util.o(i.ATT_BuildReadBlobRsp) referenced from att_server.o(i.ATT_ReadBlobRsp)
 <LI><a href="#[62]">ATT_BuildReadByGrpTypeRsp</a> from att_util.o(i.ATT_BuildReadByGrpTypeRsp) referenced from att_server.o(i.ATT_ReadByGrpTypeRsp)
 <LI><a href="#[63]">ATT_BuildReadByTypeRsp</a> from att_util.o(i.ATT_BuildReadByTypeRsp) referenced from att_server.o(i.ATT_ReadByTypeRsp)
 <LI><a href="#[64]">ATT_BuildReadMultiRsp</a> from att_util.o(i.ATT_BuildReadMultiRsp) referenced from att_server.o(i.ATT_ReadMultiRsp)
 <LI><a href="#[65]">ATT_BuildReadRsp</a> from att_util.o(i.ATT_BuildReadRsp) referenced from att_server.o(i.ATT_ReadRsp)
 <LI><a href="#[86]">ATT_ParseExchangeMTUReq</a> from att_util.o(i.ATT_ParseExchangeMTUReq) referenced from gatt_server.o(.constdata)
 <LI><a href="#[97]">ATT_ParseExecuteWriteReq</a> from att_util.o(i.ATT_ParseExecuteWriteReq) referenced from gatt_server.o(.constdata)
 <LI><a href="#[8a]">ATT_ParseFindByTypeValueReq</a> from att_util.o(i.ATT_ParseFindByTypeValueReq) referenced from gatt_server.o(.constdata)
 <LI><a href="#[88]">ATT_ParseFindInfoReq</a> from att_util.o(i.ATT_ParseFindInfoReq) referenced from gatt_server.o(.constdata)
 <LI><a href="#[96]">ATT_ParsePrepareWriteReq</a> from att_util.o(i.ATT_ParsePrepareWriteReq) referenced from gatt_server.o(.constdata)
 <LI><a href="#[90]">ATT_ParseReadBlobReq</a> from att_util.o(i.ATT_ParseReadBlobReq) referenced from gatt_server.o(.constdata)
 <LI><a href="#[8c]">ATT_ParseReadByTypeReq</a> from att_util.o(i.ATT_ParseReadByTypeReq) referenced 2 times from gatt_server.o(.constdata)
 <LI><a href="#[91]">ATT_ParseReadMultiReq</a> from att_util.o(i.ATT_ParseReadMultiReq) referenced from gatt_server.o(.constdata)
 <LI><a href="#[8e]">ATT_ParseReadReq</a> from att_util.o(i.ATT_ParseReadReq) referenced from gatt_server.o(.constdata)
 <LI><a href="#[94]">ATT_ParseWriteReq</a> from att_util.o(i.ATT_ParseWriteReq) referenced from gatt_server.o(.constdata)
 <LI><a href="#[35]">DTM_UART_IRQHandler</a> from rf_phy_driver.o(i.DTM_UART_IRQHandler) referenced from rf_phy_driver.o(i.rf_phy_direct_test)
 <LI><a href="#[30]">GAPBondMgr_ProcessEvent</a> from gapbondmgr.o(i.GAPBondMgr_ProcessEvent) referenced from osal_simplebleperipheral.o(.constdata)
 <LI><a href="#[2f]">GAPRole_ProcessEvent</a> from peripheral.o(i.GAPRole_ProcessEvent) referenced from osal_simplebleperipheral.o(.constdata)
 <LI><a href="#[2d]">GAP_ProcessEvent</a> from gap_task.o(i.GAP_ProcessEvent) referenced from osal_simplebleperipheral.o(.constdata)
 <LI><a href="#[31]">GATTServApp_ProcessEvent</a> from gattservapp.o(i.GATTServApp_ProcessEvent) referenced from osal_simplebleperipheral.o(.constdata)
 <LI><a href="#[2e]">GATT_ProcessEvent</a> from gatt_task.o(i.GATT_ProcessEvent) referenced from osal_simplebleperipheral.o(.constdata)
 <LI><a href="#[29]">HCI_ProcessEvent</a> from bb_rom_sym_m0.txt(ABSOLUTE) referenced from osal_simplebleperipheral.o(.constdata)
 <LI><a href="#[d]">HardFault_Handler</a> from bb_rom_sym_m0.txt(ABSOLUTE) referenced from startup_armcm0.o(RESET)
 <LI><a href="#[11]">Interrupt0_Handler</a> from startup_armcm0.o(.text) referenced from startup_armcm0.o(RESET)
 <LI><a href="#[12]">Interrupt1_Handler</a> from startup_armcm0.o(.text) referenced from startup_armcm0.o(RESET)
 <LI><a href="#[13]">Interrupt2_Handler</a> from startup_armcm0.o(.text) referenced from startup_armcm0.o(RESET)
 <LI><a href="#[14]">Interrupt3_Handler</a> from startup_armcm0.o(.text) referenced from startup_armcm0.o(RESET)
 <LI><a href="#[15]">Interrupt4_Handler</a> from startup_armcm0.o(.text) referenced from startup_armcm0.o(RESET)
 <LI><a href="#[16]">Interrupt5_Handler</a> from startup_armcm0.o(.text) referenced from startup_armcm0.o(RESET)
 <LI><a href="#[17]">Interrupt6_Handler</a> from startup_armcm0.o(.text) referenced from startup_armcm0.o(RESET)
 <LI><a href="#[18]">Interrupt7_Handler</a> from startup_armcm0.o(.text) referenced from startup_armcm0.o(RESET)
 <LI><a href="#[19]">Interrupt8_Handler</a> from startup_armcm0.o(.text) referenced from startup_armcm0.o(RESET)
 <LI><a href="#[1a]">Interrupt9_Handler</a> from startup_armcm0.o(.text) referenced from startup_armcm0.o(RESET)
 <LI><a href="#[6c]">L2CAP_BuildCmdReject</a> from l2cap_util.o(i.L2CAP_BuildCmdReject) referenced from l2cap_if.o(i.L2CAP_CmdReject)
 <LI><a href="#[2b]">L2CAP_ProcessEvent</a> from l2cap_task.o(i.L2CAP_ProcessEvent) referenced from osal_simplebleperipheral.o(.constdata)
 <LI><a href="#[54]">LL_Disconnect1</a> from patch.o(_func_xip_code_.LL_Disconnect1) referenced from patch.o(_section_xip_code_)
 <LI><a href="#[48]">LL_ENC_AES128_Encrypt1</a> from patch.o(i.LL_ENC_AES128_Encrypt1) referenced from patch.o(_section_xip_code_)
 <LI><a href="#[4a]">LL_ENC_Decrypt1</a> from patch.o(_func_xip_code_.LL_ENC_Decrypt1) referenced from patch.o(_section_xip_code_)
 <LI><a href="#[49]">LL_ENC_Encrypt1</a> from patch.o(_func_xip_code_.LL_ENC_Encrypt1) referenced from patch.o(_section_xip_code_)
 <LI><a href="#[45]">LL_IRQHandler1</a> from patch.o(i.LL_IRQHandler1) referenced from patch.o(_section_xip_code_)
 <LI><a href="#[28]">LL_ProcessEvent</a> from bb_rom_sym_m0.txt(ABSOLUTE) referenced from osal_simplebleperipheral.o(.constdata)
 <LI><a href="#[59]">LL_Reset1</a> from patch.o(i.LL_Reset1) referenced from patch.o(_section_xip_code_)
 <LI><a href="#[3c]">LL_SetAdvControl1</a> from patch.o(_func_xip_code_.LL_SetAdvControl1) referenced from patch.o(_func_xip_code_.ll_patch_slave)
 <LI><a href="#[3b]">LL_SetAdvParam1</a> from patch.o(_func_xip_code_.LL_SetAdvParam1) referenced from patch.o(_func_xip_code_.ll_patch_slave)
 <LI><a href="#[50]">LL_SetDataLengh1</a> from patch.o(_func_xip_code_.LL_SetDataLengh1) referenced from patch.o(_section_xip_code_)
 <LI><a href="#[53]">LL_set_default_conn_params1</a> from patch.o(i.LL_set_default_conn_params1) referenced from patch.o(_section_xip_code_)
 <LI><a href="#[c]">NMI_Handler</a> from bb_rom_sym_m0.txt(ABSOLUTE) referenced from startup_armcm0.o(RESET)
 <LI><a href="#[f]">PendSV_Handler</a> from bb_rom_sym_m0.txt(ABSOLUTE) referenced from startup_armcm0.o(RESET)
 <LI><a href="#[b]">Reset_Handler</a> from startup_armcm0.o(.text) referenced from startup_armcm0.o(RESET)
 <LI><a href="#[2c]">SM_ProcessEvent</a> from sm_task.o(i.SM_ProcessEvent) referenced from osal_simplebleperipheral.o(.constdata)
 <LI><a href="#[e]">SVC_Handler</a> from startup_armcm0.o(.text) referenced from startup_armcm0.o(RESET)
 <LI><a href="#[32]">SimpleBLEPeripheral_ProcessEvent</a> from simplebleperipheral.o(i.SimpleBLEPeripheral_ProcessEvent) referenced from osal_simplebleperipheral.o(.constdata)
 <LI><a href="#[10]">SysTick_Handler</a> from startup_armcm0.o(.text) referenced from startup_armcm0.o(RESET)
 <LI><a href="#[1d]">SystemInit</a> from system_armcm0.o(i.SystemInit) referenced from startup_armcm0.o(.text)
 <LI><a href="#[33]">UserBase1_ProcessEvent</a> from usertask.o(i.UserBase1_ProcessEvent) referenced from osal_simplebleperipheral.o(.constdata)
 <LI><a href="#[34]">UserBase2_ProcessEvent</a> from usertask.o(i.UserBase2_ProcessEvent) referenced from osal_simplebleperipheral.o(.constdata)
 <LI><a href="#[1e]">__main</a> from entry.o(.ARM.Collect$$$$00000000) referenced from startup_armcm0.o(.text)
 <LI><a href="#[1c]">_hard_fault</a> from jump_table.o(i._hard_fault) referenced from jump_table.o(.emb_text)
 <LI><a href="#[21]">_sputc</a> from printf3.o(i._sputc) referenced from printf3.o(i.__0sprintf$3)
 <LI><a href="#[70]">_uart_putc</a> from my_printf.o(i._uart_putc) referenced from my_printf.o(i.dbg_printf)
 <LI><a href="#[4c]">config_RTC1</a> from patch.o(i.config_RTC1) referenced from patch.o(_section_xip_code_)
 <LI><a href="#[4b]">enterSleepProcess1</a> from patch.o(i.enterSleepProcess1) referenced from patch.o(_section_xip_code_)
 <LI><a href="#[66]">gapBondMgrSendServiceChange</a> from gapbondmgr.o(i.gapBondMgrSendServiceChange) referenced from gapbondmgr.o(i.GAPBondMgr_ServiceChangeInd)
 <LI><a href="#[5]">gapPeriProcessHCICmdCompleteEvt</a> from gap_peridevmgr.o(i.gapPeriProcessHCICmdCompleteEvt) referenced 2 times from gap_peridevmgr.o(.data)
 <LI><a href="#[6]">gapProcessAdvertisingEvt</a> from gap_peridevmgr.o(i.gapProcessAdvertisingEvt) referenced 2 times from gap_peridevmgr.o(.data)
 <LI><a href="#[7]">gapSetAdvParams</a> from gap_peridevmgr.o(i.gapSetAdvParams) referenced 2 times from gap_peridevmgr.o(.data)
 <LI><a href="#[87]">gattProcessExchangeMTUReq</a> from gatt_server.o(i.gattProcessExchangeMTUReq) referenced from gatt_server.o(.constdata)
 <LI><a href="#[98]">gattProcessExecuteWriteReq</a> from gatt_server.o(i.gattProcessExecuteWriteReq) referenced from gatt_server.o(.constdata)
 <LI><a href="#[8b]">gattProcessFindByTypeValueReq</a> from gatt_server.o(i.gattProcessFindByTypeValueReq) referenced from gatt_server.o(.constdata)
 <LI><a href="#[89]">gattProcessFindInfoReq</a> from gatt_server.o(i.gattProcessFindInfoReq) referenced from gatt_server.o(.constdata)
 <LI><a href="#[93]">gattProcessReadByGrpTypeReq</a> from gatt_server.o(i.gattProcessReadByGrpTypeReq) referenced from gatt_server.o(.constdata)
 <LI><a href="#[8d]">gattProcessReadByTypeReq</a> from gatt_server.o(i.gattProcessReadByTypeReq) referenced from gatt_server.o(.constdata)
 <LI><a href="#[92]">gattProcessReadMultiReq</a> from gatt_server.o(i.gattProcessReadMultiReq) referenced from gatt_server.o(.constdata)
 <LI><a href="#[8f]">gattProcessReadReq</a> from gatt_server.o(i.gattProcessReadReq) referenced 2 times from gatt_server.o(.constdata)
 <LI><a href="#[95]">gattProcessWriteReq</a> from gatt_server.o(i.gattProcessWriteReq) referenced 2 times from gatt_server.o(.constdata)
 <LI><a href="#[68]">gattServApp_HandleConnStatusCB</a> from gattservapp.o(i.gattServApp_HandleConnStatusCB) referenced from gattservapp.o(i.GATTServApp_Init)
 <LI><a href="#[81]">gattServApp_WriteAttrCB</a> from gattservapp.o(i.gattServApp_WriteAttrCB) referenced from gattservapp.o(.constdata)
 <LI><a href="#[6b]">gattServerHandleConnStatusCB</a> from gatt_server.o(i.gattServerHandleConnStatusCB) referenced from gatt_server.o(i.GATT_InitServer)
 <LI><a href="#[69]">gattServerHandleTimerCB</a> from gatt_server.o(i.gattServerHandleTimerCB) referenced from gatt_server.o(i.GATT_Indication)
 <LI><a href="#[6a]">gattServerProcessMsgCB</a> from gatt_server.o(i.gattServerProcessMsgCB) referenced from gatt_server.o(i.GATT_InitServer)
 <LI><a href="#[7f]">ggs_ReadAttrCB</a> from gapgattserver.o(i.ggs_ReadAttrCB) referenced from gapgattserver.o(.constdata)
 <LI><a href="#[80]">ggs_WriteAttrCB</a> from gapgattserver.o(i.ggs_WriteAttrCB) referenced from gapgattserver.o(.constdata)
 <LI><a href="#[26]">hal_UART0_IRQHandler</a> from uart.o(i.hal_UART0_IRQHandler) referenced from uart.o(i.uart_hw_init)
 <LI><a href="#[26]">hal_UART0_IRQHandler</a> from uart.o(i.hal_UART0_IRQHandler) referenced from jump_table.o(jump_table_mem_area)
 <LI><a href="#[25]">hal_UART1_IRQHandler</a> from uart.o(i.hal_UART1_IRQHandler) referenced from uart.o(i.uart_hw_init)
 <LI><a href="#[37]">hal_pwrmgr_sleep_process</a> from pwrmgr.o(i.hal_pwrmgr_sleep_process) referenced from jump_table.o(jump_table_mem_area)
 <LI><a href="#[38]">hal_pwrmgr_wakeup_process</a> from pwrmgr.o(i.hal_pwrmgr_wakeup_process) referenced from jump_table.o(jump_table_mem_area)
 <LI><a href="#[27]">hal_watchdog_init</a> from watchdog.o(_section_sram_code_) referenced from watchdog.o(i.watchdog_config)
 <LI><a href="#[72]">handleConnStatusCB</a> from ota_app_service.o(i.handleConnStatusCB) referenced from ota_app_service.o(i.ota_app_AddService)
 <LI><a href="#[3a]">hard_fault</a> from jump_table.o(.emb_text) referenced from jump_table.o(jump_table_mem_area)
 <LI><a href="#[22]">hw_spif_cache_config</a> from flash.o(i.hw_spif_cache_config) referenced from flash.o(i.hal_spif_cache_init)
 <LI><a href="#[6d]">l2capBuildParamUpdateReq</a> from l2cap_util.o(i.l2capBuildParamUpdateReq) referenced from l2cap_if.o(i.L2CAP_ConnParamUpdateReq)
 <LI><a href="#[71]">l2capHandleTimerCB</a> from l2cap_util.o(i.l2capHandleTimerCB) referenced from l2cap_util.o(i.l2capSendReq)
 <LI><a href="#[4f]">l2capPocessFragmentTxData</a> from l2cap_util.o(_section_sram_code_) referenced from patch.o(_section_xip_code_)
 <LI><a href="#[41]">llConnTerminate1</a> from patch.o(_func_xip_code_.llConnTerminate1) referenced from patch.o(_func_xip_code_.ll_patch_slave)
 <LI><a href="#[40]">llProcessSlaveControlPacket1</a> from patch.o(i.llProcessSlaveControlPacket1) referenced from patch.o(_func_xip_code_.ll_patch_slave)
 <LI><a href="#[42]">llProcessSlaveControlProcedures1</a> from patch.o(_func_xip_code_.llProcessSlaveControlProcedures1) referenced from patch.o(_func_xip_code_.ll_patch_slave)
 <LI><a href="#[51]">llProcessTxData1</a> from patch.o(i.llProcessTxData1) referenced from patch.o(_section_xip_code_)
 <LI><a href="#[5a]">llReleaseConnId1</a> from patch.o(i.llReleaseConnId1) referenced from patch.o(_section_xip_code_)
 <LI><a href="#[3f]">llSetupNextSlaveEvent1</a> from patch.o(i.llSetupNextSlaveEvent1) referenced from patch.o(_func_xip_code_.ll_patch_slave)
 <LI><a href="#[56]">llSlaveEvt_TaskEndOk1</a> from patch.o(i.llSlaveEvt_TaskEndOk1) referenced from patch.o(_section_xip_code_)
 <LI><a href="#[58]">llWriteTxData1</a> from patch.o(i.llWriteTxData1) referenced from patch.o(_section_xip_code_)
 <LI><a href="#[43]">ll_adptive_adj_next_time1</a> from patch.o(i.ll_adptive_adj_next_time1) referenced from patch.o(_func_xip_code_.ll_patch_slave)
 <LI><a href="#[52]">ll_generateTxBuffer1</a> from patch.o(i.ll_generateTxBuffer1) referenced from patch.o(_section_xip_code_)
 <LI><a href="#[44]">ll_hw_go1</a> from patch.o(i.ll_hw_go1) referenced from patch.o(_section_xip_code_)
 <LI><a href="#[57]">ll_hw_read_tfifo_rtlp1</a> from patch.o(i.ll_hw_read_tfifo_rtlp1) referenced from patch.o(_section_xip_code_)
 <LI><a href="#[3e]">ll_scheduler_singleconn</a> from patch.o(i.ll_scheduler_singleconn) referenced from patch.o(_func_xip_code_.ll_patch_slave)
 <LI><a href="#[1b]">main</a> from main.o(i.main) referenced from entry9a.o(.ARM.Collect$$$$0000000B)
 <LI><a href="#[3d]">move_to_slave_function1</a> from patch.o(i.move_to_slave_function1) referenced from patch.o(_func_xip_code_.ll_patch_slave)
 <LI><a href="#[36]">osalInitTasks</a> from osal_simplebleperipheral.o(i.osalInitTasks) referenced from jump_table.o(jump_table_mem_area)
 <LI><a href="#[2a]">osal_CbTimerProcessEvent</a> from bb_rom_sym_m0.txt(ABSOLUTE) referenced from osal_simplebleperipheral.o(.constdata)
 <LI><a href="#[55]">osal_idle_task0</a> from patch.o(i.osal_idle_task0) referenced from patch.o(_section_xip_code_)
 <LI><a href="#[82]">ota_ReadAttrCB</a> from ota_app_service.o(i.ota_ReadAttrCB) referenced from ota_app_service.o(.constdata)
 <LI><a href="#[83]">ota_WriteAttrCB</a> from ota_app_service.o(i.ota_WriteAttrCB) referenced from ota_app_service.o(.constdata)
 <LI><a href="#[1]">peripheralStateNotificationCB</a> from simplebleperipheral.o(i.peripheralStateNotificationCB) referenced 2 times from simplebleperipheral.o(.data)
 <LI><a href="#[2]">peripheralStateReadRssiCB</a> from simplebleperipheral.o(i.peripheralStateReadRssiCB) referenced 2 times from simplebleperipheral.o(.data)
 <LI><a href="#[46]">rf_calibrate1</a> from rf_phy_driver.o(i.rf_calibrate1) referenced from patch.o(_section_xip_code_)
 <LI><a href="#[47]">rf_phy_change_cfg0</a> from rf_phy_driver.o(i.rf_phy_change_cfg0) referenced from patch.o(_section_xip_code_)
 <LI><a href="#[39]">rf_phy_ini</a> from rf_phy_driver.o(i.rf_phy_ini) referenced from jump_table.o(jump_table_mem_area)
 <LI><a href="#[4]">simpleBLEPeripheralPairStateCB</a> from simplebleperipheral.o(i.simpleBLEPeripheralPairStateCB) referenced 2 times from simplebleperipheral.o(.data)
 <LI><a href="#[3]">simpleBLEPeripheralPasscodeCB</a> from simplebleperipheral.o(i.simpleBLEPeripheralPasscodeCB) referenced 2 times from simplebleperipheral.o(.data)
 <LI><a href="#[0]">simpleProfileChangeCB</a> from simplebleperipheral.o(i.simpleProfileChangeCB) referenced 2 times from simplebleperipheral.o(.data)
 <LI><a href="#[6f]">simpleProfile_HandleConnStatusCB</a> from sbpprofile_ota.o(i.simpleProfile_HandleConnStatusCB) referenced from sbpprofile_ota.o(i.SimpleProfile_AddService)
 <LI><a href="#[84]">simpleProfile_ReadAttrCB</a> from sbpprofile_ota.o(i.simpleProfile_ReadAttrCB) referenced from sbpprofile_ota.o(.constdata)
 <LI><a href="#[85]">simpleProfile_WriteAttrCB</a> from sbpprofile_ota.o(i.simpleProfile_WriteAttrCB) referenced from sbpprofile_ota.o(.constdata)
 <LI><a href="#[6e]">smLinkCheck</a> from sm_pairing.o(i.smLinkCheck) referenced from sm_task.o(i.SM_Init)
 <LI><a href="#[a]">smResponderProcessLTKReq</a> from sm_rsppairing.o(i.smResponderProcessLTKReq) referenced 2 times from sm_rsppairing.o(.data)
 <LI><a href="#[9]">smResponderSendNextKeyInfo</a> from sm_rsppairing.o(i.smResponderSendNextKeyInfo) referenced 2 times from sm_rsppairing.o(.data)
 <LI><a href="#[7c]">smState_timerCB</a> from sm_task.o(i.smState_timerCB) referenced from sm_rsppairing.o(i.smResponderSendNextKeyInfo)
 <LI><a href="#[7e]">smTo_timerCB</a> from sm_task.o(i.smTo_timerCB) referenced from sm_mgr.o(i.smStartRspTimer)
 <LI><a href="#[77]">smpBuildEncInfo</a> from smp.o(i.smpBuildEncInfo) referenced from sm_pairing.o(i.smPairingSendEncInfo)
 <LI><a href="#[78]">smpBuildIdentityAddrInfo</a> from smp.o(i.smpBuildIdentityAddrInfo) referenced from sm_pairing.o(i.smPairingSendIdentityAddrInfo)
 <LI><a href="#[79]">smpBuildIdentityInfo</a> from smp.o(i.smpBuildIdentityInfo) referenced from sm_pairing.o(i.smPairingSendIdentityInfo)
 <LI><a href="#[7a]">smpBuildMasterID</a> from smp.o(i.smpBuildMasterID) referenced from sm_pairing.o(i.smPairingSendMasterID)
 <LI><a href="#[73]">smpBuildPairingConfirm</a> from smp.o(i.smpBuildPairingConfirm) referenced from sm_pairing.o(i.smGenerateConfirm)
 <LI><a href="#[7d]">smpBuildPairingFailed</a> from smp.o(i.smpBuildPairingFailed) referenced from sm_pairing.o(i.smSendFailAndEnd)
 <LI><a href="#[76]">smpBuildPairingRandom</a> from smp.o(i.smpBuildPairingRandom) referenced from sm_pairing.o(i.smGenerateRandMsg)
 <LI><a href="#[74]">smpBuildPairingReq</a> from smp.o(i.smpBuildPairingReq) referenced from sm_pairing.o(i.smGeneratePairingReqRsp)
 <LI><a href="#[75]">smpBuildPairingRsp</a> from smp.o(i.smpBuildPairingRsp) referenced from sm_pairing.o(i.smGeneratePairingReqRsp)
 <LI><a href="#[67]">smpBuildSecurityReq</a> from smp.o(i.smpBuildSecurityReq) referenced from gap_perilinkmgr.o(i.GAP_SendSlaveSecurityRequest)
 <LI><a href="#[7b]">smpBuildSigningInfo</a> from smp.o(i.smpBuildSigningInfo) referenced from sm_pairing.o(i.smPairingSendSingingInfo)
 <LI><a href="#[8]">smpResponderProcessIncoming</a> from sm_rsppairing.o(i.smpResponderProcessIncoming) referenced 2 times from sm_rsppairing.o(.data)
 <LI><a href="#[24]">uart_wakeup_process_0</a> from uart.o(i.uart_wakeup_process_0) referenced from uart.o(i.hal_uart_init)
 <LI><a href="#[23]">uart_wakeup_process_1</a> from uart.o(i.uart_wakeup_process_1) referenced from uart.o(i.hal_uart_init)
 <LI><a href="#[20]">vGeneralFlashRead</a> from param.o(i.vGeneralFlashRead) referenced from usertask.o(i.UserBase1_ProcessEvent)
 <LI><a href="#[1f]">vGeneralFlashWrite</a> from param.o(i.vGeneralFlashWrite) referenced from usertask.o(i.UserBase1_ProcessEvent)
 <LI><a href="#[4e]">wakeupProcess1</a> from patch.o(i.wakeupProcess1) referenced from patch.o(_section_xip_code_)
 <LI><a href="#[4d]">wakeup_init1</a> from patch.o(i.wakeup_init1) referenced from patch.o(_section_xip_code_)
</UL>
<P>
<H3>
Global Symbols
</H3>
<P><STRONG><a name="[d7]"></a>__aeabi_uidivmod</STRONG> (Thumb, 0 bytes, Stack size 0 bytes, bb_rom_sym_m0.txt(ABSOLUTE))
<BR><BR>[Called By]<UL><LI><a href="#[d6]">&gt;&gt;</a>&nbsp;&nbsp;&nbsp;WaitMs (via Veneer)
<LI><a href="#[12b]">&gt;&gt;</a>&nbsp;&nbsp;&nbsp;uart_hw_init (via Veneer)
<LI><a href="#[1e6]">&gt;&gt;</a>&nbsp;&nbsp;&nbsp;gapBondMgrAddBond (via Veneer)
<LI><a href="#[114]">&gt;&gt;</a>&nbsp;&nbsp;&nbsp;hal_fs_item_del (via Veneer)
<LI><a href="#[106]">&gt;&gt;</a>&nbsp;&nbsp;&nbsp;fs_search_items (via Veneer)
<LI><a href="#[117]">&gt;&gt;</a>&nbsp;&nbsp;&nbsp;hal_fs_item_write (via Veneer)
<LI><a href="#[110]">&gt;&gt;</a>&nbsp;&nbsp;&nbsp;hal_fs_garbage_collect (via Veneer)
<LI><a href="#[2da]">&gt;&gt;</a>&nbsp;&nbsp;&nbsp;number (via Veneer)
<LI><a href="#[2b9]">&gt;&gt;</a>&nbsp;&nbsp;&nbsp;gattServApp_ProcessReadByTypeReq (via Veneer)
<LI><a href="#[2bb]">&gt;&gt;</a>&nbsp;&nbsp;&nbsp;gattServApp_ProcessReadByGrpTypeReq (via Veneer)
<LI><a href="#[1dd]">&gt;&gt;</a>&nbsp;&nbsp;&nbsp;GAPBondMgr_PasscodeRsp (via Veneer)
<LI><a href="#[e3]">&gt;&gt;</a>&nbsp;&nbsp;&nbsp;_param_adler32 (via Veneer)
<LI><a href="#[0]">&gt;&gt;</a>&nbsp;&nbsp;&nbsp;simpleProfileChangeCB (via Veneer)
<LI><a href="#[4e]">&gt;&gt;</a>&nbsp;&nbsp;&nbsp;wakeupProcess1 (via Veneer)
<LI><a href="#[43]">&gt;&gt;</a>&nbsp;&nbsp;&nbsp;ll_adptive_adj_next_time1 (via Veneer)
<LI><a href="#[2c8]">&gt;&gt;</a>&nbsp;&nbsp;&nbsp;l2capPktToSegmentBuff (via Veneer)
<LI><a href="#[da]">&gt;&gt;</a>&nbsp;&nbsp;&nbsp;_printf_core (via Veneer)
</UL>

<P><STRONG><a name="[105]"></a>__aeabi_idivmod</STRONG> (Thumb, 0 bytes, Stack size 0 bytes, bb_rom_sym_m0.txt(ABSOLUTE))
<BR><BR>[Called By]<UL><LI><a href="#[101]">&gt;&gt;</a>&nbsp;&nbsp;&nbsp;fs_init (via Veneer)
<LI><a href="#[112]">&gt;&gt;</a>&nbsp;&nbsp;&nbsp;hal_fs_get_free_size (via Veneer)
<LI><a href="#[181]">&gt;&gt;</a>&nbsp;&nbsp;&nbsp;rf_phy_dtm_trigged (via Veneer)
</UL>

<P><STRONG><a name="[13d]"></a>__aeabi_memcpy</STRONG> (Thumb, 0 bytes, Stack size 0 bytes, bb_rom_sym_m0.txt(ABSOLUTE))
<BR><BR>[Called By]<UL><LI><a href="#[12d]">&gt;&gt;</a>&nbsp;&nbsp;&nbsp;txmit_buf_use_tx_buf (via Veneer)
<LI><a href="#[253]">&gt;&gt;</a>&nbsp;&nbsp;&nbsp;GGS_SetParameter (via Veneer)
<LI><a href="#[58]">&gt;&gt;</a>&nbsp;&nbsp;&nbsp;llWriteTxData1 (via Veneer)
</UL>

<P><STRONG><a name="[ce]"></a>__aeabi_memcpy4</STRONG> (Thumb, 0 bytes, Stack size 0 bytes, bb_rom_sym_m0.txt(ABSOLUTE))
<BR><BR>[Called By]<UL><LI><a href="#[119]">&gt;&gt;</a>&nbsp;&nbsp;&nbsp;hal_low_power_io_init (via Veneer)
<LI><a href="#[286]">&gt;&gt;</a>&nbsp;&nbsp;&nbsp;bdAddr2Str (via Veneer)
<LI><a href="#[33]">&gt;&gt;</a>&nbsp;&nbsp;&nbsp;UserBase1_ProcessEvent (via Veneer)
</UL>

<P><STRONG><a name="[cf]"></a>__aeabi_memclr4</STRONG> (Thumb, 0 bytes, Stack size 0 bytes, bb_rom_sym_m0.txt(ABSOLUTE))
<BR><BR>[Called By]<UL><LI><a href="#[12a]">&gt;&gt;</a>&nbsp;&nbsp;&nbsp;hal_uart_init (via Veneer)
<LI><a href="#[11e]">&gt;&gt;</a>&nbsp;&nbsp;&nbsp;hal_pwrmgr_init (via Veneer)
<LI><a href="#[152]">&gt;&gt;</a>&nbsp;&nbsp;&nbsp;hal_gpio_init (via Veneer)
<LI><a href="#[f4]">&gt;&gt;</a>&nbsp;&nbsp;&nbsp;LL_InitConnectContext (via Veneer)
<LI><a href="#[33]">&gt;&gt;</a>&nbsp;&nbsp;&nbsp;UserBase1_ProcessEvent (via Veneer)
</UL>

<P><STRONG><a name="[2e2]"></a>strlen</STRONG> (Thumb, 0 bytes, Stack size 0 bytes, bb_rom_sym_m0.txt(ABSOLUTE))
<BR><BR>[Called By]<UL><LI><a href="#[2db]">&gt;&gt;</a>&nbsp;&nbsp;&nbsp;process_cmd (via Veneer)
</UL>

<P><STRONG><a name="[18b]"></a>__aeabi_uread4</STRONG> (Thumb, 0 bytes, Stack size 0 bytes, bb_rom_sym_m0.txt(ABSOLUTE))
<BR><BR>[Called By]<UL><LI><a href="#[49]">&gt;&gt;</a>&nbsp;&nbsp;&nbsp;LL_ENC_Encrypt1 (via Veneer)
<LI><a href="#[4a]">&gt;&gt;</a>&nbsp;&nbsp;&nbsp;LL_ENC_Decrypt1 (via Veneer)
<LI><a href="#[17e]">&gt;&gt;</a>&nbsp;&nbsp;&nbsp;rf_phy_dtm_reg_process (via Veneer)
</UL>

<P><STRONG><a name="[193]"></a>HCI_CommandCompleteEvent</STRONG> (Thumb, 0 bytes, Stack size 0 bytes, bb_rom_sym_m0.txt(ABSOLUTE))
<BR><BR>[Called By]<UL><LI><a href="#[196]">&gt;&gt;</a>&nbsp;&nbsp;&nbsp;HCI_LE_SetRandomAddressCmd (via Veneer)
<LI><a href="#[194]">&gt;&gt;</a>&nbsp;&nbsp;&nbsp;HCI_LE_LtkReqReplyCmd (via Veneer)
<LI><a href="#[191]">&gt;&gt;</a>&nbsp;&nbsp;&nbsp;HCI_LE_LtkReqNegReplyCmd (via Veneer)
</UL>

<P><STRONG><a name="[228]"></a>HCI_DisconnectCmd</STRONG> (Thumb, 0 bytes, Stack size 0 bytes, bb_rom_sym_m0.txt(ABSOLUTE))
<BR><BR>[Called By]<UL><LI><a href="#[207]">&gt;&gt;</a>&nbsp;&nbsp;&nbsp;GAP_TerminateLinkReq (via Veneer)
<LI><a href="#[227]">&gt;&gt;</a>&nbsp;&nbsp;&nbsp;disconnectNext (via Veneer)
</UL>

<P><STRONG><a name="[213]"></a>HCI_GAPTaskRegister</STRONG> (Thumb, 0 bytes, Stack size 0 bytes, bb_rom_sym_m0.txt(ABSOLUTE))
<BR><BR>[Called By]<UL><LI><a href="#[15b]">&gt;&gt;</a>&nbsp;&nbsp;&nbsp;GAP_Init (via Veneer)
</UL>

<P><STRONG><a name="[25b]"></a>HCI_HostNumCompletedPktCmd</STRONG> (Thumb, 0 bytes, Stack size 0 bytes, bb_rom_sym_m0.txt(ABSOLUTE))
<BR><BR>[Called By]<UL><LI><a href="#[246]">&gt;&gt;</a>&nbsp;&nbsp;&nbsp;L2CAP_HostNumCompletedPkts (via Veneer)
</UL>

<P><STRONG><a name="[157]"></a>HCI_Init</STRONG> (Thumb, 0 bytes, Stack size 0 bytes, bb_rom_sym_m0.txt(ABSOLUTE))
<BR><BR>[Called By]<UL><LI><a href="#[36]">&gt;&gt;</a>&nbsp;&nbsp;&nbsp;osalInitTasks (via Veneer)
</UL>

<P><STRONG><a name="[25c]"></a>HCI_L2CAPTaskRegister</STRONG> (Thumb, 0 bytes, Stack size 0 bytes, bb_rom_sym_m0.txt(ABSOLUTE))
<BR><BR>[Called By]<UL><LI><a href="#[159]">&gt;&gt;</a>&nbsp;&nbsp;&nbsp;L2CAP_Init (via Veneer)
</UL>

<P><STRONG><a name="[292]"></a>HCI_LE_AddWhiteListCmd</STRONG> (Thumb, 0 bytes, Stack size 0 bytes, bb_rom_sym_m0.txt(ABSOLUTE))
<BR><BR>[Called By]<UL><LI><a href="#[28c]">&gt;&gt;</a>&nbsp;&nbsp;&nbsp;gapBondMgr_SyncWhiteList (via Veneer)
</UL>

<P><STRONG><a name="[291]"></a>HCI_LE_ClearWhiteListCmd</STRONG> (Thumb, 0 bytes, Stack size 0 bytes, bb_rom_sym_m0.txt(ABSOLUTE))
<BR><BR>[Called By]<UL><LI><a href="#[28c]">&gt;&gt;</a>&nbsp;&nbsp;&nbsp;gapBondMgr_SyncWhiteList (via Veneer)
</UL>

<P><STRONG><a name="[306]"></a>HCI_LE_RandCmd</STRONG> (Thumb, 0 bytes, Stack size 0 bytes, bb_rom_sym_m0.txt(ABSOLUTE))
<BR><BR>[Called By]<UL><LI><a href="#[305]">&gt;&gt;</a>&nbsp;&nbsp;&nbsp;smProcessRandComplete (via Veneer)
</UL>

<P><STRONG><a name="[2ab]"></a>HCI_LE_ReadBufSizeCmd</STRONG> (Thumb, 0 bytes, Stack size 0 bytes, bb_rom_sym_m0.txt(ABSOLUTE))
<BR><BR>[Called By]<UL><LI><a href="#[2a8]">&gt;&gt;</a>&nbsp;&nbsp;&nbsp;gapReadBD_ADDRStatus (via Veneer)
</UL>

<P><STRONG><a name="[27f]"></a>HCI_LE_ReadResolvingListSizeCmd</STRONG> (Thumb, 0 bytes, Stack size 0 bytes, bb_rom_sym_m0.txt(ABSOLUTE))
<BR><BR>[Called By]<UL><LI><a href="#[32]">&gt;&gt;</a>&nbsp;&nbsp;&nbsp;SimpleBLEPeripheral_ProcessEvent (via Veneer)
</UL>

<P><STRONG><a name="[229]"></a>HCI_LE_SetAdvDataCmd</STRONG> (Thumb, 0 bytes, Stack size 0 bytes, bb_rom_sym_m0.txt(ABSOLUTE))
<BR><BR>[Called By]<UL><LI><a href="#[203]">&gt;&gt;</a>&nbsp;&nbsp;&nbsp;GAP_UpdateAdvertisingData (via Veneer)
</UL>

<P><STRONG><a name="[212]"></a>HCI_LE_SetAdvEnableCmd</STRONG> (Thumb, 0 bytes, Stack size 0 bytes, bb_rom_sym_m0.txt(ABSOLUTE))
<BR><BR>[Called By]<UL><LI><a href="#[202]">&gt;&gt;</a>&nbsp;&nbsp;&nbsp;GAP_EndDiscoverable (via Veneer)
<LI><a href="#[299]">&gt;&gt;</a>&nbsp;&nbsp;&nbsp;gapSetAdvParamsStatus (via Veneer)
</UL>

<P><STRONG><a name="[2b1]"></a>HCI_LE_SetAdvParamCmd</STRONG> (Thumb, 0 bytes, Stack size 0 bytes, bb_rom_sym_m0.txt(ABSOLUTE))
<BR><BR>[Called By]<UL><LI><a href="#[7]">&gt;&gt;</a>&nbsp;&nbsp;&nbsp;gapSetAdvParams (via Veneer)
</UL>

<P><STRONG><a name="[2e7]"></a>HCI_LE_SetDataLengthCmd</STRONG> (Thumb, 0 bytes, Stack size 0 bytes, bb_rom_sym_m0.txt(ABSOLUTE))
<BR><BR>[Called By]<UL><LI><a href="#[0]">&gt;&gt;</a>&nbsp;&nbsp;&nbsp;simpleProfileChangeCB (via Veneer)
</UL>

<P><STRONG><a name="[2e8]"></a>HCI_LE_SetDefaultPhyMode</STRONG> (Thumb, 0 bytes, Stack size 0 bytes, bb_rom_sym_m0.txt(ABSOLUTE))
<BR><BR>[Called By]<UL><LI><a href="#[0]">&gt;&gt;</a>&nbsp;&nbsp;&nbsp;simpleProfileChangeCB (via Veneer)
</UL>

<P><STRONG><a name="[2e9]"></a>HCI_LE_SetPhyMode</STRONG> (Thumb, 0 bytes, Stack size 0 bytes, bb_rom_sym_m0.txt(ABSOLUTE))
<BR><BR>[Called By]<UL><LI><a href="#[0]">&gt;&gt;</a>&nbsp;&nbsp;&nbsp;simpleProfileChangeCB (via Veneer)
</UL>

<P><STRONG><a name="[22a]"></a>HCI_LE_SetScanRspDataCmd</STRONG> (Thumb, 0 bytes, Stack size 0 bytes, bb_rom_sym_m0.txt(ABSOLUTE))
<BR><BR>[Called By]<UL><LI><a href="#[203]">&gt;&gt;</a>&nbsp;&nbsp;&nbsp;GAP_UpdateAdvertisingData (via Veneer)
</UL>

<P><STRONG><a name="[2de]"></a>HCI_PPLUS_ConnEventDoneNoticeCmd</STRONG> (Thumb, 0 bytes, Stack size 0 bytes, bb_rom_sym_m0.txt(ABSOLUTE))
<BR><BR>[Called By]<UL><LI><a href="#[0]">&gt;&gt;</a>&nbsp;&nbsp;&nbsp;simpleProfileChangeCB (via Veneer)
<LI><a href="#[1]">&gt;&gt;</a>&nbsp;&nbsp;&nbsp;peripheralStateNotificationCB (via Veneer)
</UL>

<P><STRONG><a name="[29]"></a>HCI_ProcessEvent</STRONG> (Thumb, 0 bytes, Stack size 0 bytes, bb_rom_sym_m0.txt(ABSOLUTE), UNUSED)
<BR>[Address Reference Count : 1]<UL><LI> osal_simplebleperipheral.o(.constdata)
</UL>
<P><STRONG><a name="[217]"></a>HCI_ReadBDADDRCmd</STRONG> (Thumb, 0 bytes, Stack size 0 bytes, bb_rom_sym_m0.txt(ABSOLUTE))
<BR><BR>[Called By]<UL><LI><a href="#[20e]">&gt;&gt;</a>&nbsp;&nbsp;&nbsp;GAP_ParamsInit (via Veneer)
</UL>

<P><STRONG><a name="[1fd]"></a>HCI_ReadRssiCmd</STRONG> (Thumb, 0 bytes, Stack size 0 bytes, bb_rom_sym_m0.txt(ABSOLUTE))
<BR><BR>[Called By]<UL><LI><a href="#[2f]">&gt;&gt;</a>&nbsp;&nbsp;&nbsp;GAPRole_ProcessEvent (via Veneer)
</UL>

<P><STRONG><a name="[26f]"></a>HCI_SMPTaskRegister</STRONG> (Thumb, 0 bytes, Stack size 0 bytes, bb_rom_sym_m0.txt(ABSOLUTE))
<BR><BR>[Called By]<UL><LI><a href="#[15a]">&gt;&gt;</a>&nbsp;&nbsp;&nbsp;SM_Init (via Veneer)
</UL>

<P><STRONG><a name="[ae]"></a>HCI_SendDataPkt</STRONG> (Thumb, 0 bytes, Stack size 0 bytes, bb_rom_sym_m0.txt(ABSOLUTE))
<BR><BR>[Called By]<UL><LI><a href="#[ad]">&gt;&gt;</a>&nbsp;&nbsp;&nbsp;L2CAP_Fragment_SendDataPkt (via Veneer)
</UL>

<P><STRONG><a name="[267]"></a>HCI_bm_alloc</STRONG> (Thumb, 0 bytes, Stack size 0 bytes, bb_rom_sym_m0.txt(ABSOLUTE))
<BR><BR>[Called By]<UL><LI><a href="#[266]">&gt;&gt;</a>&nbsp;&nbsp;&nbsp;L2CAP_bm_alloc (via Veneer)
</UL>

<P><STRONG><a name="[d]"></a>HardFault_Handler</STRONG> (Thumb, 0 bytes, Stack size 0 bytes, bb_rom_sym_m0.txt(ABSOLUTE), UNUSED)
<BR>[Address Reference Count : 1]<UL><LI> startup_armcm0.o(RESET)
</UL>
<P><STRONG><a name="[19b]"></a>LL_ConnActive</STRONG> (Thumb, 0 bytes, Stack size 0 bytes, bb_rom_sym_m0.txt(ABSOLUTE))
<BR><BR>[Called By]<UL><LI><a href="#[195]">&gt;&gt;</a>&nbsp;&nbsp;&nbsp;LL_EncLtkReply (via Veneer)
<LI><a href="#[192]">&gt;&gt;</a>&nbsp;&nbsp;&nbsp;LL_EncLtkNegReply (via Veneer)
</UL>

<P><STRONG><a name="[2dd]"></a>LL_Disconnect</STRONG> (Thumb, 0 bytes, Stack size 0 bytes, bb_rom_sym_m0.txt(ABSOLUTE))
<BR><BR>[Called By]<UL><LI><a href="#[2dc]">&gt;&gt;</a>&nbsp;&nbsp;&nbsp;ota_disconnect_link (via Veneer)
</UL>

<P><STRONG><a name="[198]"></a>LL_Disconnect0</STRONG> (Thumb, 0 bytes, Stack size 0 bytes, bb_rom_sym_m0.txt(ABSOLUTE))
<BR><BR>[Called By]<UL><LI><a href="#[54]">&gt;&gt;</a>&nbsp;&nbsp;&nbsp;LL_Disconnect1 (via Veneer)
</UL>

<P><STRONG><a name="[1a9]"></a>LL_ENC_AES128_Encrypt</STRONG> (Thumb, 0 bytes, Stack size 0 bytes, bb_rom_sym_m0.txt(ABSOLUTE))
<BR><BR>[Called By]<UL><LI><a href="#[2db]">&gt;&gt;</a>&nbsp;&nbsp;&nbsp;process_cmd (via Veneer)
<LI><a href="#[42]">&gt;&gt;</a>&nbsp;&nbsp;&nbsp;llProcessSlaveControlProcedures1 (via Veneer)
</UL>

<P><STRONG><a name="[b0]"></a>LL_ENC_AES128_Encrypt0</STRONG> (Thumb, 0 bytes, Stack size 0 bytes, bb_rom_sym_m0.txt(ABSOLUTE))
<BR><BR>[Called By]<UL><LI><a href="#[48]">&gt;&gt;</a>&nbsp;&nbsp;&nbsp;LL_ENC_AES128_Encrypt1 (via Veneer)
<LI><a href="#[df]">&gt;&gt;</a>&nbsp;&nbsp;&nbsp;finidv (via Veneer)
</UL>

<P><STRONG><a name="[138]"></a>LL_ENC_Encrypt</STRONG> (Thumb, 0 bytes, Stack size 0 bytes, bb_rom_sym_m0.txt(ABSOLUTE))
<BR><BR>[Called By]<UL><LI><a href="#[58]">&gt;&gt;</a>&nbsp;&nbsp;&nbsp;llWriteTxData1 (via Veneer)
<LI><a href="#[137]">&gt;&gt;</a>&nbsp;&nbsp;&nbsp;llSetupStartEncRsp (via Veneer)
</UL>

<P><STRONG><a name="[19a]"></a>LL_ENC_GenerateNonce</STRONG> (Thumb, 0 bytes, Stack size 0 bytes, bb_rom_sym_m0.txt(ABSOLUTE))
<BR><BR>[Called By]<UL><LI><a href="#[49]">&gt;&gt;</a>&nbsp;&nbsp;&nbsp;LL_ENC_Encrypt1 (via Veneer)
<LI><a href="#[4a]">&gt;&gt;</a>&nbsp;&nbsp;&nbsp;LL_ENC_Decrypt1 (via Veneer)
</UL>

<P><STRONG><a name="[199]"></a>LL_ENC_LoadKey</STRONG> (Thumb, 0 bytes, Stack size 0 bytes, bb_rom_sym_m0.txt(ABSOLUTE))
<BR><BR>[Called By]<UL><LI><a href="#[49]">&gt;&gt;</a>&nbsp;&nbsp;&nbsp;LL_ENC_Encrypt1 (via Veneer)
<LI><a href="#[4a]">&gt;&gt;</a>&nbsp;&nbsp;&nbsp;LL_ENC_Decrypt1 (via Veneer)
</UL>

<P><STRONG><a name="[1ac]"></a>LL_EncChangeCback</STRONG> (Thumb, 0 bytes, Stack size 0 bytes, bb_rom_sym_m0.txt(ABSOLUTE))
<BR><BR>[Called By]<UL><LI><a href="#[42]">&gt;&gt;</a>&nbsp;&nbsp;&nbsp;llProcessSlaveControlProcedures1 (via Veneer)
</UL>

<P><STRONG><a name="[1ad]"></a>LL_EncKeyRefreshCback</STRONG> (Thumb, 0 bytes, Stack size 0 bytes, bb_rom_sym_m0.txt(ABSOLUTE))
<BR><BR>[Called By]<UL><LI><a href="#[42]">&gt;&gt;</a>&nbsp;&nbsp;&nbsp;llProcessSlaveControlProcedures1 (via Veneer)
</UL>

<P><STRONG><a name="[1a8]"></a>LL_EncLtkReqCback</STRONG> (Thumb, 0 bytes, Stack size 0 bytes, bb_rom_sym_m0.txt(ABSOLUTE))
<BR><BR>[Called By]<UL><LI><a href="#[42]">&gt;&gt;</a>&nbsp;&nbsp;&nbsp;llProcessSlaveControlProcedures1 (via Veneer)
</UL>

<P><STRONG><a name="[2eb]"></a>LL_Encrypt</STRONG> (Thumb, 0 bytes, Stack size 0 bytes, bb_rom_sym_m0.txt(ABSOLUTE))
<BR><BR>[Called By]<UL><LI><a href="#[2c2]">&gt;&gt;</a>&nbsp;&nbsp;&nbsp;smEncryptLocal (via Veneer)
<LI><a href="#[2ea]">&gt;&gt;</a>&nbsp;&nbsp;&nbsp;smEncrypt (via Veneer)
</UL>

<P><STRONG><a name="[156]"></a>LL_Init</STRONG> (Thumb, 0 bytes, Stack size 0 bytes, bb_rom_sym_m0.txt(ABSOLUTE))
<BR><BR>[Called By]<UL><LI><a href="#[36]">&gt;&gt;</a>&nbsp;&nbsp;&nbsp;osalInitTasks (via Veneer)
</UL>

<P><STRONG><a name="[288]"></a>LL_PLUS_PerStasReadByChn</STRONG> (Thumb, 0 bytes, Stack size 0 bytes, bb_rom_sym_m0.txt(ABSOLUTE))
<BR><BR>[Called By]<UL><LI><a href="#[287]">&gt;&gt;</a>&nbsp;&nbsp;&nbsp;check_PerStatsProcess (via Veneer)
</UL>

<P><STRONG><a name="[289]"></a>LL_PLUS_PerStatsReset</STRONG> (Thumb, 0 bytes, Stack size 0 bytes, bb_rom_sym_m0.txt(ABSOLUTE))
<BR><BR>[Called By]<UL><LI><a href="#[287]">&gt;&gt;</a>&nbsp;&nbsp;&nbsp;check_PerStatsProcess (via Veneer)
</UL>

<P><STRONG><a name="[27e]"></a>LL_PLUS_PerStats_Init</STRONG> (Thumb, 0 bytes, Stack size 0 bytes, bb_rom_sym_m0.txt(ABSOLUTE))
<BR><BR>[Called By]<UL><LI><a href="#[160]">&gt;&gt;</a>&nbsp;&nbsp;&nbsp;SimpleBLEPeripheral_Init (via Veneer)
</UL>

<P><STRONG><a name="[28]"></a>LL_ProcessEvent</STRONG> (Thumb, 0 bytes, Stack size 0 bytes, bb_rom_sym_m0.txt(ABSOLUTE), UNUSED)
<BR>[Address Reference Count : 1]<UL><LI> osal_simplebleperipheral.o(.constdata)
</UL>
<P><STRONG><a name="[2e3]"></a>LL_Rand</STRONG> (Thumb, 0 bytes, Stack size 0 bytes, bb_rom_sym_m0.txt(ABSOLUTE))
<BR><BR>[Called By]<UL><LI><a href="#[2db]">&gt;&gt;</a>&nbsp;&nbsp;&nbsp;process_cmd (via Veneer)
</UL>

<P><STRONG><a name="[282]"></a>LL_ReadCarrSens</STRONG> (Thumb, 0 bytes, Stack size 0 bytes, bb_rom_sym_m0.txt(ABSOLUTE))
<BR><BR>[Called By]<UL><LI><a href="#[32]">&gt;&gt;</a>&nbsp;&nbsp;&nbsp;SimpleBLEPeripheral_ProcessEvent (via Veneer)
</UL>

<P><STRONG><a name="[281]"></a>LL_ReadFoff</STRONG> (Thumb, 0 bytes, Stack size 0 bytes, bb_rom_sym_m0.txt(ABSOLUTE))
<BR><BR>[Called By]<UL><LI><a href="#[32]">&gt;&gt;</a>&nbsp;&nbsp;&nbsp;SimpleBLEPeripheral_ProcessEvent (via Veneer)
</UL>

<P><STRONG><a name="[1b2]"></a>LL_ReadRemoteVersionInfoCback</STRONG> (Thumb, 0 bytes, Stack size 0 bytes, bb_rom_sym_m0.txt(ABSOLUTE))
<BR><BR>[Called By]<UL><LI><a href="#[42]">&gt;&gt;</a>&nbsp;&nbsp;&nbsp;llProcessSlaveControlProcedures1 (via Veneer)
</UL>

<P><STRONG><a name="[280]"></a>LL_ReadRssi</STRONG> (Thumb, 0 bytes, Stack size 0 bytes, bb_rom_sym_m0.txt(ABSOLUTE))
<BR><BR>[Called By]<UL><LI><a href="#[32]">&gt;&gt;</a>&nbsp;&nbsp;&nbsp;SimpleBLEPeripheral_ProcessEvent (via Veneer)
</UL>

<P><STRONG><a name="[ca]"></a>LL_Reset0</STRONG> (Thumb, 0 bytes, Stack size 0 bytes, bb_rom_sym_m0.txt(ABSOLUTE))
<BR><BR>[Called By]<UL><LI><a href="#[59]">&gt;&gt;</a>&nbsp;&nbsp;&nbsp;LL_Reset1 (via Veneer)
</UL>

<P><STRONG><a name="[1a1]"></a>LL_SetAdvParam0</STRONG> (Thumb, 0 bytes, Stack size 0 bytes, bb_rom_sym_m0.txt(ABSOLUTE))
<BR><BR>[Called By]<UL><LI><a href="#[3b]">&gt;&gt;</a>&nbsp;&nbsp;&nbsp;LL_SetAdvParam1 (via Veneer)
</UL>

<P><STRONG><a name="[1a2]"></a>LL_SetDataLengh0</STRONG> (Thumb, 0 bytes, Stack size 0 bytes, bb_rom_sym_m0.txt(ABSOLUTE))
<BR><BR>[Called By]<UL><LI><a href="#[50]">&gt;&gt;</a>&nbsp;&nbsp;&nbsp;LL_SetDataLengh1 (via Veneer)
</UL>

<P><STRONG><a name="[25a]"></a>LL_TX_bm_alloc</STRONG> (Thumb, 0 bytes, Stack size 0 bytes, bb_rom_sym_m0.txt(ABSOLUTE))
<BR><BR>[Called By]<UL><LI><a href="#[259]">&gt;&gt;</a>&nbsp;&nbsp;&nbsp;L2CAP_Fragment_bm_alloc (via Veneer)
</UL>

<P><STRONG><a name="[cb]"></a>LL_set_default_conn_params0</STRONG> (Thumb, 0 bytes, Stack size 0 bytes, bb_rom_sym_m0.txt(ABSOLUTE))
<BR><BR>[Called By]<UL><LI><a href="#[53]">&gt;&gt;</a>&nbsp;&nbsp;&nbsp;LL_set_default_conn_params1 (via Veneer)
</UL>

<P><STRONG><a name="[c]"></a>NMI_Handler</STRONG> (Thumb, 0 bytes, Stack size 0 bytes, bb_rom_sym_m0.txt(ABSOLUTE), UNUSED)
<BR>[Address Reference Count : 1]<UL><LI> startup_armcm0.o(RESET)
</UL>
<P><STRONG><a name="[f]"></a>PendSV_Handler</STRONG> (Thumb, 0 bytes, Stack size 0 bytes, bb_rom_sym_m0.txt(ABSOLUTE), UNUSED)
<BR>[Address Reference Count : 1]<UL><LI> startup_armcm0.o(RESET)
</UL>
<P><STRONG><a name="[d8]"></a>WaitRTCCount</STRONG> (Thumb, 0 bytes, Stack size 0 bytes, bb_rom_sym_m0.txt(ABSOLUTE))
<BR><BR>[Called By]<UL><LI><a href="#[d6]">&gt;&gt;</a>&nbsp;&nbsp;&nbsp;WaitMs (via Veneer)
<LI><a href="#[ed]">&gt;&gt;</a>&nbsp;&nbsp;&nbsp;_spif_wait_nobusy_x (via Veneer)
<LI><a href="#[4d]">&gt;&gt;</a>&nbsp;&nbsp;&nbsp;wakeup_init1 (via Veneer)
<LI><a href="#[4e]">&gt;&gt;</a>&nbsp;&nbsp;&nbsp;wakeupProcess1 (via Veneer)
<LI><a href="#[fd]">&gt;&gt;</a>&nbsp;&nbsp;&nbsp;rc32k_cap_cal (via Veneer)
<LI><a href="#[4c]">&gt;&gt;</a>&nbsp;&nbsp;&nbsp;config_RTC1 (via Veneer)
<LI><a href="#[f8]">&gt;&gt;</a>&nbsp;&nbsp;&nbsp;check_96MXtal_by_rcTracking (via Veneer)
<LI><a href="#[f6]">&gt;&gt;</a>&nbsp;&nbsp;&nbsp;check_16MXtal_by_rcTracking (via Veneer)
<LI><a href="#[165]">&gt;&gt;</a>&nbsp;&nbsp;&nbsp;rc32k_calibration (via Veneer)
</UL>

<P><STRONG><a name="[16e]"></a>__ARM_common_switch8</STRONG> (Thumb, 0 bytes, Stack size 0 bytes, bb_rom_sym_m0.txt(ABSOLUTE))
<BR><BR>[Called By]<UL><LI><a href="#[206]">&gt;&gt;</a>&nbsp;&nbsp;&nbsp;GAP_DeviceInit (via Veneer)
<LI><a href="#[2db]">&gt;&gt;</a>&nbsp;&nbsp;&nbsp;process_cmd (via Veneer)
<LI><a href="#[201]">&gt;&gt;</a>&nbsp;&nbsp;&nbsp;GAPRole_SetParameter (via Veneer)
<LI><a href="#[1f8]">&gt;&gt;</a>&nbsp;&nbsp;&nbsp;GAPRole_GetParameter (via Veneer)
<LI><a href="#[2ac]">&gt;&gt;</a>&nbsp;&nbsp;&nbsp;gapRole_ProcessGAPMsg (via Veneer)
<LI><a href="#[7f]">&gt;&gt;</a>&nbsp;&nbsp;&nbsp;ggs_ReadAttrCB (via Veneer)
<LI><a href="#[253]">&gt;&gt;</a>&nbsp;&nbsp;&nbsp;GGS_SetParameter (via Veneer)
<LI><a href="#[1f5]">&gt;&gt;</a>&nbsp;&nbsp;&nbsp;GAPBondMgr_SetParameter (via Veneer)
<LI><a href="#[1e1]">&gt;&gt;</a>&nbsp;&nbsp;&nbsp;GAPBondMgr_ProcessGAPMsg (via Veneer)
<LI><a href="#[1]">&gt;&gt;</a>&nbsp;&nbsp;&nbsp;peripheralStateNotificationCB (via Veneer)
<LI><a href="#[42]">&gt;&gt;</a>&nbsp;&nbsp;&nbsp;llProcessSlaveControlProcedures1 (via Veneer)
<LI><a href="#[3c]">&gt;&gt;</a>&nbsp;&nbsp;&nbsp;LL_SetAdvControl1 (via Veneer)
<LI><a href="#[2f7]">&gt;&gt;</a>&nbsp;&nbsp;&nbsp;smProcessDataMsg (via Veneer)
<LI><a href="#[8]">&gt;&gt;</a>&nbsp;&nbsp;&nbsp;smpResponderProcessIncoming (via Veneer)
<LI><a href="#[9]">&gt;&gt;</a>&nbsp;&nbsp;&nbsp;smResponderSendNextKeyInfo (via Veneer)
<LI><a href="#[5]">&gt;&gt;</a>&nbsp;&nbsp;&nbsp;gapPeriProcessHCICmdCompleteEvt (via Veneer)
<LI><a href="#[16d]">&gt;&gt;</a>&nbsp;&nbsp;&nbsp;rf_tp_cal (via Veneer)
</UL>

<P><STRONG><a name="[176]"></a>app_wakeup_process</STRONG> (Thumb, 0 bytes, Stack size 0 bytes, bb_rom_sym_m0.txt(ABSOLUTE))
<BR><BR>[Called By]<UL><LI><a href="#[4e]">&gt;&gt;</a>&nbsp;&nbsp;&nbsp;wakeupProcess1 (via Veneer)
</UL>

<P><STRONG><a name="[10b]"></a>bit_to_byte</STRONG> (Thumb, 0 bytes, Stack size 0 bytes, bb_rom_sym_m0.txt(ABSOLUTE))
<BR><BR>[Called By]<UL><LI><a href="#[10a]">&gt;&gt;</a>&nbsp;&nbsp;&nbsp;gen_pn_prbs9 (via Veneer)
</UL>

<P><STRONG><a name="[1a0]"></a>clear_timer</STRONG> (Thumb, 0 bytes, Stack size 0 bytes, bb_rom_sym_m0.txt(ABSOLUTE))
<BR><BR>[Called By]<UL><LI><a href="#[3c]">&gt;&gt;</a>&nbsp;&nbsp;&nbsp;LL_SetAdvControl1 (via Veneer)
</UL>

<P><STRONG><a name="[173]"></a>clk_get_pclk</STRONG> (Thumb, 0 bytes, Stack size 0 bytes, bb_rom_sym_m0.txt(ABSOLUTE))
<BR><BR>[Called By]<UL><LI><a href="#[12b]">&gt;&gt;</a>&nbsp;&nbsp;&nbsp;uart_hw_init (via Veneer)
</UL>

<P><STRONG><a name="[a6]"></a>config_RTC</STRONG> (Thumb, 0 bytes, Stack size 0 bytes, bb_rom_sym_m0.txt(ABSOLUTE))
<BR><BR>[Called By]<UL><LI><a href="#[a4]">&gt;&gt;</a>&nbsp;&nbsp;&nbsp;hal_pwrmgr_enter_sleep_rtc_reset (via Veneer)
</UL>

<P><STRONG><a name="[11f]"></a>disableSleep</STRONG> (Thumb, 0 bytes, Stack size 0 bytes, bb_rom_sym_m0.txt(ABSOLUTE))
<BR><BR>[Called By]<UL><LI><a href="#[a2]">&gt;&gt;</a>&nbsp;&nbsp;&nbsp;hal_pwrmgr_unlock (via Veneer)
<LI><a href="#[121]">&gt;&gt;</a>&nbsp;&nbsp;&nbsp;hal_pwrmgr_lock (via Veneer)
<LI><a href="#[11e]">&gt;&gt;</a>&nbsp;&nbsp;&nbsp;hal_pwrmgr_init (via Veneer)
</UL>

<P><STRONG><a name="[a5]"></a>drv_disable_irq</STRONG> (Thumb, 0 bytes, Stack size 0 bytes, bb_rom_sym_m0.txt(ABSOLUTE))
<BR><BR>[Called By]<UL><LI><a href="#[a2]">&gt;&gt;</a>&nbsp;&nbsp;&nbsp;hal_pwrmgr_unlock (via Veneer)
<LI><a href="#[121]">&gt;&gt;</a>&nbsp;&nbsp;&nbsp;hal_pwrmgr_lock (via Veneer)
<LI><a href="#[12d]">&gt;&gt;</a>&nbsp;&nbsp;&nbsp;txmit_buf_use_tx_buf (via Veneer)
<LI><a href="#[109]">&gt;&gt;</a>&nbsp;&nbsp;&nbsp;hal_flash_write (via Veneer)
<LI><a href="#[107]">&gt;&gt;</a>&nbsp;&nbsp;&nbsp;hal_flash_read (via Veneer)
<LI><a href="#[d1]">&gt;&gt;</a>&nbsp;&nbsp;&nbsp;hal_flash_erase_sector (via Veneer)
<LI><a href="#[10d]">&gt;&gt;</a>&nbsp;&nbsp;&nbsp;hal_cache_tag_flush (via Veneer)
<LI><a href="#[ac]">&gt;&gt;</a>&nbsp;&nbsp;&nbsp;spif_unlock (via Veneer)
<LI><a href="#[a9]">&gt;&gt;</a>&nbsp;&nbsp;&nbsp;spif_lock (via Veneer)
<LI><a href="#[a4]">&gt;&gt;</a>&nbsp;&nbsp;&nbsp;hal_pwrmgr_enter_sleep_rtc_reset (via Veneer)
<LI><a href="#[3c]">&gt;&gt;</a>&nbsp;&nbsp;&nbsp;LL_SetAdvControl1 (via Veneer)
<LI><a href="#[54]">&gt;&gt;</a>&nbsp;&nbsp;&nbsp;LL_Disconnect1 (via Veneer)
</UL>

<P><STRONG><a name="[ab]"></a>drv_enable_irq</STRONG> (Thumb, 0 bytes, Stack size 0 bytes, bb_rom_sym_m0.txt(ABSOLUTE))
<BR><BR>[Called By]<UL><LI><a href="#[a2]">&gt;&gt;</a>&nbsp;&nbsp;&nbsp;hal_pwrmgr_unlock (via Veneer)
<LI><a href="#[121]">&gt;&gt;</a>&nbsp;&nbsp;&nbsp;hal_pwrmgr_lock (via Veneer)
<LI><a href="#[12d]">&gt;&gt;</a>&nbsp;&nbsp;&nbsp;txmit_buf_use_tx_buf (via Veneer)
<LI><a href="#[109]">&gt;&gt;</a>&nbsp;&nbsp;&nbsp;hal_flash_write (via Veneer)
<LI><a href="#[107]">&gt;&gt;</a>&nbsp;&nbsp;&nbsp;hal_flash_read (via Veneer)
<LI><a href="#[d1]">&gt;&gt;</a>&nbsp;&nbsp;&nbsp;hal_flash_erase_sector (via Veneer)
<LI><a href="#[10d]">&gt;&gt;</a>&nbsp;&nbsp;&nbsp;hal_cache_tag_flush (via Veneer)
<LI><a href="#[ac]">&gt;&gt;</a>&nbsp;&nbsp;&nbsp;spif_unlock (via Veneer)
<LI><a href="#[a9]">&gt;&gt;</a>&nbsp;&nbsp;&nbsp;spif_lock (via Veneer)
<LI><a href="#[3c]">&gt;&gt;</a>&nbsp;&nbsp;&nbsp;LL_SetAdvControl1 (via Veneer)
<LI><a href="#[54]">&gt;&gt;</a>&nbsp;&nbsp;&nbsp;LL_Disconnect1 (via Veneer)
</UL>

<P><STRONG><a name="[14e]"></a>drv_irq_init</STRONG> (Thumb, 0 bytes, Stack size 0 bytes, bb_rom_sym_m0.txt(ABSOLUTE))
<BR><BR>[Called By]<UL><LI><a href="#[1b]">&gt;&gt;</a>&nbsp;&nbsp;&nbsp;main (via Veneer)
<LI><a href="#[4e]">&gt;&gt;</a>&nbsp;&nbsp;&nbsp;wakeupProcess1 (via Veneer)
</UL>

<P><STRONG><a name="[de]"></a>efuse_read</STRONG> (Thumb, 0 bytes, Stack size 0 bytes, bb_rom_sym_m0.txt(ABSOLUTE))
<BR><BR>[Called By]<UL><LI><a href="#[e6]">&gt;&gt;</a>&nbsp;&nbsp;&nbsp;_rom_efuse_version_init (via Veneer)
<LI><a href="#[df]">&gt;&gt;</a>&nbsp;&nbsp;&nbsp;finidv (via Veneer)
<LI><a href="#[dd]">&gt;&gt;</a>&nbsp;&nbsp;&nbsp;_efuse_chip_version_check (via Veneer)
</UL>

<P><STRONG><a name="[120]"></a>enableSleep</STRONG> (Thumb, 0 bytes, Stack size 0 bytes, bb_rom_sym_m0.txt(ABSOLUTE))
<BR><BR>[Called By]<UL><LI><a href="#[a2]">&gt;&gt;</a>&nbsp;&nbsp;&nbsp;hal_pwrmgr_unlock (via Veneer)
<LI><a href="#[14f]">&gt;&gt;</a>&nbsp;&nbsp;&nbsp;init_config (via Veneer)
<LI><a href="#[11e]">&gt;&gt;</a>&nbsp;&nbsp;&nbsp;hal_pwrmgr_init (via Veneer)
</UL>

<P><STRONG><a name="[ff]"></a>enterSleepProcess0</STRONG> (Thumb, 0 bytes, Stack size 0 bytes, bb_rom_sym_m0.txt(ABSOLUTE))
<BR><BR>[Called By]<UL><LI><a href="#[4b]">&gt;&gt;</a>&nbsp;&nbsp;&nbsp;enterSleepProcess1 (via Veneer)
</UL>

<P><STRONG><a name="[a8]"></a>enter_sleep_off_mode</STRONG> (Thumb, 0 bytes, Stack size 0 bytes, bb_rom_sym_m0.txt(ABSOLUTE))
<BR><BR>[Called By]<UL><LI><a href="#[a4]">&gt;&gt;</a>&nbsp;&nbsp;&nbsp;hal_pwrmgr_enter_sleep_rtc_reset (via Veneer)
</UL>

<P><STRONG><a name="[147]"></a>getRxBufferFree</STRONG> (Thumb, 0 bytes, Stack size 0 bytes, bb_rom_sym_m0.txt(ABSOLUTE))
<BR><BR>[Called By]<UL><LI><a href="#[44]">&gt;&gt;</a>&nbsp;&nbsp;&nbsp;ll_hw_go1 (via Veneer)
</UL>

<P><STRONG><a name="[13a]"></a>getTxBufferFree</STRONG> (Thumb, 0 bytes, Stack size 0 bytes, bb_rom_sym_m0.txt(ABSOLUTE))
<BR><BR>[Called By]<UL><LI><a href="#[58]">&gt;&gt;</a>&nbsp;&nbsp;&nbsp;llWriteTxData1 (via Veneer)
</UL>

<P><STRONG><a name="[142]"></a>getTxBufferSize</STRONG> (Thumb, 0 bytes, Stack size 0 bytes, bb_rom_sym_m0.txt(ABSOLUTE))
<BR><BR>[Called By]<UL><LI><a href="#[52]">&gt;&gt;</a>&nbsp;&nbsp;&nbsp;ll_generateTxBuffer1 (via Veneer)
</UL>

<P><STRONG><a name="[146]"></a>get_rx_write_ptr</STRONG> (Thumb, 0 bytes, Stack size 0 bytes, bb_rom_sym_m0.txt(ABSOLUTE))
<BR><BR>[Called By]<UL><LI><a href="#[44]">&gt;&gt;</a>&nbsp;&nbsp;&nbsp;ll_hw_go1 (via Veneer)
</UL>

<P><STRONG><a name="[143]"></a>get_tx_read_ptr</STRONG> (Thumb, 0 bytes, Stack size 0 bytes, bb_rom_sym_m0.txt(ABSOLUTE))
<BR><BR>[Called By]<UL><LI><a href="#[52]">&gt;&gt;</a>&nbsp;&nbsp;&nbsp;ll_generateTxBuffer1 (via Veneer)
</UL>

<P><STRONG><a name="[13b]"></a>get_tx_write_ptr</STRONG> (Thumb, 0 bytes, Stack size 0 bytes, bb_rom_sym_m0.txt(ABSOLUTE))
<BR><BR>[Called By]<UL><LI><a href="#[58]">&gt;&gt;</a>&nbsp;&nbsp;&nbsp;llWriteTxData1 (via Veneer)
</UL>

<P><STRONG><a name="[188]"></a>gpio_write</STRONG> (Thumb, 0 bytes, Stack size 0 bytes, bb_rom_sym_m0.txt(ABSOLUTE))
<BR><BR>[Called By]<UL><LI><a href="#[17f]">&gt;&gt;</a>&nbsp;&nbsp;&nbsp;rf_phy_dtm_cmd_parse (via Veneer)
</UL>

<P><STRONG><a name="[e0]"></a>rom_uart_init</STRONG> (Thumb, 0 bytes, Stack size 0 bytes, bb_rom_sym_m0.txt(ABSOLUTE))
<BR><BR>[Called By]<UL><LI><a href="#[1c]">&gt;&gt;</a>&nbsp;&nbsp;&nbsp;_hard_fault (via Veneer)
</UL>

<P><STRONG><a name="[14b]"></a>isTimer1Running</STRONG> (Thumb, 0 bytes, Stack size 0 bytes, bb_rom_sym_m0.txt(ABSOLUTE))
<BR><BR>[Called By]<UL><LI><a href="#[3e]">&gt;&gt;</a>&nbsp;&nbsp;&nbsp;ll_scheduler_singleconn (via Veneer)
</UL>

<P><STRONG><a name="[1b7]"></a>llConnTerminate</STRONG> (Thumb, 0 bytes, Stack size 0 bytes, bb_rom_sym_m0.txt(ABSOLUTE))
<BR><BR>[Called By]<UL><LI><a href="#[42]">&gt;&gt;</a>&nbsp;&nbsp;&nbsp;llProcessSlaveControlProcedures1 (via Veneer)
</UL>

<P><STRONG><a name="[1a3]"></a>llConnTerminate0</STRONG> (Thumb, 0 bytes, Stack size 0 bytes, bb_rom_sym_m0.txt(ABSOLUTE))
<BR><BR>[Called By]<UL><LI><a href="#[41]">&gt;&gt;</a>&nbsp;&nbsp;&nbsp;llConnTerminate1 (via Veneer)
</UL>

<P><STRONG><a name="[1a7]"></a>llDequeueCtrlPkt</STRONG> (Thumb, 0 bytes, Stack size 0 bytes, bb_rom_sym_m0.txt(ABSOLUTE))
<BR><BR>[Called By]<UL><LI><a href="#[42]">&gt;&gt;</a>&nbsp;&nbsp;&nbsp;llProcessSlaveControlProcedures1 (via Veneer)
</UL>

<P><STRONG><a name="[132]"></a>llEnqueueCtrlPkt</STRONG> (Thumb, 0 bytes, Stack size 0 bytes, bb_rom_sym_m0.txt(ABSOLUTE))
<BR><BR>[Called By]<UL><LI><a href="#[52]">&gt;&gt;</a>&nbsp;&nbsp;&nbsp;ll_generateTxBuffer1 (via Veneer)
<LI><a href="#[40]">&gt;&gt;</a>&nbsp;&nbsp;&nbsp;llProcessSlaveControlPacket1 (via Veneer)
<LI><a href="#[195]">&gt;&gt;</a>&nbsp;&nbsp;&nbsp;LL_EncLtkReply (via Veneer)
<LI><a href="#[192]">&gt;&gt;</a>&nbsp;&nbsp;&nbsp;LL_EncLtkNegReply (via Veneer)
</UL>

<P><STRONG><a name="[27b]"></a>llInitFeatureSet2MPHY</STRONG> (Thumb, 0 bytes, Stack size 0 bytes, bb_rom_sym_m0.txt(ABSOLUTE))
<BR><BR>[Called By]<UL><LI><a href="#[160]">&gt;&gt;</a>&nbsp;&nbsp;&nbsp;SimpleBLEPeripheral_Init (via Veneer)
</UL>

<P><STRONG><a name="[27c]"></a>llInitFeatureSetDLE</STRONG> (Thumb, 0 bytes, Stack size 0 bytes, bb_rom_sym_m0.txt(ABSOLUTE))
<BR><BR>[Called By]<UL><LI><a href="#[160]">&gt;&gt;</a>&nbsp;&nbsp;&nbsp;SimpleBLEPeripheral_Init (via Veneer)
</UL>

<P><STRONG><a name="[1b5]"></a>llPduLengthUpdate</STRONG> (Thumb, 0 bytes, Stack size 0 bytes, bb_rom_sym_m0.txt(ABSOLUTE))
<BR><BR>[Called By]<UL><LI><a href="#[42]">&gt;&gt;</a>&nbsp;&nbsp;&nbsp;llProcessSlaveControlProcedures1 (via Veneer)
</UL>

<P><STRONG><a name="[1a4]"></a>llProcessChanMap</STRONG> (Thumb, 0 bytes, Stack size 0 bytes, bb_rom_sym_m0.txt(ABSOLUTE))
<BR><BR>[Called By]<UL><LI><a href="#[41]">&gt;&gt;</a>&nbsp;&nbsp;&nbsp;llConnTerminate1 (via Veneer)
</UL>

<P><STRONG><a name="[131]"></a>llProcessSlaveControlPacket0</STRONG> (Thumb, 0 bytes, Stack size 0 bytes, bb_rom_sym_m0.txt(ABSOLUTE))
<BR><BR>[Called By]<UL><LI><a href="#[40]">&gt;&gt;</a>&nbsp;&nbsp;&nbsp;llProcessSlaveControlPacket1 (via Veneer)
</UL>

<P><STRONG><a name="[133]"></a>llProcessTxData0</STRONG> (Thumb, 0 bytes, Stack size 0 bytes, bb_rom_sym_m0.txt(ABSOLUTE))
<BR><BR>[Called By]<UL><LI><a href="#[51]">&gt;&gt;</a>&nbsp;&nbsp;&nbsp;llProcessTxData1 (via Veneer)
</UL>

<P><STRONG><a name="[135]"></a>llReleaseConnId0</STRONG> (Thumb, 0 bytes, Stack size 0 bytes, bb_rom_sym_m0.txt(ABSOLUTE))
<BR><BR>[Called By]<UL><LI><a href="#[5a]">&gt;&gt;</a>&nbsp;&nbsp;&nbsp;llReleaseConnId1 (via Veneer)
</UL>

<P><STRONG><a name="[1aa]"></a>llReplaceCtrlPkt</STRONG> (Thumb, 0 bytes, Stack size 0 bytes, bb_rom_sym_m0.txt(ABSOLUTE))
<BR><BR>[Called By]<UL><LI><a href="#[42]">&gt;&gt;</a>&nbsp;&nbsp;&nbsp;llProcessSlaveControlProcedures1 (via Veneer)
</UL>

<P><STRONG><a name="[c4]"></a>llSecAdvAllow</STRONG> (Thumb, 0 bytes, Stack size 0 bytes, bb_rom_sym_m0.txt(ABSOLUTE))
<BR><BR>[Called By]<UL><LI><a href="#[45]">&gt;&gt;</a>&nbsp;&nbsp;&nbsp;LL_IRQHandler1 (via Veneer)
</UL>

<P><STRONG><a name="[19c]"></a>llSetupAdv</STRONG> (Thumb, 0 bytes, Stack size 0 bytes, bb_rom_sym_m0.txt(ABSOLUTE))
<BR><BR>[Called By]<UL><LI><a href="#[3c]">&gt;&gt;</a>&nbsp;&nbsp;&nbsp;LL_SetAdvControl1 (via Veneer)
</UL>

<P><STRONG><a name="[1b9]"></a>llSetupCTEReq</STRONG> (Thumb, 0 bytes, Stack size 0 bytes, bb_rom_sym_m0.txt(ABSOLUTE))
<BR><BR>[Called By]<UL><LI><a href="#[42]">&gt;&gt;</a>&nbsp;&nbsp;&nbsp;llProcessSlaveControlProcedures1 (via Veneer)
</UL>

<P><STRONG><a name="[1ba]"></a>llSetupCTERsp</STRONG> (Thumb, 0 bytes, Stack size 0 bytes, bb_rom_sym_m0.txt(ABSOLUTE))
<BR><BR>[Called By]<UL><LI><a href="#[42]">&gt;&gt;</a>&nbsp;&nbsp;&nbsp;llProcessSlaveControlProcedures1 (via Veneer)
</UL>

<P><STRONG><a name="[1b3]"></a>llSetupDataLenghtReq</STRONG> (Thumb, 0 bytes, Stack size 0 bytes, bb_rom_sym_m0.txt(ABSOLUTE))
<BR><BR>[Called By]<UL><LI><a href="#[42]">&gt;&gt;</a>&nbsp;&nbsp;&nbsp;llProcessSlaveControlProcedures1 (via Veneer)
</UL>

<P><STRONG><a name="[1b4]"></a>llSetupDataLenghtRsp</STRONG> (Thumb, 0 bytes, Stack size 0 bytes, bb_rom_sym_m0.txt(ABSOLUTE))
<BR><BR>[Called By]<UL><LI><a href="#[42]">&gt;&gt;</a>&nbsp;&nbsp;&nbsp;llProcessSlaveControlProcedures1 (via Veneer)
</UL>

<P><STRONG><a name="[1a6]"></a>llSetupEncRsp</STRONG> (Thumb, 0 bytes, Stack size 0 bytes, bb_rom_sym_m0.txt(ABSOLUTE))
<BR><BR>[Called By]<UL><LI><a href="#[42]">&gt;&gt;</a>&nbsp;&nbsp;&nbsp;llProcessSlaveControlProcedures1 (via Veneer)
</UL>

<P><STRONG><a name="[1b0]"></a>llSetupFeatureSetRsp</STRONG> (Thumb, 0 bytes, Stack size 0 bytes, bb_rom_sym_m0.txt(ABSOLUTE))
<BR><BR>[Called By]<UL><LI><a href="#[42]">&gt;&gt;</a>&nbsp;&nbsp;&nbsp;llProcessSlaveControlProcedures1 (via Veneer)
</UL>

<P><STRONG><a name="[136]"></a>llSetupNextSlaveEvent0</STRONG> (Thumb, 0 bytes, Stack size 0 bytes, bb_rom_sym_m0.txt(ABSOLUTE))
<BR><BR>[Called By]<UL><LI><a href="#[3f]">&gt;&gt;</a>&nbsp;&nbsp;&nbsp;llSetupNextSlaveEvent1 (via Veneer)
</UL>

<P><STRONG><a name="[1ae]"></a>llSetupPauseEncRsp</STRONG> (Thumb, 0 bytes, Stack size 0 bytes, bb_rom_sym_m0.txt(ABSOLUTE))
<BR><BR>[Called By]<UL><LI><a href="#[42]">&gt;&gt;</a>&nbsp;&nbsp;&nbsp;llProcessSlaveControlProcedures1 (via Veneer)
</UL>

<P><STRONG><a name="[1b6]"></a>llSetupPhyReq</STRONG> (Thumb, 0 bytes, Stack size 0 bytes, bb_rom_sym_m0.txt(ABSOLUTE))
<BR><BR>[Called By]<UL><LI><a href="#[42]">&gt;&gt;</a>&nbsp;&nbsp;&nbsp;llProcessSlaveControlProcedures1 (via Veneer)
</UL>

<P><STRONG><a name="[1b8]"></a>llSetupPhyRsp</STRONG> (Thumb, 0 bytes, Stack size 0 bytes, bb_rom_sym_m0.txt(ABSOLUTE))
<BR><BR>[Called By]<UL><LI><a href="#[42]">&gt;&gt;</a>&nbsp;&nbsp;&nbsp;llProcessSlaveControlProcedures1 (via Veneer)
</UL>

<P><STRONG><a name="[1af]"></a>llSetupRejectInd</STRONG> (Thumb, 0 bytes, Stack size 0 bytes, bb_rom_sym_m0.txt(ABSOLUTE))
<BR><BR>[Called By]<UL><LI><a href="#[42]">&gt;&gt;</a>&nbsp;&nbsp;&nbsp;llProcessSlaveControlProcedures1 (via Veneer)
</UL>

<P><STRONG><a name="[c5]"></a>llSetupSecAdvEvt</STRONG> (Thumb, 0 bytes, Stack size 0 bytes, bb_rom_sym_m0.txt(ABSOLUTE))
<BR><BR>[Called By]<UL><LI><a href="#[45]">&gt;&gt;</a>&nbsp;&nbsp;&nbsp;LL_IRQHandler1 (via Veneer)
</UL>

<P><STRONG><a name="[c8]"></a>llSetupSecInit</STRONG> (Thumb, 0 bytes, Stack size 0 bytes, bb_rom_sym_m0.txt(ABSOLUTE))
<BR><BR>[Called By]<UL><LI><a href="#[45]">&gt;&gt;</a>&nbsp;&nbsp;&nbsp;LL_IRQHandler1 (via Veneer)
</UL>

<P><STRONG><a name="[c7]"></a>llSetupSecScan</STRONG> (Thumb, 0 bytes, Stack size 0 bytes, bb_rom_sym_m0.txt(ABSOLUTE))
<BR><BR>[Called By]<UL><LI><a href="#[45]">&gt;&gt;</a>&nbsp;&nbsp;&nbsp;LL_IRQHandler1 (via Veneer)
</UL>

<P><STRONG><a name="[1ab]"></a>llSetupStartEncReq</STRONG> (Thumb, 0 bytes, Stack size 0 bytes, bb_rom_sym_m0.txt(ABSOLUTE))
<BR><BR>[Called By]<UL><LI><a href="#[42]">&gt;&gt;</a>&nbsp;&nbsp;&nbsp;llProcessSlaveControlProcedures1 (via Veneer)
</UL>

<P><STRONG><a name="[1a5]"></a>llSetupTermInd</STRONG> (Thumb, 0 bytes, Stack size 0 bytes, bb_rom_sym_m0.txt(ABSOLUTE))
<BR><BR>[Called By]<UL><LI><a href="#[42]">&gt;&gt;</a>&nbsp;&nbsp;&nbsp;llProcessSlaveControlProcedures1 (via Veneer)
</UL>

<P><STRONG><a name="[1bc]"></a>llSetupUnknownRsp</STRONG> (Thumb, 0 bytes, Stack size 0 bytes, bb_rom_sym_m0.txt(ABSOLUTE))
<BR><BR>[Called By]<UL><LI><a href="#[42]">&gt;&gt;</a>&nbsp;&nbsp;&nbsp;llProcessSlaveControlProcedures1 (via Veneer)
</UL>

<P><STRONG><a name="[1b1]"></a>llSetupVersionIndReq</STRONG> (Thumb, 0 bytes, Stack size 0 bytes, bb_rom_sym_m0.txt(ABSOLUTE))
<BR><BR>[Called By]<UL><LI><a href="#[42]">&gt;&gt;</a>&nbsp;&nbsp;&nbsp;llProcessSlaveControlProcedures1 (via Veneer)
</UL>

<P><STRONG><a name="[139]"></a>llSlaveEvt_TaskEndOk0</STRONG> (Thumb, 0 bytes, Stack size 0 bytes, bb_rom_sym_m0.txt(ABSOLUTE))
<BR><BR>[Called By]<UL><LI><a href="#[56]">&gt;&gt;</a>&nbsp;&nbsp;&nbsp;llSlaveEvt_TaskEndOk1 (via Veneer)
</UL>

<P><STRONG><a name="[b2]"></a>ll_debug_output</STRONG> (Thumb, 0 bytes, Stack size 0 bytes, bb_rom_sym_m0.txt(ABSOLUTE))
<BR><BR>[Called By]<UL><LI><a href="#[4e]">&gt;&gt;</a>&nbsp;&nbsp;&nbsp;wakeupProcess1 (via Veneer)
<LI><a href="#[45]">&gt;&gt;</a>&nbsp;&nbsp;&nbsp;LL_IRQHandler1 (via Veneer)
<LI><a href="#[3c]">&gt;&gt;</a>&nbsp;&nbsp;&nbsp;LL_SetAdvControl1 (via Veneer)
</UL>

<P><STRONG><a name="[b5]"></a>ll_hw_clr_irq</STRONG> (Thumb, 0 bytes, Stack size 0 bytes, bb_rom_sym_m0.txt(ABSOLUTE))
<BR><BR>[Called By]<UL><LI><a href="#[154]">&gt;&gt;</a>&nbsp;&nbsp;&nbsp;rf_phy_direct_test (via Veneer)
<LI><a href="#[45]">&gt;&gt;</a>&nbsp;&nbsp;&nbsp;LL_IRQHandler1 (via Veneer)
<LI><a href="#[181]">&gt;&gt;</a>&nbsp;&nbsp;&nbsp;rf_phy_dtm_trigged (via Veneer)
</UL>

<P><STRONG><a name="[13f]"></a>ll_hw_get_anchor</STRONG> (Thumb, 0 bytes, Stack size 0 bytes, bb_rom_sym_m0.txt(ABSOLUTE))
<BR><BR>[Called By]<UL><LI><a href="#[43]">&gt;&gt;</a>&nbsp;&nbsp;&nbsp;ll_adptive_adj_next_time1 (via Veneer)
</UL>

<P><STRONG><a name="[b3]"></a>ll_hw_get_irq_status</STRONG> (Thumb, 0 bytes, Stack size 0 bytes, bb_rom_sym_m0.txt(ABSOLUTE))
<BR><BR>[Called By]<UL><LI><a href="#[154]">&gt;&gt;</a>&nbsp;&nbsp;&nbsp;rf_phy_direct_test (via Veneer)
<LI><a href="#[45]">&gt;&gt;</a>&nbsp;&nbsp;&nbsp;LL_IRQHandler1 (via Veneer)
</UL>

<P><STRONG><a name="[141]"></a>ll_hw_get_tfifo_wrptr</STRONG> (Thumb, 0 bytes, Stack size 0 bytes, bb_rom_sym_m0.txt(ABSOLUTE))
<BR><BR>[Called By]<UL><LI><a href="#[52]">&gt;&gt;</a>&nbsp;&nbsp;&nbsp;ll_generateTxBuffer1 (via Veneer)
</UL>

<P><STRONG><a name="[b4]"></a>ll_hw_get_tr_mode</STRONG> (Thumb, 0 bytes, Stack size 0 bytes, bb_rom_sym_m0.txt(ABSOLUTE))
<BR><BR>[Called By]<UL><LI><a href="#[44]">&gt;&gt;</a>&nbsp;&nbsp;&nbsp;ll_hw_go1 (via Veneer)
<LI><a href="#[45]">&gt;&gt;</a>&nbsp;&nbsp;&nbsp;LL_IRQHandler1 (via Veneer)
</UL>

<P><STRONG><a name="[17d]"></a>ll_hw_ign_rfifo</STRONG> (Thumb, 0 bytes, Stack size 0 bytes, bb_rom_sym_m0.txt(ABSOLUTE))
<BR><BR>[Called By]<UL><LI><a href="#[4d]">&gt;&gt;</a>&nbsp;&nbsp;&nbsp;wakeup_init1 (via Veneer)
</UL>

<P><STRONG><a name="[149]"></a>ll_hw_read_tfifo_packet</STRONG> (Thumb, 0 bytes, Stack size 0 bytes, bb_rom_sym_m0.txt(ABSOLUTE))
<BR><BR>[Called By]<UL><LI><a href="#[57]">&gt;&gt;</a>&nbsp;&nbsp;&nbsp;ll_hw_read_tfifo_rtlp1 (via Veneer)
</UL>

<P><STRONG><a name="[183]"></a>ll_hw_rst_tfifo</STRONG> (Thumb, 0 bytes, Stack size 0 bytes, bb_rom_sym_m0.txt(ABSOLUTE))
<BR><BR>[Called By]<UL><LI><a href="#[154]">&gt;&gt;</a>&nbsp;&nbsp;&nbsp;rf_phy_direct_test (via Veneer)
<LI><a href="#[181]">&gt;&gt;</a>&nbsp;&nbsp;&nbsp;rf_phy_dtm_trigged (via Veneer)
</UL>

<P><STRONG><a name="[168]"></a>ll_hw_set_crc_fmt</STRONG> (Thumb, 0 bytes, Stack size 0 bytes, bb_rom_sym_m0.txt(ABSOLUTE))
<BR><BR>[Called By]<UL><LI><a href="#[167]">&gt;&gt;</a>&nbsp;&nbsp;&nbsp;rf_phy_bb_cfg (via Veneer)
</UL>

<P><STRONG><a name="[1bb]"></a>ll_hw_set_cte_txSupp</STRONG> (Thumb, 0 bytes, Stack size 0 bytes, bb_rom_sym_m0.txt(ABSOLUTE))
<BR><BR>[Called By]<UL><LI><a href="#[42]">&gt;&gt;</a>&nbsp;&nbsp;&nbsp;llProcessSlaveControlProcedures1 (via Veneer)
</UL>

<P><STRONG><a name="[179]"></a>ll_hw_set_empty_head</STRONG> (Thumb, 0 bytes, Stack size 0 bytes, bb_rom_sym_m0.txt(ABSOLUTE))
<BR><BR>[Called By]<UL><LI><a href="#[4d]">&gt;&gt;</a>&nbsp;&nbsp;&nbsp;wakeup_init1 (via Veneer)
</UL>

<P><STRONG><a name="[18d]"></a>ll_hw_set_irq</STRONG> (Thumb, 0 bytes, Stack size 0 bytes, bb_rom_sym_m0.txt(ABSOLUTE))
<BR><BR>[Called By]<UL><LI><a href="#[181]">&gt;&gt;</a>&nbsp;&nbsp;&nbsp;rf_phy_dtm_trigged (via Veneer)
</UL>

<P><STRONG><a name="[17b]"></a>ll_hw_set_loop_timeout</STRONG> (Thumb, 0 bytes, Stack size 0 bytes, bb_rom_sym_m0.txt(ABSOLUTE))
<BR><BR>[Called By]<UL><LI><a href="#[4d]">&gt;&gt;</a>&nbsp;&nbsp;&nbsp;wakeup_init1 (via Veneer)
</UL>

<P><STRONG><a name="[c6]"></a>ll_hw_set_rx_timeout</STRONG> (Thumb, 0 bytes, Stack size 0 bytes, bb_rom_sym_m0.txt(ABSOLUTE))
<BR><BR>[Called By]<UL><LI><a href="#[4d]">&gt;&gt;</a>&nbsp;&nbsp;&nbsp;wakeup_init1 (via Veneer)
<LI><a href="#[44]">&gt;&gt;</a>&nbsp;&nbsp;&nbsp;ll_hw_go1 (via Veneer)
<LI><a href="#[45]">&gt;&gt;</a>&nbsp;&nbsp;&nbsp;LL_IRQHandler1 (via Veneer)
</UL>

<P><STRONG><a name="[17a]"></a>ll_hw_set_rx_timeout_1st</STRONG> (Thumb, 0 bytes, Stack size 0 bytes, bb_rom_sym_m0.txt(ABSOLUTE))
<BR><BR>[Called By]<UL><LI><a href="#[4d]">&gt;&gt;</a>&nbsp;&nbsp;&nbsp;wakeup_init1 (via Veneer)
</UL>

<P><STRONG><a name="[18f]"></a>ll_hw_set_srx</STRONG> (Thumb, 0 bytes, Stack size 0 bytes, bb_rom_sym_m0.txt(ABSOLUTE))
<BR><BR>[Called By]<UL><LI><a href="#[181]">&gt;&gt;</a>&nbsp;&nbsp;&nbsp;rf_phy_dtm_trigged (via Veneer)
</UL>

<P><STRONG><a name="[18e]"></a>ll_hw_set_stx</STRONG> (Thumb, 0 bytes, Stack size 0 bytes, bb_rom_sym_m0.txt(ABSOLUTE))
<BR><BR>[Called By]<UL><LI><a href="#[181]">&gt;&gt;</a>&nbsp;&nbsp;&nbsp;rf_phy_dtm_trigged (via Veneer)
</UL>

<P><STRONG><a name="[17c]"></a>ll_hw_set_timing</STRONG> (Thumb, 0 bytes, Stack size 0 bytes, bb_rom_sym_m0.txt(ABSOLUTE))
<BR><BR>[Called By]<UL><LI><a href="#[4d]">&gt;&gt;</a>&nbsp;&nbsp;&nbsp;wakeup_init1 (via Veneer)
<LI><a href="#[181]">&gt;&gt;</a>&nbsp;&nbsp;&nbsp;rf_phy_dtm_trigged (via Veneer)
</UL>

<P><STRONG><a name="[182]"></a>ll_hw_set_trx_settle</STRONG> (Thumb, 0 bytes, Stack size 0 bytes, bb_rom_sym_m0.txt(ABSOLUTE))
<BR><BR>[Called By]<UL><LI><a href="#[154]">&gt;&gt;</a>&nbsp;&nbsp;&nbsp;rf_phy_direct_test (via Veneer)
</UL>

<P><STRONG><a name="[184]"></a>ll_hw_trigger</STRONG> (Thumb, 0 bytes, Stack size 0 bytes, bb_rom_sym_m0.txt(ABSOLUTE))
<BR><BR>[Called By]<UL><LI><a href="#[154]">&gt;&gt;</a>&nbsp;&nbsp;&nbsp;rf_phy_direct_test (via Veneer)
<LI><a href="#[181]">&gt;&gt;</a>&nbsp;&nbsp;&nbsp;rf_phy_dtm_trigged (via Veneer)
</UL>

<P><STRONG><a name="[16b]"></a>ll_hw_tx2rx_timing_config</STRONG> (Thumb, 0 bytes, Stack size 0 bytes, bb_rom_sym_m0.txt(ABSOLUTE))
<BR><BR>[Called By]<UL><LI><a href="#[39]">&gt;&gt;</a>&nbsp;&nbsp;&nbsp;rf_phy_ini (via Veneer)
<LI><a href="#[4e]">&gt;&gt;</a>&nbsp;&nbsp;&nbsp;wakeupProcess1 (via Veneer)
</UL>

<P><STRONG><a name="[140]"></a>ll_hw_write_tfifo</STRONG> (Thumb, 0 bytes, Stack size 0 bytes, bb_rom_sym_m0.txt(ABSOLUTE))
<BR><BR>[Called By]<UL><LI><a href="#[52]">&gt;&gt;</a>&nbsp;&nbsp;&nbsp;ll_generateTxBuffer1 (via Veneer)
<LI><a href="#[18c]">&gt;&gt;</a>&nbsp;&nbsp;&nbsp;rf_phy_dtm_zigbee_pkt_gen (via Veneer)
<LI><a href="#[187]">&gt;&gt;</a>&nbsp;&nbsp;&nbsp;rf_phy_dtm_ble_pkt_gen (via Veneer)
</UL>

<P><STRONG><a name="[bf]"></a>ll_processBasicIRQ</STRONG> (Thumb, 0 bytes, Stack size 0 bytes, bb_rom_sym_m0.txt(ABSOLUTE))
<BR><BR>[Called By]<UL><LI><a href="#[c0]">&gt;&gt;</a>&nbsp;&nbsp;&nbsp;ll_processBasicIRQ_secondaryScanSRX (via Veneer)
<LI><a href="#[c1]">&gt;&gt;</a>&nbsp;&nbsp;&nbsp;ll_processBasicIRQ_secondaryInitSRX (via Veneer)
<LI><a href="#[bd]">&gt;&gt;</a>&nbsp;&nbsp;&nbsp;ll_processBasicIRQ_secondaryAdvTRX (via Veneer)
<LI><a href="#[bc]">&gt;&gt;</a>&nbsp;&nbsp;&nbsp;ll_processBasicIRQ_secondaryAdvSTX (via Veneer)
<LI><a href="#[c2]">&gt;&gt;</a>&nbsp;&nbsp;&nbsp;ll_processBasicIRQ_secScanTRX (via Veneer)
<LI><a href="#[be]">&gt;&gt;</a>&nbsp;&nbsp;&nbsp;ll_processBasicIRQ_ScanTRX (via Veneer)
<LI><a href="#[bb]">&gt;&gt;</a>&nbsp;&nbsp;&nbsp;ll_processBasicIRQ_SRX (via Veneer)
<LI><a href="#[45]">&gt;&gt;</a>&nbsp;&nbsp;&nbsp;LL_IRQHandler1 (via Veneer)
</UL>

<P><STRONG><a name="[b6]"></a>ll_processExtAdvIRQ</STRONG> (Thumb, 0 bytes, Stack size 0 bytes, bb_rom_sym_m0.txt(ABSOLUTE))
<BR><BR>[Called By]<UL><LI><a href="#[45]">&gt;&gt;</a>&nbsp;&nbsp;&nbsp;LL_IRQHandler1 (via Veneer)
</UL>

<P><STRONG><a name="[b8]"></a>ll_processExtInitIRQ</STRONG> (Thumb, 0 bytes, Stack size 0 bytes, bb_rom_sym_m0.txt(ABSOLUTE))
<BR><BR>[Called By]<UL><LI><a href="#[45]">&gt;&gt;</a>&nbsp;&nbsp;&nbsp;LL_IRQHandler1 (via Veneer)
</UL>

<P><STRONG><a name="[b7]"></a>ll_processExtScanIRQ</STRONG> (Thumb, 0 bytes, Stack size 0 bytes, bb_rom_sym_m0.txt(ABSOLUTE))
<BR><BR>[Called By]<UL><LI><a href="#[45]">&gt;&gt;</a>&nbsp;&nbsp;&nbsp;LL_IRQHandler1 (via Veneer)
</UL>

<P><STRONG><a name="[b9]"></a>ll_processPrdAdvIRQ</STRONG> (Thumb, 0 bytes, Stack size 0 bytes, bb_rom_sym_m0.txt(ABSOLUTE))
<BR><BR>[Called By]<UL><LI><a href="#[45]">&gt;&gt;</a>&nbsp;&nbsp;&nbsp;LL_IRQHandler1 (via Veneer)
</UL>

<P><STRONG><a name="[ba]"></a>ll_processPrdScanIRQ</STRONG> (Thumb, 0 bytes, Stack size 0 bytes, bb_rom_sym_m0.txt(ABSOLUTE))
<BR><BR>[Called By]<UL><LI><a href="#[45]">&gt;&gt;</a>&nbsp;&nbsp;&nbsp;LL_IRQHandler1 (via Veneer)
</UL>

<P><STRONG><a name="[c3]"></a>ll_schedule_next_event</STRONG> (Thumb, 0 bytes, Stack size 0 bytes, bb_rom_sym_m0.txt(ABSOLUTE))
<BR><BR>[Called By]<UL><LI><a href="#[45]">&gt;&gt;</a>&nbsp;&nbsp;&nbsp;LL_IRQHandler1 (via Veneer)
</UL>

<P><STRONG><a name="[14a]"></a>ll_scheduler0</STRONG> (Thumb, 0 bytes, Stack size 0 bytes, bb_rom_sym_m0.txt(ABSOLUTE))
<BR><BR>[Called By]<UL><LI><a href="#[3e]">&gt;&gt;</a>&nbsp;&nbsp;&nbsp;ll_scheduler_singleconn (via Veneer)
</UL>

<P><STRONG><a name="[e1]"></a>log_printf</STRONG> (Thumb, 0 bytes, Stack size 0 bytes, bb_rom_sym_m0.txt(ABSOLUTE))
<BR><BR>[Called By]<UL><LI><a href="#[1c]">&gt;&gt;</a>&nbsp;&nbsp;&nbsp;_hard_fault (via Veneer)
</UL>

<P><STRONG><a name="[155]"></a>move_to_slave_function0</STRONG> (Thumb, 0 bytes, Stack size 0 bytes, bb_rom_sym_m0.txt(ABSOLUTE))
<BR><BR>[Called By]<UL><LI><a href="#[3d]">&gt;&gt;</a>&nbsp;&nbsp;&nbsp;move_to_slave_function1 (via Veneer)
</UL>

<P><STRONG><a name="[175]"></a>osalTimeUpdate</STRONG> (Thumb, 0 bytes, Stack size 0 bytes, bb_rom_sym_m0.txt(ABSOLUTE))
<BR><BR>[Called By]<UL><LI><a href="#[4e]">&gt;&gt;</a>&nbsp;&nbsp;&nbsp;wakeupProcess1 (via Veneer)
</UL>

<P><STRONG><a name="[158]"></a>osal_CbTimerInit</STRONG> (Thumb, 0 bytes, Stack size 0 bytes, bb_rom_sym_m0.txt(ABSOLUTE))
<BR><BR>[Called By]<UL><LI><a href="#[36]">&gt;&gt;</a>&nbsp;&nbsp;&nbsp;osalInitTasks (via Veneer)
</UL>

<P><STRONG><a name="[2a]"></a>osal_CbTimerProcessEvent</STRONG> (Thumb, 0 bytes, Stack size 0 bytes, bb_rom_sym_m0.txt(ABSOLUTE), UNUSED)
<BR>[Address Reference Count : 1]<UL><LI> osal_simplebleperipheral.o(.constdata)
</UL>
<P><STRONG><a name="[2bf]"></a>osal_CbTimerStart</STRONG> (Thumb, 0 bytes, Stack size 0 bytes, bb_rom_sym_m0.txt(ABSOLUTE))
<BR><BR>[Called By]<UL><LI><a href="#[303]">&gt;&gt;</a>&nbsp;&nbsp;&nbsp;smStartRspTimer (via Veneer)
<LI><a href="#[9]">&gt;&gt;</a>&nbsp;&nbsp;&nbsp;smResponderSendNextKeyInfo (via Veneer)
<LI><a href="#[258]">&gt;&gt;</a>&nbsp;&nbsp;&nbsp;l2capSendReq (via Veneer)
<LI><a href="#[24b]">&gt;&gt;</a>&nbsp;&nbsp;&nbsp;gattStartTimer (via Veneer)
</UL>

<P><STRONG><a name="[2c0]"></a>osal_CbTimerStop</STRONG> (Thumb, 0 bytes, Stack size 0 bytes, bb_rom_sym_m0.txt(ABSOLUTE))
<BR><BR>[Called By]<UL><LI><a href="#[2ed]">&gt;&gt;</a>&nbsp;&nbsp;&nbsp;smStopRspTimer (via Veneer)
<LI><a href="#[2d0]">&gt;&gt;</a>&nbsp;&nbsp;&nbsp;l2capStopTimer (via Veneer)
<LI><a href="#[2b5]">&gt;&gt;</a>&nbsp;&nbsp;&nbsp;gattStopTimer (via Veneer)
</UL>

<P><STRONG><a name="[30c]"></a>osal_CbTimerUpdate</STRONG> (Thumb, 0 bytes, Stack size 0 bytes, bb_rom_sym_m0.txt(ABSOLUTE))
<BR><BR>[Called By]<UL><LI><a href="#[303]">&gt;&gt;</a>&nbsp;&nbsp;&nbsp;smStartRspTimer (via Veneer)
</UL>

<P><STRONG><a name="[268]"></a>osal_bm_adjust_header</STRONG> (Thumb, 0 bytes, Stack size 0 bytes, bb_rom_sym_m0.txt(ABSOLUTE))
<BR><BR>[Called By]<UL><LI><a href="#[2cb]">&gt;&gt;</a>&nbsp;&nbsp;&nbsp;l2capParsePacket (via Veneer)
<LI><a href="#[265]">&gt;&gt;</a>&nbsp;&nbsp;&nbsp;l2capEncapSendData (via Veneer)
<LI><a href="#[266]">&gt;&gt;</a>&nbsp;&nbsp;&nbsp;L2CAP_bm_alloc (via Veneer)
</UL>

<P><STRONG><a name="[261]"></a>osal_bm_free</STRONG> (Thumb, 0 bytes, Stack size 0 bytes, bb_rom_sym_m0.txt(ABSOLUTE))
<BR><BR>[Called By]<UL><LI><a href="#[2c8]">&gt;&gt;</a>&nbsp;&nbsp;&nbsp;l2capPktToSegmentBuff (via Veneer)
<LI><a href="#[272]">&gt;&gt;</a>&nbsp;&nbsp;&nbsp;smProcessOSALMsg (via Veneer)
<LI><a href="#[25d]">&gt;&gt;</a>&nbsp;&nbsp;&nbsp;l2capSarBufReset (via Veneer)
<LI><a href="#[25f]">&gt;&gt;</a>&nbsp;&nbsp;&nbsp;l2capProcessRxData (via Veneer)
<LI><a href="#[256]">&gt;&gt;</a>&nbsp;&nbsp;&nbsp;l2capSendCmd (via Veneer)
<LI><a href="#[24f]">&gt;&gt;</a>&nbsp;&nbsp;&nbsp;gattProcessRxData (via Veneer)
<LI><a href="#[225]">&gt;&gt;</a>&nbsp;&nbsp;&nbsp;smSendSMMsg (via Veneer)
<LI><a href="#[262]">&gt;&gt;</a>&nbsp;&nbsp;&nbsp;L2CAP_SegmentPkt_Reset (via Veneer)
<LI><a href="#[260]">&gt;&gt;</a>&nbsp;&nbsp;&nbsp;L2CAP_ReassemblePkt_Reset (via Veneer)
<LI><a href="#[1c2]">&gt;&gt;</a>&nbsp;&nbsp;&nbsp;attSendMsg (via Veneer)
</UL>

<P><STRONG><a name="[204]"></a>osal_get_timeoutEx</STRONG> (Thumb, 0 bytes, Stack size 0 bytes, bb_rom_sym_m0.txt(ABSOLUTE))
<BR><BR>[Called By]<UL><LI><a href="#[201]">&gt;&gt;</a>&nbsp;&nbsp;&nbsp;GAPRole_SetParameter (via Veneer)
<LI><a href="#[2ac]">&gt;&gt;</a>&nbsp;&nbsp;&nbsp;gapRole_ProcessGAPMsg (via Veneer)
</UL>

<P><STRONG><a name="[ef]"></a>osal_init_system</STRONG> (Thumb, 0 bytes, Stack size 0 bytes, bb_rom_sym_m0.txt(ABSOLUTE))
<BR><BR>[Called By]<UL><LI><a href="#[ee]">&gt;&gt;</a>&nbsp;&nbsp;&nbsp;app_main (via Veneer)
</UL>

<P><STRONG><a name="[1d7]"></a>osal_isbufset</STRONG> (Thumb, 0 bytes, Stack size 0 bytes, bb_rom_sym_m0.txt(ABSOLUTE))
<BR><BR>[Called By]<UL><LI><a href="#[28e]">&gt;&gt;</a>&nbsp;&nbsp;&nbsp;gapBondMgrBondTotal (via Veneer)
<LI><a href="#[1e6]">&gt;&gt;</a>&nbsp;&nbsp;&nbsp;gapBondMgrAddBond (via Veneer)
<LI><a href="#[20f]">&gt;&gt;</a>&nbsp;&nbsp;&nbsp;GAP_SecParamsInit (via Veneer)
<LI><a href="#[1d5]">&gt;&gt;</a>&nbsp;&nbsp;&nbsp;GAPBondMgr_ResolveAddr (via Veneer)
<LI><a href="#[1d4]">&gt;&gt;</a>&nbsp;&nbsp;&nbsp;GAPBondMgr_LinkEst (via Veneer)
<LI><a href="#[28c]">&gt;&gt;</a>&nbsp;&nbsp;&nbsp;gapBondMgr_SyncWhiteList (via Veneer)
<LI><a href="#[1f7]">&gt;&gt;</a>&nbsp;&nbsp;&nbsp;gapBondMgrUpdateCharCfg (via Veneer)
<LI><a href="#[1eb]">&gt;&gt;</a>&nbsp;&nbsp;&nbsp;gapBondMgrEraseBonding (via Veneer)
<LI><a href="#[1f3]">&gt;&gt;</a>&nbsp;&nbsp;&nbsp;gapBondMgrChangeState (via Veneer)
</UL>

<P><STRONG><a name="[13c]"></a>osal_mem_alloc</STRONG> (Thumb, 0 bytes, Stack size 0 bytes, bb_rom_sym_m0.txt(ABSOLUTE))
<BR><BR>[Called By]<UL><LI><a href="#[241]">&gt;&gt;</a>&nbsp;&nbsp;&nbsp;GATT_RegisterService (via Veneer)
<LI><a href="#[1fc]">&gt;&gt;</a>&nbsp;&nbsp;&nbsp;GAP_MakeDiscoverable (via Veneer)
<LI><a href="#[22c]">&gt;&gt;</a>&nbsp;&nbsp;&nbsp;GATTServApp_RegisterService (via Veneer)
<LI><a href="#[208]">&gt;&gt;</a>&nbsp;&nbsp;&nbsp;GAP_Authenticate (via Veneer)
<LI><a href="#[36]">&gt;&gt;</a>&nbsp;&nbsp;&nbsp;osalInitTasks (via Veneer)
<LI><a href="#[44]">&gt;&gt;</a>&nbsp;&nbsp;&nbsp;ll_hw_go1 (via Veneer)
<LI><a href="#[52]">&gt;&gt;</a>&nbsp;&nbsp;&nbsp;ll_generateTxBuffer1 (via Veneer)
<LI><a href="#[58]">&gt;&gt;</a>&nbsp;&nbsp;&nbsp;llWriteTxData1 (via Veneer)
<LI><a href="#[26d]">&gt;&gt;</a>&nbsp;&nbsp;&nbsp;sm_CMAC (via Veneer)
<LI><a href="#[2c1]">&gt;&gt;</a>&nbsp;&nbsp;&nbsp;generate_subkey (via Veneer)
<LI><a href="#[30b]">&gt;&gt;</a>&nbsp;&nbsp;&nbsp;smSavePairInfo (via Veneer)
<LI><a href="#[319]">&gt;&gt;</a>&nbsp;&nbsp;&nbsp;smpResponderProcessSigningInfo (via Veneer)
<LI><a href="#[314]">&gt;&gt;</a>&nbsp;&nbsp;&nbsp;smpResponderProcessIdentityInfo (via Veneer)
<LI><a href="#[312]">&gt;&gt;</a>&nbsp;&nbsp;&nbsp;smpResponderProcessEncryptionInformation (via Veneer)
<LI><a href="#[9]">&gt;&gt;</a>&nbsp;&nbsp;&nbsp;smResponderSendNextKeyInfo (via Veneer)
<LI><a href="#[21a]">&gt;&gt;</a>&nbsp;&nbsp;&nbsp;gapAllocAdvRecs (via Veneer)
<LI><a href="#[209]">&gt;&gt;</a>&nbsp;&nbsp;&nbsp;SM_StartPairing (via Veneer)
<LI><a href="#[296]">&gt;&gt;</a>&nbsp;&nbsp;&nbsp;gapPairingCompleteCB (via Veneer)
<LI><a href="#[1cb]">&gt;&gt;</a>&nbsp;&nbsp;&nbsp;SM_VerifyAuthenSig (via Veneer)
<LI><a href="#[26a]">&gt;&gt;</a>&nbsp;&nbsp;&nbsp;SM_GenerateAuthenSig (via Veneer)
</UL>

<P><STRONG><a name="[134]"></a>osal_mem_free</STRONG> (Thumb, 0 bytes, Stack size 0 bytes, bb_rom_sym_m0.txt(ABSOLUTE))
<BR><BR>[Called By]<UL><LI><a href="#[210]">&gt;&gt;</a>&nbsp;&nbsp;&nbsp;GAP_PeriDevMgrInit (via Veneer)
<LI><a href="#[1d6]">&gt;&gt;</a>&nbsp;&nbsp;&nbsp;GAP_Bond (via Veneer)
<LI><a href="#[57]">&gt;&gt;</a>&nbsp;&nbsp;&nbsp;ll_hw_read_tfifo_rtlp1 (via Veneer)
<LI><a href="#[52]">&gt;&gt;</a>&nbsp;&nbsp;&nbsp;ll_generateTxBuffer1 (via Veneer)
<LI><a href="#[56]">&gt;&gt;</a>&nbsp;&nbsp;&nbsp;llSlaveEvt_TaskEndOk1 (via Veneer)
<LI><a href="#[5a]">&gt;&gt;</a>&nbsp;&nbsp;&nbsp;llReleaseConnId1 (via Veneer)
<LI><a href="#[275]">&gt;&gt;</a>&nbsp;&nbsp;&nbsp;smFreePairingParams (via Veneer)
<LI><a href="#[26d]">&gt;&gt;</a>&nbsp;&nbsp;&nbsp;sm_CMAC (via Veneer)
<LI><a href="#[2c1]">&gt;&gt;</a>&nbsp;&nbsp;&nbsp;generate_subkey (via Veneer)
<LI><a href="#[305]">&gt;&gt;</a>&nbsp;&nbsp;&nbsp;smProcessRandComplete (via Veneer)
<LI><a href="#[215]">&gt;&gt;</a>&nbsp;&nbsp;&nbsp;gapFreeAdvertState (via Veneer)
<LI><a href="#[21a]">&gt;&gt;</a>&nbsp;&nbsp;&nbsp;gapAllocAdvRecs (via Veneer)
<LI><a href="#[2a4]">&gt;&gt;</a>&nbsp;&nbsp;&nbsp;linkDB_Remove (via Veneer)
<LI><a href="#[296]">&gt;&gt;</a>&nbsp;&nbsp;&nbsp;gapPairingCompleteCB (via Veneer)
<LI><a href="#[295]">&gt;&gt;</a>&nbsp;&nbsp;&nbsp;gapFreeEstLink (via Veneer)
<LI><a href="#[20b]">&gt;&gt;</a>&nbsp;&nbsp;&nbsp;gapFreeAuthLink (via Veneer)
<LI><a href="#[1cb]">&gt;&gt;</a>&nbsp;&nbsp;&nbsp;SM_VerifyAuthenSig (via Veneer)
<LI><a href="#[26a]">&gt;&gt;</a>&nbsp;&nbsp;&nbsp;SM_GenerateAuthenSig (via Veneer)
</UL>

<P><STRONG><a name="[f3]"></a>osal_mem_set_heap</STRONG> (Thumb, 0 bytes, Stack size 0 bytes, bb_rom_sym_m0.txt(ABSOLUTE))
<BR><BR>[Called By]<UL><LI><a href="#[f2]">&gt;&gt;</a>&nbsp;&nbsp;&nbsp;ble_mem_init_config (via Veneer)
</UL>

<P><STRONG><a name="[100]"></a>osal_memcmp</STRONG> (Thumb, 0 bytes, Stack size 0 bytes, bb_rom_sym_m0.txt(ABSOLUTE))
<BR><BR>[Called By]<UL><LI><a href="#[2db]">&gt;&gt;</a>&nbsp;&nbsp;&nbsp;process_cmd (via Veneer)
<LI><a href="#[1bf]">&gt;&gt;</a>&nbsp;&nbsp;&nbsp;ATT_CompareUUID (via Veneer)
<LI><a href="#[2b8]">&gt;&gt;</a>&nbsp;&nbsp;&nbsp;gattServApp_ProcessFindByTypeValueReq (via Veneer)
<LI><a href="#[1d5]">&gt;&gt;</a>&nbsp;&nbsp;&nbsp;GAPBondMgr_ResolveAddr (via Veneer)
<LI><a href="#[1f0]">&gt;&gt;</a>&nbsp;&nbsp;&nbsp;gapBondMgrFindAddr (via Veneer)
<LI><a href="#[41]">&gt;&gt;</a>&nbsp;&nbsp;&nbsp;llConnTerminate1 (via Veneer)
<LI><a href="#[317]">&gt;&gt;</a>&nbsp;&nbsp;&nbsp;smpResponderProcessPairingRandom (via Veneer)
<LI><a href="#[a]">&gt;&gt;</a>&nbsp;&nbsp;&nbsp;smResponderProcessLTKReq (via Veneer)
<LI><a href="#[221]">&gt;&gt;</a>&nbsp;&nbsp;&nbsp;SM_ResolveRandomAddrs (via Veneer)
<LI><a href="#[1cb]">&gt;&gt;</a>&nbsp;&nbsp;&nbsp;SM_VerifyAuthenSig (via Veneer)
<LI><a href="#[df]">&gt;&gt;</a>&nbsp;&nbsp;&nbsp;finidv (via Veneer)
</UL>

<P><STRONG><a name="[118]"></a>osal_memcpy</STRONG> (Thumb, 0 bytes, Stack size 0 bytes, bb_rom_sym_m0.txt(ABSOLUTE))
<BR><BR>[Called By]<UL><LI><a href="#[1e8]">&gt;&gt;</a>&nbsp;&nbsp;&nbsp;gapBondMgrAuthenticate (via Veneer)
<LI><a href="#[1e6]">&gt;&gt;</a>&nbsp;&nbsp;&nbsp;gapBondMgrAddBond (via Veneer)
<LI><a href="#[117]">&gt;&gt;</a>&nbsp;&nbsp;&nbsp;hal_fs_item_write (via Veneer)
<LI><a href="#[2e4]">&gt;&gt;</a>&nbsp;&nbsp;&nbsp;response_rsp (via Veneer)
<LI><a href="#[2e0]">&gt;&gt;</a>&nbsp;&nbsp;&nbsp;response (via Veneer)
<LI><a href="#[2db]">&gt;&gt;</a>&nbsp;&nbsp;&nbsp;process_cmd (via Veneer)
<LI><a href="#[241]">&gt;&gt;</a>&nbsp;&nbsp;&nbsp;GATT_RegisterService (via Veneer)
<LI><a href="#[2ba]">&gt;&gt;</a>&nbsp;&nbsp;&nbsp;gattServApp_ProcessReadMultiReq (via Veneer)
<LI><a href="#[2b9]">&gt;&gt;</a>&nbsp;&nbsp;&nbsp;gattServApp_ProcessReadByTypeReq (via Veneer)
<LI><a href="#[2bb]">&gt;&gt;</a>&nbsp;&nbsp;&nbsp;gattServApp_ProcessReadByGrpTypeReq (via Veneer)
<LI><a href="#[2bd]">&gt;&gt;</a>&nbsp;&nbsp;&nbsp;gattServApp_ProcessPrepareWriteReq (via Veneer)
<LI><a href="#[203]">&gt;&gt;</a>&nbsp;&nbsp;&nbsp;GAP_UpdateAdvertisingData (via Veneer)
<LI><a href="#[1fc]">&gt;&gt;</a>&nbsp;&nbsp;&nbsp;GAP_MakeDiscoverable (via Veneer)
<LI><a href="#[201]">&gt;&gt;</a>&nbsp;&nbsp;&nbsp;GAPRole_SetParameter (via Veneer)
<LI><a href="#[2f]">&gt;&gt;</a>&nbsp;&nbsp;&nbsp;GAPRole_ProcessEvent (via Veneer)
<LI><a href="#[1f8]">&gt;&gt;</a>&nbsp;&nbsp;&nbsp;GAPRole_GetParameter (via Veneer)
<LI><a href="#[2ac]">&gt;&gt;</a>&nbsp;&nbsp;&nbsp;gapRole_ProcessGAPMsg (via Veneer)
<LI><a href="#[80]">&gt;&gt;</a>&nbsp;&nbsp;&nbsp;ggs_WriteAttrCB (via Veneer)
<LI><a href="#[7f]">&gt;&gt;</a>&nbsp;&nbsp;&nbsp;ggs_ReadAttrCB (via Veneer)
<LI><a href="#[253]">&gt;&gt;</a>&nbsp;&nbsp;&nbsp;GGS_SetParameter (via Veneer)
<LI><a href="#[238]">&gt;&gt;</a>&nbsp;&nbsp;&nbsp;GATTServApp_ReadAttr (via Veneer)
<LI><a href="#[1d8]">&gt;&gt;</a>&nbsp;&nbsp;&nbsp;GAP_Signable (via Veneer)
<LI><a href="#[208]">&gt;&gt;</a>&nbsp;&nbsp;&nbsp;GAP_Authenticate (via Veneer)
<LI><a href="#[1f5]">&gt;&gt;</a>&nbsp;&nbsp;&nbsp;GAPBondMgr_SetParameter (via Veneer)
<LI><a href="#[1d5]">&gt;&gt;</a>&nbsp;&nbsp;&nbsp;GAPBondMgr_ResolveAddr (via Veneer)
<LI><a href="#[1e1]">&gt;&gt;</a>&nbsp;&nbsp;&nbsp;GAPBondMgr_ProcessGAPMsg (via Veneer)
<LI><a href="#[1f2]">&gt;&gt;</a>&nbsp;&nbsp;&nbsp;gapBondMgrGetPublicAddr (via Veneer)
<LI><a href="#[2e6]">&gt;&gt;</a>&nbsp;&nbsp;&nbsp;updateAdvData (via Veneer)
<LI><a href="#[1]">&gt;&gt;</a>&nbsp;&nbsp;&nbsp;peripheralStateNotificationCB (via Veneer)
<LI><a href="#[160]">&gt;&gt;</a>&nbsp;&nbsp;&nbsp;SimpleBLEPeripheral_Init (via Veneer)
<LI><a href="#[284]">&gt;&gt;</a>&nbsp;&nbsp;&nbsp;simpleProfile_Notify (via Veneer)
<LI><a href="#[279]">&gt;&gt;</a>&nbsp;&nbsp;&nbsp;SimpleProfile_SetParameter (via Veneer)
<LI><a href="#[285]">&gt;&gt;</a>&nbsp;&nbsp;&nbsp;SimpleProfile_GetParameter (via Veneer)
<LI><a href="#[85]">&gt;&gt;</a>&nbsp;&nbsp;&nbsp;simpleProfile_WriteAttrCB (via Veneer)
<LI><a href="#[84]">&gt;&gt;</a>&nbsp;&nbsp;&nbsp;simpleProfile_ReadAttrCB (via Veneer)
<LI><a href="#[197]">&gt;&gt;</a>&nbsp;&nbsp;&nbsp;LL_SetRandomAddress1 (via Veneer)
<LI><a href="#[300]">&gt;&gt;</a>&nbsp;&nbsp;&nbsp;smpParseSigningInfo (via Veneer)
<LI><a href="#[2fa]">&gt;&gt;</a>&nbsp;&nbsp;&nbsp;smpParsePairingRandom (via Veneer)
<LI><a href="#[2f9]">&gt;&gt;</a>&nbsp;&nbsp;&nbsp;smpParsePairingConfirm (via Veneer)
[...]
<LI><a href="#[2b3]">&gt;&gt;</a>&nbsp;&nbsp;&nbsp;gattNotifyEvent
<LI><a href="#[2b4]">&gt;&gt;</a>&nbsp;&nbsp;&nbsp;gattResetServerInfo
<LI><a href="#[2b2]">&gt;&gt;</a>&nbsp;&nbsp;&nbsp;gattFindServerInfo
</UL>
<BR>[Address Reference Count : 1]<UL><LI> gatt_server.o(i.GATT_InitServer)
</UL>
<P><STRONG><a name="[248]"></a>gattServiceLastHandle</STRONG> (Thumb, 24 bytes, Stack size 4 bytes, gatt_server.o(i.gattServiceLastHandle))
<BR><BR>[Stack]<UL><LI>Max Depth = 4<LI>Call Chain = gattServiceLastHandle
</UL>
<BR>[Calls]<UL><LI><a href="#[2be]">&gt;&gt;</a>&nbsp;&nbsp;&nbsp;GATT_ServiceNumAttrs
</UL>
<BR>[Called By]<UL><LI><a href="#[23f]">&gt;&gt;</a>&nbsp;&nbsp;&nbsp;GATT_FindNextAttr
</UL>

<P><STRONG><a name="[24f]"></a>gattProcessRxData</STRONG> (Thumb, 142 bytes, Stack size 32 bytes, gatt_task.o(i.gattProcessRxData))
<BR><BR>[Stack]<UL><LI>Max Depth = 284<LI>Call Chain = gattProcessRxData &rArr; ATT_ErrorRsp &rArr; attSendMsg &rArr; SM_GenerateAuthenSig &rArr; sm_CMAC &rArr; generate_subkey &rArr; xor_128
</UL>
<BR>[Calls]<UL><LI><a href="#[1c1]">&gt;&gt;</a>&nbsp;&nbsp;&nbsp;ATT_ErrorRsp
<LI><a href="#[261]">&gt;&gt;</a>&nbsp;&nbsp;&nbsp;osal_bm_free (via Veneer)
<LI><a href="#[246]">&gt;&gt;</a>&nbsp;&nbsp;&nbsp;L2CAP_HostNumCompletedPkts
<LI><a href="#[1ca]">&gt;&gt;</a>&nbsp;&nbsp;&nbsp;ATT_ParsePacket
</UL>
<BR>[Called By]<UL><LI><a href="#[2e]">&gt;&gt;</a>&nbsp;&nbsp;&nbsp;GATT_ProcessEvent
</UL>

<P><STRONG><a name="[2cc]"></a>l2capProcessRsp</STRONG> (Thumb, 104 bytes, Stack size 56 bytes, l2cap_task.o(i.l2capProcessRsp))
<BR><BR>[Stack]<UL><LI>Max Depth = 96<LI>Call Chain = l2capProcessRsp &rArr; l2capNotifySignal
</UL>
<BR>[Calls]<UL><LI><a href="#[2d0]">&gt;&gt;</a>&nbsp;&nbsp;&nbsp;l2capStopTimer
<LI><a href="#[2cf]">&gt;&gt;</a>&nbsp;&nbsp;&nbsp;l2capParseParamUpdateRsp
<LI><a href="#[2ce]">&gt;&gt;</a>&nbsp;&nbsp;&nbsp;l2capParseCmdReject
<LI><a href="#[2c9]">&gt;&gt;</a>&nbsp;&nbsp;&nbsp;l2capNotifySignal
<LI><a href="#[2d1]">&gt;&gt;</a>&nbsp;&nbsp;&nbsp;l2capFreeChannel
<LI><a href="#[2cd]">&gt;&gt;</a>&nbsp;&nbsp;&nbsp;l2capFindLocalId
</UL>
<BR>[Called By]<UL><LI><a href="#[2d2]">&gt;&gt;</a>&nbsp;&nbsp;&nbsp;l2capProcessSignal
</UL>

<P><STRONG><a name="[25f]"></a>l2capProcessRxData</STRONG> (Thumb, 142 bytes, Stack size 32 bytes, l2cap_task.o(i.l2capProcessRxData))
<BR><BR>[Stack]<UL><LI>Max Depth = 256<LI>Call Chain = l2capProcessRxData &rArr; l2capProcessSignal &rArr; L2CAP_CmdReject &rArr; l2capSendCmd &rArr; l2capEncapSendData &rArr; l2capPktToSegmentBuff &rArr; L2CAP_Fragment_bm_alloc
</UL>
<BR>[Calls]<UL><LI><a href="#[261]">&gt;&gt;</a>&nbsp;&nbsp;&nbsp;osal_bm_free (via Veneer)
<LI><a href="#[2cb]">&gt;&gt;</a>&nbsp;&nbsp;&nbsp;l2capParsePacket
<LI><a href="#[2ca]">&gt;&gt;</a>&nbsp;&nbsp;&nbsp;l2capNotifyData
<LI><a href="#[2d2]">&gt;&gt;</a>&nbsp;&nbsp;&nbsp;l2capProcessSignal
<LI><a href="#[246]">&gt;&gt;</a>&nbsp;&nbsp;&nbsp;L2CAP_HostNumCompletedPkts
</UL>
<BR>[Called By]<UL><LI><a href="#[2b]">&gt;&gt;</a>&nbsp;&nbsp;&nbsp;L2CAP_ProcessEvent
</UL>

<P><STRONG><a name="[2d2]"></a>l2capProcessSignal</STRONG> (Thumb, 164 bytes, Stack size 40 bytes, l2cap_task.o(i.l2capProcessSignal))
<BR><BR>[Stack]<UL><LI>Max Depth = 224<LI>Call Chain = l2capProcessSignal &rArr; L2CAP_CmdReject &rArr; l2capSendCmd &rArr; l2capEncapSendData &rArr; l2capPktToSegmentBuff &rArr; L2CAP_Fragment_bm_alloc
</UL>
<BR>[Calls]<UL><LI><a href="#[2d3]">&gt;&gt;</a>&nbsp;&nbsp;&nbsp;l2capParseSignalHdr
<LI><a href="#[2c9]">&gt;&gt;</a>&nbsp;&nbsp;&nbsp;l2capNotifySignal
<LI><a href="#[2d5]">&gt;&gt;</a>&nbsp;&nbsp;&nbsp;l2capHandleRxError
<LI><a href="#[2d4]">&gt;&gt;</a>&nbsp;&nbsp;&nbsp;L2CAP_ParseParamUpdateReq
<LI><a href="#[2cc]">&gt;&gt;</a>&nbsp;&nbsp;&nbsp;l2capProcessRsp
<LI><a href="#[255]">&gt;&gt;</a>&nbsp;&nbsp;&nbsp;L2CAP_CmdReject
</UL>
<BR>[Called By]<UL><LI><a href="#[25f]">&gt;&gt;</a>&nbsp;&nbsp;&nbsp;l2capProcessRxData
</UL>

<P><STRONG><a name="[2d7]"></a>reportStatusChange</STRONG> (Thumb, 40 bytes, Stack size 24 bytes, linkdb.o(i.reportStatusChange))
<BR><BR>[Stack]<UL><LI>Max Depth = 24<LI>Call Chain = reportStatusChange
</UL>
<BR>[Called By]<UL><LI><a href="#[2a4]">&gt;&gt;</a>&nbsp;&nbsp;&nbsp;linkDB_Remove
<LI><a href="#[2a1]">&gt;&gt;</a>&nbsp;&nbsp;&nbsp;linkDB_Add
</UL>

<P><STRONG><a name="[a]"></a>smResponderProcessLTKReq</STRONG> (Thumb, 230 bytes, Stack size 64 bytes, sm_rsppairing.o(i.smResponderProcessLTKReq))
<BR><BR>[Stack]<UL><LI>Max Depth = 192<LI>Call Chain = smResponderProcessLTKReq &rArr; smEndPairing &rArr; gapPairingCompleteCB &rArr; sendAuthEvent &rArr; gapFreeAuthLink
</UL>
<BR>[Calls]<UL><LI><a href="#[102]">&gt;&gt;</a>&nbsp;&nbsp;&nbsp;osal_memset (via Veneer)
<LI><a href="#[118]">&gt;&gt;</a>&nbsp;&nbsp;&nbsp;osal_memcpy (via Veneer)
<LI><a href="#[100]">&gt;&gt;</a>&nbsp;&nbsp;&nbsp;osal_memcmp (via Veneer)
<LI><a href="#[1e5]">&gt;&gt;</a>&nbsp;&nbsp;&nbsp;linkDB_Find
<LI><a href="#[194]">&gt;&gt;</a>&nbsp;&nbsp;&nbsp;HCI_LE_LtkReqReplyCmd
<LI><a href="#[191]">&gt;&gt;</a>&nbsp;&nbsp;&nbsp;HCI_LE_LtkReqNegReplyCmd
<LI><a href="#[307]">&gt;&gt;</a>&nbsp;&nbsp;&nbsp;sm_s1
<LI><a href="#[2ec]">&gt;&gt;</a>&nbsp;&nbsp;&nbsp;smEndPairing
<LI><a href="#[308]">&gt;&gt;</a>&nbsp;&nbsp;&nbsp;smDetermineKeySize
</UL>
<BR>[Address Reference Count : 1]<UL><LI> sm_rsppairing.o(.data)
</UL>
<P><STRONG><a name="[9]"></a>smResponderSendNextKeyInfo</STRONG> (Thumb, 448 bytes, Stack size 32 bytes, sm_rsppairing.o(i.smResponderSendNextKeyInfo))
<BR><BR>[Stack]<UL><LI>Max Depth = 216<LI>Call Chain = smResponderSendNextKeyInfo &rArr; smPairingSendMasterID &rArr; smSendSMMsg &rArr; L2CAP_SendData &rArr; l2capEncapSendData &rArr; l2capPktToSegmentBuff &rArr; L2CAP_Fragment_bm_alloc
</UL>
<BR>[Calls]<UL><LI><a href="#[102]">&gt;&gt;</a>&nbsp;&nbsp;&nbsp;osal_memset (via Veneer)
<LI><a href="#[13c]">&gt;&gt;</a>&nbsp;&nbsp;&nbsp;osal_mem_alloc (via Veneer)
<LI><a href="#[1e5]">&gt;&gt;</a>&nbsp;&nbsp;&nbsp;linkDB_Find
<LI><a href="#[16e]">&gt;&gt;</a>&nbsp;&nbsp;&nbsp;__ARM_common_switch8 (via Veneer)
<LI><a href="#[2ef]">&gt;&gt;</a>&nbsp;&nbsp;&nbsp;osal_rand (via Veneer)
<LI><a href="#[2bf]">&gt;&gt;</a>&nbsp;&nbsp;&nbsp;osal_CbTimerStart (via Veneer)
<LI><a href="#[2f6]">&gt;&gt;</a>&nbsp;&nbsp;&nbsp;smPairingSendSingingInfo
<LI><a href="#[2f5]">&gt;&gt;</a>&nbsp;&nbsp;&nbsp;smPairingSendMasterID
<LI><a href="#[2f4]">&gt;&gt;</a>&nbsp;&nbsp;&nbsp;smPairingSendIdentityInfo
<LI><a href="#[2f3]">&gt;&gt;</a>&nbsp;&nbsp;&nbsp;smPairingSendIdentityAddrInfo
<LI><a href="#[2f2]">&gt;&gt;</a>&nbsp;&nbsp;&nbsp;smPairingSendEncInfo
<LI><a href="#[308]">&gt;&gt;</a>&nbsp;&nbsp;&nbsp;smDetermineKeySize
<LI><a href="#[222]">&gt;&gt;</a>&nbsp;&nbsp;&nbsp;smGenerateRandBuf
<LI><a href="#[26c]">&gt;&gt;</a>&nbsp;&nbsp;&nbsp;gapGetSRK
<LI><a href="#[21e]">&gt;&gt;</a>&nbsp;&nbsp;&nbsp;gapGetIRK
<LI><a href="#[309]">&gt;&gt;</a>&nbsp;&nbsp;&nbsp;gapGetDevAddressMode
<LI><a href="#[30a]">&gt;&gt;</a>&nbsp;&nbsp;&nbsp;gapGetDevAddress
</UL>
<BR>[Address Reference Count : 1]<UL><LI> sm_rsppairing.o(.data)
</UL>
<P><STRONG><a name="[312]"></a>smpResponderProcessEncryptionInformation</STRONG> (Thumb, 84 bytes, Stack size 24 bytes, sm_rsppairing.o(i.smpResponderProcessEncryptionInformation))
<BR><BR>[Stack]<UL><LI>Max Depth = 24<LI>Call Chain = smpResponderProcessEncryptionInformation
</UL>
<BR>[Calls]<UL><LI><a href="#[118]">&gt;&gt;</a>&nbsp;&nbsp;&nbsp;osal_memcpy (via Veneer)
<LI><a href="#[13c]">&gt;&gt;</a>&nbsp;&nbsp;&nbsp;osal_mem_alloc (via Veneer)
<LI><a href="#[308]">&gt;&gt;</a>&nbsp;&nbsp;&nbsp;smDetermineKeySize
</UL>
<BR>[Called By]<UL><LI><a href="#[8]">&gt;&gt;</a>&nbsp;&nbsp;&nbsp;smpResponderProcessIncoming
</UL>

<P><STRONG><a name="[313]"></a>smpResponderProcessIdentityAddrInfo</STRONG> (Thumb, 72 bytes, Stack size 16 bytes, sm_rsppairing.o(i.smpResponderProcessIdentityAddrInfo))
<BR><BR>[Stack]<UL><LI>Max Depth = 144<LI>Call Chain = smpResponderProcessIdentityAddrInfo &rArr; smEndPairing &rArr; gapPairingCompleteCB &rArr; sendAuthEvent &rArr; gapFreeAuthLink
</UL>
<BR>[Calls]<UL><LI><a href="#[118]">&gt;&gt;</a>&nbsp;&nbsp;&nbsp;osal_memcpy (via Veneer)
<LI><a href="#[2ec]">&gt;&gt;</a>&nbsp;&nbsp;&nbsp;smEndPairing
</UL>
<BR>[Called By]<UL><LI><a href="#[8]">&gt;&gt;</a>&nbsp;&nbsp;&nbsp;smpResponderProcessIncoming
</UL>

<P><STRONG><a name="[314]"></a>smpResponderProcessIdentityInfo</STRONG> (Thumb, 70 bytes, Stack size 16 bytes, sm_rsppairing.o(i.smpResponderProcessIdentityInfo))
<BR><BR>[Stack]<UL><LI>Max Depth = 16<LI>Call Chain = smpResponderProcessIdentityInfo
</UL>
<BR>[Calls]<UL><LI><a href="#[118]">&gt;&gt;</a>&nbsp;&nbsp;&nbsp;osal_memcpy (via Veneer)
<LI><a href="#[13c]">&gt;&gt;</a>&nbsp;&nbsp;&nbsp;osal_mem_alloc (via Veneer)
</UL>
<BR>[Called By]<UL><LI><a href="#[8]">&gt;&gt;</a>&nbsp;&nbsp;&nbsp;smpResponderProcessIncoming
</UL>

<P><STRONG><a name="[8]"></a>smpResponderProcessIncoming</STRONG> (Thumb, 178 bytes, Stack size 32 bytes, sm_rsppairing.o(i.smpResponderProcessIncoming))
<BR><BR>[Stack]<UL><LI>Max Depth = 288<LI>Call Chain = smpResponderProcessIncoming &rArr; smpResponderProcessPairingRandom &rArr; sm_c1 &rArr; sm_c1new &rArr; sm_xor
</UL>
<BR>[Calls]<UL><LI><a href="#[16e]">&gt;&gt;</a>&nbsp;&nbsp;&nbsp;__ARM_common_switch8 (via Veneer)
<LI><a href="#[2ec]">&gt;&gt;</a>&nbsp;&nbsp;&nbsp;smEndPairing
<LI><a href="#[311]">&gt;&gt;</a>&nbsp;&nbsp;&nbsp;smAuthReqToUint8
<LI><a href="#[315]">&gt;&gt;</a>&nbsp;&nbsp;&nbsp;smpResponderProcessPairingReq
<LI><a href="#[319]">&gt;&gt;</a>&nbsp;&nbsp;&nbsp;smpResponderProcessSigningInfo
<LI><a href="#[317]">&gt;&gt;</a>&nbsp;&nbsp;&nbsp;smpResponderProcessPairingRandom
<LI><a href="#[316]">&gt;&gt;</a>&nbsp;&nbsp;&nbsp;smpResponderProcessPairingConfirm
<LI><a href="#[318]">&gt;&gt;</a>&nbsp;&nbsp;&nbsp;smpResponderProcessMasterID
<LI><a href="#[314]">&gt;&gt;</a>&nbsp;&nbsp;&nbsp;smpResponderProcessIdentityInfo
<LI><a href="#[313]">&gt;&gt;</a>&nbsp;&nbsp;&nbsp;smpResponderProcessIdentityAddrInfo
<LI><a href="#[312]">&gt;&gt;</a>&nbsp;&nbsp;&nbsp;smpResponderProcessEncryptionInformation
<LI><a href="#[2af]">&gt;&gt;</a>&nbsp;&nbsp;&nbsp;gapSendPairingReqEvent
</UL>
<BR>[Address Reference Count : 1]<UL><LI> sm_rsppairing.o(.data)
</UL>
<P><STRONG><a name="[318]"></a>smpResponderProcessMasterID</STRONG> (Thumb, 100 bytes, Stack size 16 bytes, sm_rsppairing.o(i.smpResponderProcessMasterID))
<BR><BR>[Stack]<UL><LI>Max Depth = 144<LI>Call Chain = smpResponderProcessMasterID &rArr; smEndPairing &rArr; gapPairingCompleteCB &rArr; sendAuthEvent &rArr; gapFreeAuthLink
</UL>
<BR>[Calls]<UL><LI><a href="#[118]">&gt;&gt;</a>&nbsp;&nbsp;&nbsp;osal_memcpy (via Veneer)
<LI><a href="#[2ec]">&gt;&gt;</a>&nbsp;&nbsp;&nbsp;smEndPairing
</UL>
<BR>[Called By]<UL><LI><a href="#[8]">&gt;&gt;</a>&nbsp;&nbsp;&nbsp;smpResponderProcessIncoming
</UL>

<P><STRONG><a name="[316]"></a>smpResponderProcessPairingConfirm</STRONG> (Thumb, 76 bytes, Stack size 24 bytes, sm_rsppairing.o(i.smpResponderProcessPairingConfirm))
<BR><BR>[Stack]<UL><LI>Max Depth = 240<LI>Call Chain = smpResponderProcessPairingConfirm &rArr; sm_c1 &rArr; sm_c1new &rArr; sm_xor
</UL>
<BR>[Calls]<UL><LI><a href="#[118]">&gt;&gt;</a>&nbsp;&nbsp;&nbsp;osal_memcpy (via Veneer)
<LI><a href="#[270]">&gt;&gt;</a>&nbsp;&nbsp;&nbsp;sm_c1
<LI><a href="#[271]">&gt;&gt;</a>&nbsp;&nbsp;&nbsp;smGenerateConfirm
</UL>
<BR>[Called By]<UL><LI><a href="#[8]">&gt;&gt;</a>&nbsp;&nbsp;&nbsp;smpResponderProcessIncoming
</UL>

<P><STRONG><a name="[317]"></a>smpResponderProcessPairingRandom</STRONG> (Thumb, 92 bytes, Stack size 40 bytes, sm_rsppairing.o(i.smpResponderProcessPairingRandom))
<BR><BR>[Stack]<UL><LI>Max Depth = 256<LI>Call Chain = smpResponderProcessPairingRandom &rArr; sm_c1 &rArr; sm_c1new &rArr; sm_xor
</UL>
<BR>[Calls]<UL><LI><a href="#[118]">&gt;&gt;</a>&nbsp;&nbsp;&nbsp;osal_memcpy (via Veneer)
<LI><a href="#[100]">&gt;&gt;</a>&nbsp;&nbsp;&nbsp;osal_memcmp (via Veneer)
<LI><a href="#[270]">&gt;&gt;</a>&nbsp;&nbsp;&nbsp;sm_c1
<LI><a href="#[2f0]">&gt;&gt;</a>&nbsp;&nbsp;&nbsp;smGenerateRandMsg
</UL>
<BR>[Called By]<UL><LI><a href="#[8]">&gt;&gt;</a>&nbsp;&nbsp;&nbsp;smpResponderProcessIncoming
</UL>

<P><STRONG><a name="[319]"></a>smpResponderProcessSigningInfo</STRONG> (Thumb, 86 bytes, Stack size 24 bytes, sm_rsppairing.o(i.smpResponderProcessSigningInfo))
<BR><BR>[Stack]<UL><LI>Max Depth = 152<LI>Call Chain = smpResponderProcessSigningInfo &rArr; smEndPairing &rArr; gapPairingCompleteCB &rArr; sendAuthEvent &rArr; gapFreeAuthLink
</UL>
<BR>[Calls]<UL><LI><a href="#[118]">&gt;&gt;</a>&nbsp;&nbsp;&nbsp;osal_memcpy (via Veneer)
<LI><a href="#[13c]">&gt;&gt;</a>&nbsp;&nbsp;&nbsp;osal_mem_alloc (via Veneer)
<LI><a href="#[2ec]">&gt;&gt;</a>&nbsp;&nbsp;&nbsp;smEndPairing
</UL>
<BR>[Called By]<UL><LI><a href="#[8]">&gt;&gt;</a>&nbsp;&nbsp;&nbsp;smpResponderProcessIncoming
</UL>

<P><STRONG><a name="[272]"></a>smProcessOSALMsg</STRONG> (Thumb, 134 bytes, Stack size 16 bytes, sm_task.o(i.smProcessOSALMsg))
<BR><BR>[Stack]<UL><LI>Max Depth = 224<LI>Call Chain = smProcessOSALMsg &rArr; smProcessDataMsg &rArr; smSendFailAndEnd &rArr; smSendSMMsg &rArr; L2CAP_SendData &rArr; l2capEncapSendData &rArr; l2capPktToSegmentBuff &rArr; L2CAP_Fragment_bm_alloc
</UL>
<BR>[Calls]<UL><LI><a href="#[261]">&gt;&gt;</a>&nbsp;&nbsp;&nbsp;osal_bm_free (via Veneer)
<LI><a href="#[305]">&gt;&gt;</a>&nbsp;&nbsp;&nbsp;smProcessRandComplete
<LI><a href="#[304]">&gt;&gt;</a>&nbsp;&nbsp;&nbsp;smProcessEncryptChange
<LI><a href="#[2f7]">&gt;&gt;</a>&nbsp;&nbsp;&nbsp;smProcessDataMsg
</UL>
<BR>[Called By]<UL><LI><a href="#[2c]">&gt;&gt;</a>&nbsp;&nbsp;&nbsp;SM_ProcessEvent
</UL>

<P><STRONG><a name="[71]"></a>l2capHandleTimerCB</STRONG> (Thumb, 40 bytes, Stack size 24 bytes, l2cap_util.o(i.l2capHandleTimerCB))
<BR><BR>[Stack]<UL><LI>Max Depth = 64<LI>Call Chain = l2capHandleTimerCB &rArr; l2capNotifySignal
</UL>
<BR>[Calls]<UL><LI><a href="#[2c9]">&gt;&gt;</a>&nbsp;&nbsp;&nbsp;l2capNotifySignal
</UL>
<BR>[Address Reference Count : 1]<UL><LI> l2cap_util.o(i.l2capSendReq)
</UL>
<P><STRONG><a name="[2c1]"></a>generate_subkey</STRONG> (Thumb, 148 bytes, Stack size 32 bytes, sm_mgr.o(i.generate_subkey))
<BR><BR>[Stack]<UL><LI>Max Depth = 44<LI>Call Chain = generate_subkey &rArr; xor_128
</UL>
<BR>[Calls]<UL><LI><a href="#[102]">&gt;&gt;</a>&nbsp;&nbsp;&nbsp;osal_memset (via Veneer)
<LI><a href="#[134]">&gt;&gt;</a>&nbsp;&nbsp;&nbsp;osal_mem_free (via Veneer)
<LI><a href="#[13c]">&gt;&gt;</a>&nbsp;&nbsp;&nbsp;osal_mem_alloc (via Veneer)
<LI><a href="#[2c4]">&gt;&gt;</a>&nbsp;&nbsp;&nbsp;xor_128
<LI><a href="#[2c2]">&gt;&gt;</a>&nbsp;&nbsp;&nbsp;smEncryptLocal
<LI><a href="#[2c3]">&gt;&gt;</a>&nbsp;&nbsp;&nbsp;leftshift_onebit
</UL>
<BR>[Called By]<UL><LI><a href="#[26d]">&gt;&gt;</a>&nbsp;&nbsp;&nbsp;sm_CMAC
</UL>

<P><STRONG><a name="[2c3]"></a>leftshift_onebit</STRONG> (Thumb, 28 bytes, Stack size 8 bytes, sm_mgr.o(i.leftshift_onebit))
<BR><BR>[Stack]<UL><LI>Max Depth = 8<LI>Call Chain = leftshift_onebit
</UL>
<BR>[Called By]<UL><LI><a href="#[2c1]">&gt;&gt;</a>&nbsp;&nbsp;&nbsp;generate_subkey
</UL>

<P><STRONG><a name="[2ea]"></a>smEncrypt</STRONG> (Thumb, 16 bytes, Stack size 8 bytes, sm_mgr.o(i.smEncrypt))
<BR><BR>[Stack]<UL><LI>Max Depth = 8<LI>Call Chain = smEncrypt
</UL>
<BR>[Calls]<UL><LI><a href="#[2eb]">&gt;&gt;</a>&nbsp;&nbsp;&nbsp;LL_Encrypt (via Veneer)
</UL>
<BR>[Called By]<UL><LI><a href="#[30e]">&gt;&gt;</a>&nbsp;&nbsp;&nbsp;sm_c1new
<LI><a href="#[269]">&gt;&gt;</a>&nbsp;&nbsp;&nbsp;sm_ah
<LI><a href="#[307]">&gt;&gt;</a>&nbsp;&nbsp;&nbsp;sm_s1
</UL>

<P><STRONG><a name="[2c2]"></a>smEncryptLocal</STRONG> (Thumb, 8 bytes, Stack size 8 bytes, sm_mgr.o(i.smEncryptLocal))
<BR><BR>[Stack]<UL><LI>Max Depth = 8<LI>Call Chain = smEncryptLocal
</UL>
<BR>[Calls]<UL><LI><a href="#[2eb]">&gt;&gt;</a>&nbsp;&nbsp;&nbsp;LL_Encrypt (via Veneer)
</UL>
<BR>[Called By]<UL><LI><a href="#[26d]">&gt;&gt;</a>&nbsp;&nbsp;&nbsp;sm_CMAC
<LI><a href="#[2c1]">&gt;&gt;</a>&nbsp;&nbsp;&nbsp;generate_subkey
</UL>

<P><STRONG><a name="[26d]"></a>sm_CMAC</STRONG> (Thumb, 340 bytes, Stack size 64 bytes, sm_mgr.o(i.sm_CMAC))
<BR><BR>[Stack]<UL><LI>Max Depth = 108<LI>Call Chain = sm_CMAC &rArr; generate_subkey &rArr; xor_128
</UL>
<BR>[Calls]<UL><LI><a href="#[102]">&gt;&gt;</a>&nbsp;&nbsp;&nbsp;osal_memset (via Veneer)
<LI><a href="#[118]">&gt;&gt;</a>&nbsp;&nbsp;&nbsp;osal_memcpy (via Veneer)
<LI><a href="#[134]">&gt;&gt;</a>&nbsp;&nbsp;&nbsp;osal_mem_free (via Veneer)
<LI><a href="#[13c]">&gt;&gt;</a>&nbsp;&nbsp;&nbsp;osal_mem_alloc (via Veneer)
<LI><a href="#[2c4]">&gt;&gt;</a>&nbsp;&nbsp;&nbsp;xor_128
<LI><a href="#[2c2]">&gt;&gt;</a>&nbsp;&nbsp;&nbsp;smEncryptLocal
<LI><a href="#[2c1]">&gt;&gt;</a>&nbsp;&nbsp;&nbsp;generate_subkey
</UL>
<BR>[Called By]<UL><LI><a href="#[1cb]">&gt;&gt;</a>&nbsp;&nbsp;&nbsp;SM_VerifyAuthenSig
<LI><a href="#[26a]">&gt;&gt;</a>&nbsp;&nbsp;&nbsp;SM_GenerateAuthenSig
</UL>

<P><STRONG><a name="[30f]"></a>sm_xor</STRONG> (Thumb, 26 bytes, Stack size 8 bytes, sm_mgr.o(i.sm_xor))
<BR><BR>[Stack]<UL><LI>Max Depth = 8<LI>Call Chain = sm_xor
</UL>
<BR>[Called By]<UL><LI><a href="#[30e]">&gt;&gt;</a>&nbsp;&nbsp;&nbsp;sm_c1new
</UL>

<P><STRONG><a name="[2c4]"></a>xor_128</STRONG> (Thumb, 22 bytes, Stack size 12 bytes, sm_mgr.o(i.xor_128))
<BR><BR>[Stack]<UL><LI>Max Depth = 12<LI>Call Chain = xor_128
</UL>
<BR>[Called By]<UL><LI><a href="#[26d]">&gt;&gt;</a>&nbsp;&nbsp;&nbsp;sm_CMAC
<LI><a href="#[2c1]">&gt;&gt;</a>&nbsp;&nbsp;&nbsp;generate_subkey
</UL>

<P><STRONG><a name="[275]"></a>smFreePairingParams</STRONG> (Thumb, 102 bytes, Stack size 16 bytes, sm_pairing.o(i.smFreePairingParams))
<BR><BR>[Stack]<UL><LI>Max Depth = 32<LI>Call Chain = smFreePairingParams &rArr; smStopRspTimer
</UL>
<BR>[Calls]<UL><LI><a href="#[134]">&gt;&gt;</a>&nbsp;&nbsp;&nbsp;osal_mem_free (via Veneer)
<LI><a href="#[2ed]">&gt;&gt;</a>&nbsp;&nbsp;&nbsp;smStopRspTimer
</UL>
<BR>[Called By]<UL><LI><a href="#[6e]">&gt;&gt;</a>&nbsp;&nbsp;&nbsp;smLinkCheck
<LI><a href="#[2ec]">&gt;&gt;</a>&nbsp;&nbsp;&nbsp;smEndPairing
<LI><a href="#[209]">&gt;&gt;</a>&nbsp;&nbsp;&nbsp;SM_StartPairing
</UL>

<P><STRONG><a name="[2ee]"></a>smSetPairingReqRsp</STRONG> (Thumb, 60 bytes, Stack size 16 bytes, sm_pairing.o(i.smSetPairingReqRsp))
<BR><BR>[Stack]<UL><LI>Max Depth = 24<LI>Call Chain = smSetPairingReqRsp &rArr; smUint8ToAuthReq
</UL>
<BR>[Calls]<UL><LI><a href="#[102]">&gt;&gt;</a>&nbsp;&nbsp;&nbsp;osal_memset (via Veneer)
<LI><a href="#[224]">&gt;&gt;</a>&nbsp;&nbsp;&nbsp;smUint8ToAuthReq
</UL>
<BR>[Called By]<UL><LI><a href="#[270]">&gt;&gt;</a>&nbsp;&nbsp;&nbsp;sm_c1
<LI><a href="#[274]">&gt;&gt;</a>&nbsp;&nbsp;&nbsp;smGeneratePairingReqRsp
</UL>

<P><STRONG><a name="[302]"></a>smpProcessIncoming</STRONG> (Thumb, 72 bytes, Stack size 16 bytes, sm_pairing.o(i.smpProcessIncoming))
<BR><BR>[Stack]<UL><LI>Max Depth = 28<LI>Call Chain = smpProcessIncoming &rArr; linkDB_Find
</UL>
<BR>[Calls]<UL><LI><a href="#[1e5]">&gt;&gt;</a>&nbsp;&nbsp;&nbsp;linkDB_Find
</UL>
<BR>[Called By]<UL><LI><a href="#[2f7]">&gt;&gt;</a>&nbsp;&nbsp;&nbsp;smProcessDataMsg
</UL>

<P><STRONG><a name="[da]"></a>_printf_core</STRONG> (Thumb, 456 bytes, Stack size 88 bytes, printf3.o(i._printf_core), UNUSED)
<BR><BR>[Calls]<UL><LI><a href="#[d7]">&gt;&gt;</a>&nbsp;&nbsp;&nbsp;__aeabi_uidivmod (via Veneer)
</UL>
<BR>[Called By]<UL><LI><a href="#[d9]">&gt;&gt;</a>&nbsp;&nbsp;&nbsp;__0sprintf$3
</UL>

<P><STRONG><a name="[21]"></a>_sputc</STRONG> (Thumb, 10 bytes, Stack size 0 bytes, printf3.o(i._sputc))
<BR><BR>[Called By]<UL><LI><a href="#[d9]">&gt;&gt;</a>&nbsp;&nbsp;&nbsp;__0sprintf$3
</UL>
<BR>[Address Reference Count : 1]<UL><LI> printf3.o(i.__0sprintf$3)
</UL><P>
<H3>
Undefined Global Symbols
</H3>
<P><STRONG><a name="[9f]"></a>__arm_fini_</STRONG> (Unknown, 0 bytes, Stack size 0 bytes, UNDEFINED)
<BR><BR>[Called By]<UL><LI><a href="#[9e]">&gt;&gt;</a>&nbsp;&nbsp;&nbsp;__rt_lib_shutdown_fini
</UL>
<HR></body></html>
